Archive member included because of file (symbol)

c:/altera/12.1/nios2eds/bin/gnu/h-i686-mingw32/bin/../lib/gcc/nios2-elf/4.1.2/../../../../nios2-elf/lib\libc.a(lib_a-printf.o)
                              obj/default/producer.o (printf)
c:/altera/12.1/nios2eds/bin/gnu/h-i686-mingw32/bin/../lib/gcc/nios2-elf/4.1.2/../../../../nios2-elf/lib\libc.a(lib_a-puts.o)
                              obj/default/producer.o (puts)
c:/altera/12.1/nios2eds/bin/gnu/h-i686-mingw32/bin/../lib/gcc/nios2-elf/4.1.2/../../../../nios2-elf/lib\libc.a(lib_a-strlen.o)
                              c:/altera/12.1/nios2eds/bin/gnu/h-i686-mingw32/bin/../lib/gcc/nios2-elf/4.1.2/../../../../nios2-elf/lib\libc.a(lib_a-puts.o) (strlen)
c:/altera/12.1/nios2eds/bin/gnu/h-i686-mingw32/bin/../lib/gcc/nios2-elf/4.1.2/../../../../nios2-elf/lib\libc.a(lib_a-vfprintf.o)
                              c:/altera/12.1/nios2eds/bin/gnu/h-i686-mingw32/bin/../lib/gcc/nios2-elf/4.1.2/../../../../nios2-elf/lib\libc.a(lib_a-printf.o) (___vfprintf_internal_r)
c:/altera/12.1/nios2eds/bin/gnu/h-i686-mingw32/bin/../lib/gcc/nios2-elf/4.1.2/../../../../nios2-elf/lib\libc.a(lib_a-wsetup.o)
                              c:/altera/12.1/nios2eds/bin/gnu/h-i686-mingw32/bin/../lib/gcc/nios2-elf/4.1.2/../../../../nios2-elf/lib\libc.a(lib_a-vfprintf.o) (__swsetup_r)
c:/altera/12.1/nios2eds/bin/gnu/h-i686-mingw32/bin/../lib/gcc/nios2-elf/4.1.2/../../../../nios2-elf/lib\libc.a(lib_a-dtoa.o)
                              c:/altera/12.1/nios2eds/bin/gnu/h-i686-mingw32/bin/../lib/gcc/nios2-elf/4.1.2/../../../../nios2-elf/lib\libc.a(lib_a-vfprintf.o) (_dtoa_r)
c:/altera/12.1/nios2eds/bin/gnu/h-i686-mingw32/bin/../lib/gcc/nios2-elf/4.1.2/../../../../nios2-elf/lib\libc.a(lib_a-fflush.o)
                              c:/altera/12.1/nios2eds/bin/gnu/h-i686-mingw32/bin/../lib/gcc/nios2-elf/4.1.2/../../../../nios2-elf/lib\libc.a(lib_a-vfprintf.o) (_fflush_r)
c:/altera/12.1/nios2eds/bin/gnu/h-i686-mingw32/bin/../lib/gcc/nios2-elf/4.1.2/../../../../nios2-elf/lib\libc.a(lib_a-findfp.o)
                              c:/altera/12.1/nios2eds/bin/gnu/h-i686-mingw32/bin/../lib/gcc/nios2-elf/4.1.2/../../../../nios2-elf/lib\libc.a(lib_a-vfprintf.o) (__sinit)
c:/altera/12.1/nios2eds/bin/gnu/h-i686-mingw32/bin/../lib/gcc/nios2-elf/4.1.2/../../../../nios2-elf/lib\libc.a(lib_a-freer.o)
                              c:/altera/12.1/nios2eds/bin/gnu/h-i686-mingw32/bin/../lib/gcc/nios2-elf/4.1.2/../../../../nios2-elf/lib\libc.a(lib_a-wsetup.o) (_free_r)
c:/altera/12.1/nios2eds/bin/gnu/h-i686-mingw32/bin/../lib/gcc/nios2-elf/4.1.2/../../../../nios2-elf/lib\libc.a(lib_a-fvwrite.o)
                              c:/altera/12.1/nios2eds/bin/gnu/h-i686-mingw32/bin/../lib/gcc/nios2-elf/4.1.2/../../../../nios2-elf/lib\libc.a(lib_a-puts.o) (__sfvwrite_r)
c:/altera/12.1/nios2eds/bin/gnu/h-i686-mingw32/bin/../lib/gcc/nios2-elf/4.1.2/../../../../nios2-elf/lib\libc.a(lib_a-fwalk.o)
                              c:/altera/12.1/nios2eds/bin/gnu/h-i686-mingw32/bin/../lib/gcc/nios2-elf/4.1.2/../../../../nios2-elf/lib\libc.a(lib_a-fflush.o) (_fwalk_reent)
c:/altera/12.1/nios2eds/bin/gnu/h-i686-mingw32/bin/../lib/gcc/nios2-elf/4.1.2/../../../../nios2-elf/lib\libc.a(lib_a-impure.o)
                              c:/altera/12.1/nios2eds/bin/gnu/h-i686-mingw32/bin/../lib/gcc/nios2-elf/4.1.2/../../../../nios2-elf/lib\libc.a(lib_a-printf.o) (_impure_ptr)
c:/altera/12.1/nios2eds/bin/gnu/h-i686-mingw32/bin/../lib/gcc/nios2-elf/4.1.2/../../../../nios2-elf/lib\libc.a(lib_a-locale.o)
                              c:/altera/12.1/nios2eds/bin/gnu/h-i686-mingw32/bin/../lib/gcc/nios2-elf/4.1.2/../../../../nios2-elf/lib\libc.a(lib_a-vfprintf.o) (_localeconv_r)
c:/altera/12.1/nios2eds/bin/gnu/h-i686-mingw32/bin/../lib/gcc/nios2-elf/4.1.2/../../../../nios2-elf/lib\libc.a(lib_a-makebuf.o)
                              c:/altera/12.1/nios2eds/bin/gnu/h-i686-mingw32/bin/../lib/gcc/nios2-elf/4.1.2/../../../../nios2-elf/lib\libc.a(lib_a-wsetup.o) (__smakebuf_r)
c:/altera/12.1/nios2eds/bin/gnu/h-i686-mingw32/bin/../lib/gcc/nios2-elf/4.1.2/../../../../nios2-elf/lib\libc.a(lib_a-mallocr.o)
                              c:/altera/12.1/nios2eds/bin/gnu/h-i686-mingw32/bin/../lib/gcc/nios2-elf/4.1.2/../../../../nios2-elf/lib\libc.a(lib_a-findfp.o) (_malloc_r)
c:/altera/12.1/nios2eds/bin/gnu/h-i686-mingw32/bin/../lib/gcc/nios2-elf/4.1.2/../../../../nios2-elf/lib\libc.a(lib_a-memchr.o)
                              c:/altera/12.1/nios2eds/bin/gnu/h-i686-mingw32/bin/../lib/gcc/nios2-elf/4.1.2/../../../../nios2-elf/lib\libc.a(lib_a-vfprintf.o) (memchr)
c:/altera/12.1/nios2eds/bin/gnu/h-i686-mingw32/bin/../lib/gcc/nios2-elf/4.1.2/../../../../nios2-elf/lib\libc.a(lib_a-memcpy.o)
                              c:/altera/12.1/nios2eds/bin/gnu/h-i686-mingw32/bin/../lib/gcc/nios2-elf/4.1.2/../../../../nios2-elf/lib\libc.a(lib_a-dtoa.o) (memcpy)
[...]
Memory Configuration

Name             Origin             Length             Attributes
reset            0x00020000         0x00000020
onchip_instruction_memory1 0x00020020         0x00017fe0
onchip_data_memory 0x00068000         0x00008000
*default*        0x00000000         0xffffffff

Linker script and memory map

LOAD ../Producer_bsp//obj/HAL/src/crt0.o
LOAD obj/default/FIFO_1.o
LOAD obj/default/producer.o
LOAD c:/altera/12.1/nios2eds/bin/gnu/h-i686-mingw32/bin/../lib/gcc/nios2-elf/4.1.2/../../../../nios2-elf/lib\libstdc++.a
LOAD c:/altera/12.1/nios2eds/bin/gnu/h-i686-mingw32/bin/../lib/gcc/nios2-elf/4.1.2/../../../../nios2-elf/lib\libm.a
LOAD c:/altera/12.1/nios2eds/bin/gnu/h-i686-mingw32/bin/../lib/gcc/nios2-elf/4.1.2\libgcc.a
START GROUP
LOAD c:/altera/12.1/nios2eds/bin/gnu/h-i686-mingw32/bin/../lib/gcc/nios2-elf/4.1.2/../../../../nios2-elf/lib\libc.a
LOAD c:/altera/12.1/nios2eds/bin/gnu/h-i686-mingw32/bin/../lib/gcc/nios2-elf/4.1.2\libgcc.a
LOAD ../Producer_bsp/\libhal_bsp.a
END GROUP
LOAD c:/altera/12.1/nios2eds/bin/gnu/h-i686-mingw32/bin/../lib/gcc/nios2-elf/4.1.2\libgcc.a
                0x00020000                __alt_mem_onchip_instruction_memory1 = 0x20000
                0x00060000                __alt_mem_onchip_data_memory = 0x60000

.entry          0x00020000       0x20
 *(.entry)
 .entry         0x00020000       0x20 ../Producer_bsp//obj/HAL/src/crt0.o
                0x00020000                __reset

.exceptions     0x00020020      0x194
                0x00020020                PROVIDE (__ram_exceptions_start, ABSOLUTE (.))
                0x00020020                . = ALIGN (0x20)
 *(.irq)
 *(.exceptions.entry.label)
 .exceptions.entry.label
                0x00020020        0x0 ../Producer_bsp/\libhal_bsp.a(alt_irq_entry.o)
                0x00020020                alt_irq_entry
 .exceptions.entry.label
                0x00020020        0x0 ../Producer_bsp/\libhal_bsp.a(alt_exception_entry.o)
                0x00020020                alt_exception
 *(.exceptions.entry.user)
 *(.exceptions.entry)
 .exceptions.entry
                0x00020020       0x54 ../Producer_bsp/\libhal_bsp.a(alt_exception_entry.o)
 *(.exceptions.irqtest.user)
 *(.exceptions.irqtest)
 .exceptions.irqtest
                0x00020074       0x10 ../Producer_bsp/\libhal_bsp.a(alt_irq_entry.o)
 *(.exceptions.irqhandler.user)
 *(.exceptions.irqhandler)
 .exceptions.irqhandler
                0x00020084        0x4 ../Producer_bsp/\libhal_bsp.a(alt_irq_entry.o)
 *(.exceptions.irqreturn.user)
 *(.exceptions.irqreturn)
 .exceptions.irqreturn
                0x00020088        0x4 ../Producer_bsp/\libhal_bsp.a(alt_irq_entry.o)
 *(.exceptions.notirq.label)
 .exceptions.notirq.label
                0x0002008c        0x0 ../Producer_bsp/\libhal_bsp.a(alt_irq_entry.o)
 *(.exceptions.notirq.user)
 *(.exceptions.notirq)
 .exceptions.notirq
                0x0002008c        0x8 ../Producer_bsp/\libhal_bsp.a(alt_exception_entry.o)
 *(.exceptions.soft.user)
 *(.exceptions.soft)
 *(.exceptions.unknown.user)
 *(.exceptions.unknown)
 .exceptions.unknown
                0x00020094        0x4 ../Producer_bsp/\libhal_bsp.a(alt_exception_entry.o)
 *(.exceptions.exit.label)
 .exceptions.exit.label
                0x00020098        0x0 ../Producer_bsp/\libhal_bsp.a(alt_irq_entry.o)
 .exceptions.exit.label
                0x00020098        0x0 ../Producer_bsp/\libhal_bsp.a(alt_exception_entry.o)
 *(.exceptions.exit.user)
 *(.exceptions.exit)
 .exceptions.exit
                0x00020098       0x54 ../Producer_bsp/\libhal_bsp.a(alt_exception_entry.o)
 *(.exceptions)
 .exceptions    0x000200ec       0xc8 ../Producer_bsp/\libhal_bsp.a(alt_irq_handler.o)
                0x000200ec                alt_irq_handler
                0x000201b4                PROVIDE (__ram_exceptions_end, ABSOLUTE (.))
                0x00020020                PROVIDE (__flash_exceptions_start, LOADADDR (.exceptions))

.text           0x000201b4     0xc5c4
                0x000201b4                PROVIDE (stext, ABSOLUTE (.))
 *(.interp)
 *(.hash)
 *(.dynsym)
 *(.dynstr)
 *(.gnu.version)
 *(.gnu.version_d)
 *(.gnu.version_r)
 *(.rel.init)
 *(.rela.init)
 *(.rel.text .rel.text.* .rel.gnu.linkonce.t.*)
 *(.rela.text .rela.text.* .rela.gnu.linkonce.t.*)
 *(.rel.fini)
 *(.rela.fini)
 *(.rel.rodata .rel.rodata.* .rel.gnu.linkonce.r.*)
 *(.rela.rodata .rela.rodata.* .rela.gnu.linkonce.r.*)
 *(.rel.data .rel.data.* .rel.gnu.linkonce.d.*)
 *(.rela.data .rela.data.* .rela.gnu.linkonce.d.*)
 *(.rel.tdata .rel.tdata.* .rel.gnu.linkonce.td.*)
 *(.rela.tdata .rela.tdata.* .rela.gnu.linkonce.td.*)
 *(.rel.tbss .rel.tbss.* .rel.gnu.linkonce.tb.*)
 *(.rela.tbss .rela.tbss.* .rela.gnu.linkonce.tb.*)
 *(.rel.ctors)
 *(.rela.ctors)
 *(.rel.dtors)
 *(.rela.dtors)
 *(.rel.got)
 *(.rela.got)
 *(.rel.sdata .rel.sdata.* .rel.gnu.linkonce.s.*)
 *(.rela.sdata .rela.sdata.* .rela.gnu.linkonce.s.*)
 *(.rel.sbss .rel.sbss.* .rel.gnu.linkonce.sb.*)
 *(.rela.sbss .rela.sbss.* .rela.gnu.linkonce.sb.*)
 *(.rel.sdata2 .rel.sdata2.* .rel.gnu.linkonce.s2.*)
 *(.rela.sdata2 .rela.sdata2.* .rela.gnu.linkonce.s2.*)
 *(.rel.sbss2 .rel.sbss2.* .rel.gnu.linkonce.sb2.*)
 *(.rela.sbss2 .rela.sbss2.* .rela.gnu.linkonce.sb2.*)
 *(.rel.bss .rel.bss.* .rel.gnu.linkonce.b.*)
 *(.rela.bss .rela.bss.* .rela.gnu.linkonce.b.*)
 *(.rel.plt)
 *(.rela.plt)
 *(.rel.dyn)
 *(.init)
 *(.plt)
 *(.text .stub .text.* .gnu.linkonce.t.*)
 .text          0x000201b4       0x3c ../Producer_bsp//obj/HAL/src/crt0.o
                0x000201b4                _start
 .text          0x000201f0      0x2e8 obj/default/FIFO_1.o
                0x000201f0                WRITE_FIFO_1
                0x00020324                READ_FIFO_1
                0x00020454                FIFO_1_INIT
 .text          0x000204d8       0xf4 obj/default/producer.o
                0x000204d8                main
                0x000204f0                producer
                0x00020588                delay
 .text          0x000205cc       0x78 c:/altera/12.1/nios2eds/bin/gnu/h-i686-mingw32/bin/../lib/gcc/nios2-elf/4.1.2/../../../../nios2-elf/lib\libc.a(lib_a-printf.o)
                0x000205cc                printf
                0x00020610                _printf_r
 .text          0x00020644       0xb4 c:/altera/12.1/nios2eds/bin/gnu/h-i686-mingw32/bin/../lib/gcc/nios2-elf/4.1.2/../../../../nios2-elf/lib\libc.a(lib_a-puts.o)
                0x00020644                _puts_r
                0x000206e4                puts
 .text          0x000206f8       0x74 c:/altera/12.1/nios2eds/bin/gnu/h-i686-mingw32/bin/../lib/gcc/nios2-elf/4.1.2/../../../../nios2-elf/lib\libc.a(lib_a-strlen.o)
                0x000206f8                strlen
 .text          0x0002076c     0x1f28 c:/altera/12.1/nios2eds/bin/gnu/h-i686-mingw32/bin/../lib/gcc/nios2-elf/4.1.2/../../../../nios2-elf/lib\libc.a(lib_a-vfprintf.o)
                0x000207c4                ___vfprintf_internal_r
                0x00022670                __vfprintf_internal
 .text          0x00022694      0x13c c:/altera/12.1/nios2eds/bin/gnu/h-i686-mingw32/bin/../lib/gcc/nios2-elf/4.1.2/../../../../nios2-elf/lib\libc.a(lib_a-wsetup.o)
                0x00022694                __swsetup_r
 .text          0x000227d0     0x17cc c:/altera/12.1/nios2eds/bin/gnu/h-i686-mingw32/bin/../lib/gcc/nios2-elf/4.1.2/../../../../nios2-elf/lib\libc.a(lib_a-dtoa.o)
                0x000229e8                _dtoa_r
 .text          0x00023f9c      0x230 c:/altera/12.1/nios2eds/bin/gnu/h-i686-mingw32/bin/../lib/gcc/nios2-elf/4.1.2/../../../../nios2-elf/lib\libc.a(lib_a-fflush.o)
                0x00023f9c                _fflush_r
                0x00024198                fflush
 .text          0x000241cc      0x2c0 c:/altera/12.1/nios2eds/bin/gnu/h-i686-mingw32/bin/../lib/gcc/nios2-elf/4.1.2/../../../../nios2-elf/lib\libc.a(lib_a-findfp.o)
                0x00024224                __sfp_lock_acquire
                0x00024228                __sfp_lock_release
                0x0002422c                __sinit_lock_acquire
                0x00024230                __sinit_lock_release
                0x00024234                __sinit
                0x000242e8                __fp_unlock_all
                0x00024300                __fp_lock_all
                0x00024318                _cleanup_r
                0x00024324                _cleanup
                0x00024334                __sfmoreglue
                0x0002439c                __sfp
 .text          0x0002448c      0x440 c:/altera/12.1/nios2eds/bin/gnu/h-i686-mingw32/bin/../lib/gcc/nios2-elf/4.1.2/../../../../nios2-elf/lib\libc.a(lib_a-freer.o)
                0x0002448c                _malloc_trim_r
                0x000245b8                _free_r
 .text          0x000248cc      0x49c c:/altera/12.1/nios2eds/bin/gnu/h-i686-mingw32/bin/../lib/gcc/nios2-elf/4.1.2/../../../../nios2-elf/lib\libc.a(lib_a-fvwrite.o)
                0x000248cc                __sfvwrite_r
 .text          0x00024d68      0x180 c:/altera/12.1/nios2eds/bin/gnu/h-i686-mingw32/bin/../lib/gcc/nios2-elf/4.1.2/../../../../nios2-elf/lib\libc.a(lib_a-fwalk.o)
                0x00024d68                _fwalk_reent
                0x00024e30                _fwalk
 .text          0x00024ee8        0x0 c:/altera/12.1/nios2eds/bin/gnu/h-i686-mingw32/bin/../lib/gcc/nios2-elf/4.1.2/../../../../nios2-elf/lib\libc.a(lib_a-impure.o)
 .text          0x00024ee8       0xc4 c:/altera/12.1/nios2eds/bin/gnu/h-i686-mingw32/bin/../lib/gcc/nios2-elf/4.1.2/../../../../nios2-elf/lib\libc.a(lib_a-locale.o)
                0x00024ee8                __locale_charset
                0x00024ef0                _localeconv_r
                0x00024efc                localeconv
                0x00024f0c                _setlocale_r
                0x00024f90                setlocale
 .text          0x00024fac      0x194 c:/altera/12.1/nios2eds/bin/gnu/h-i686-mingw32/bin/../lib/gcc/nios2-elf/4.1.2/../../../../nios2-elf/lib\libc.a(lib_a-makebuf.o)
                0x00024fac                __smakebuf_r
 .text          0x00025140      0x740 c:/altera/12.1/nios2eds/bin/gnu/h-i686-mingw32/bin/../lib/gcc/nios2-elf/4.1.2/../../../../nios2-elf/lib\libc.a(lib_a-mallocr.o)
                0x00025140                _malloc_r
 .text          0x00025880       0xe4 c:/altera/12.1/nios2eds/bin/gnu/h-i686-mingw32/bin/../lib/gcc/nios2-elf/4.1.2/../../../../nios2-elf/lib\libc.a(lib_a-memchr.o)
                0x00025880                memchr
 .text          0x00025964       0xa0 c:/altera/12.1/nios2eds/bin/gnu/h-i686-mingw32/bin/../lib/gcc/nios2-elf/4.1.2/../../../../nios2-elf/lib\libc.a(lib_a-memcpy.o)
                0x00025964                memcpy
 .text          0x00025a04       0xe0 c:/altera/12.1/nios2eds/bin/gnu/h-i686-mingw32/bin/../lib/gcc/nios2-elf/4.1.2/../../../../nios2-elf/lib\libc.a(lib_a-memmove.o)
                0x00025a04                memmove
 .text          0x00025ae4       0x98 c:/altera/12.1/nios2eds/bin/gnu/h-i686-mingw32/bin/../lib/gcc/nios2-elf/4.1.2/../../../../nios2-elf/lib\libc.a(lib_a-memset.o)
                0x00025ae4                memset
 .text          0x00025b7c      0xff4 c:/altera/12.1/nios2eds/bin/gnu/h-i686-mingw32/bin/../lib/gcc/nios2-elf/4.1.2/../../../../nios2-elf/lib\libc.a(lib_a-mprec.o)
                0x00025b7c                _Bfree
                0x00025ba4                __hi0bits
                0x00025c14                __lo0bits
                0x00025cd8                __mcmp
                0x00025d38                __ulp
                0x00025db8                __b2d
                0x00025ed8                __ratio
                0x00025f88                _mprec_log10
                0x0002601c                __copybits
                0x00026074                __any_on
                0x000260fc                _Balloc
                0x000261b8                __d2b
                0x00026334                __mdiff
                0x000264c0                __lshift
                0x0002660c                __multiply
                0x000267f4                __i2b
                0x00026830                __multadd
                0x00026930                __pow5mult
                0x00026a50                __s2b
 .text          0x00026b70      0x5f4 c:/altera/12.1/nios2eds/bin/gnu/h-i686-mingw32/bin/../lib/gcc/nios2-elf/4.1.2/../../../../nios2-elf/lib\libc.a(lib_a-reallocr.o)
                0x00026b70                _realloc_r
 .text          0x00027164       0x40 c:/altera/12.1/nios2eds/bin/gnu/h-i686-mingw32/bin/../lib/gcc/nios2-elf/4.1.2/../../../../nios2-elf/lib\libc.a(lib_a-s_isinfd.o)
                0x00027164                __isinfd
 .text          0x000271a4       0x30 c:/altera/12.1/nios2eds/bin/gnu/h-i686-mingw32/bin/../lib/gcc/nios2-elf/4.1.2/../../../../nios2-elf/lib\libc.a(lib_a-s_isnand.o)
                0x000271a4                __isnand
 .text          0x000271d4       0x70 c:/altera/12.1/nios2eds/bin/gnu/h-i686-mingw32/bin/../lib/gcc/nios2-elf/4.1.2/../../../../nios2-elf/lib\libc.a(lib_a-sbrkr.o)
                0x000271d4                _sbrk_r
 .text          0x00027244      0x14c c:/altera/12.1/nios2eds/bin/gnu/h-i686-mingw32/bin/../lib/gcc/nios2-elf/4.1.2/../../../../nios2-elf/lib\libc.a(lib_a-stdio.o)
                0x00027244                __sclose
                0x0002724c                __sseek
                0x000272b4                __swrite
                0x00027330                __sread
 .text          0x00027390       0xbc c:/altera/12.1/nios2eds/bin/gnu/h-i686-mingw32/bin/../lib/gcc/nios2-elf/4.1.2/../../../../nios2-elf/lib\libc.a(lib_a-strcmp.o)
                0x00027390                strcmp
 .text          0x0002744c       0x78 c:/altera/12.1/nios2eds/bin/gnu/h-i686-mingw32/bin/../lib/gcc/nios2-elf/4.1.2/../../../../nios2-elf/lib\libc.a(lib_a-writer.o)
                0x0002744c                _write_r
 .text          0x000274c4       0xb4 c:/altera/12.1/nios2eds/bin/gnu/h-i686-mingw32/bin/../lib/gcc/nios2-elf/4.1.2/../../../../nios2-elf/lib\libc.a(lib_a-callocr.o)
                0x000274c4                _calloc_r
 .text          0x00027578       0x70 c:/altera/12.1/nios2eds/bin/gnu/h-i686-mingw32/bin/../lib/gcc/nios2-elf/4.1.2/../../../../nios2-elf/lib\libc.a(lib_a-closer.o)
                0x00027578                _close_r
 .text          0x000275e8      0x124 c:/altera/12.1/nios2eds/bin/gnu/h-i686-mingw32/bin/../lib/gcc/nios2-elf/4.1.2/../../../../nios2-elf/lib\libc.a(lib_a-fclose.o)
                0x000275e8                _fclose_r
                0x000276f8                fclose
 .text          0x0002770c       0x74 c:/altera/12.1/nios2eds/bin/gnu/h-i686-mingw32/bin/../lib/gcc/nios2-elf/4.1.2/../../../../nios2-elf/lib\libc.a(lib_a-fstatr.o)
                0x0002770c                _fstat_r
 .text          0x00027780        0x0 c:/altera/12.1/nios2eds/bin/gnu/h-i686-mingw32/bin/../lib/gcc/nios2-elf/4.1.2/../../../../nios2-elf/lib\libc.a(lib_a-int_errno.o)
 .text          0x00027780       0x70 c:/altera/12.1/nios2eds/bin/gnu/h-i686-mingw32/bin/../lib/gcc/nios2-elf/4.1.2/../../../../nios2-elf/lib\libc.a(lib_a-isattyr.o)
                0x00027780                _isatty_r
 .text          0x000277f0       0x78 c:/altera/12.1/nios2eds/bin/gnu/h-i686-mingw32/bin/../lib/gcc/nios2-elf/4.1.2/../../../../nios2-elf/lib\libc.a(lib_a-lseekr.o)
                0x000277f0                _lseek_r
 .text          0x00027868       0x78 c:/altera/12.1/nios2eds/bin/gnu/h-i686-mingw32/bin/../lib/gcc/nios2-elf/4.1.2/../../../../nios2-elf/lib\libc.a(lib_a-readr.o)
                0x00027868                _read_r
 .text          0x000278e0      0x5dc c:/altera/12.1/nios2eds/bin/gnu/h-i686-mingw32/bin/../lib/gcc/nios2-elf/4.1.2\libgcc.a(_udivdi3.o)
                0x000278e0                __udivdi3
 .text          0x00027ebc      0x5b0 c:/altera/12.1/nios2eds/bin/gnu/h-i686-mingw32/bin/../lib/gcc/nios2-elf/4.1.2\libgcc.a(_umoddi3.o)
                0x00027ebc                __umoddi3
 .text          0x0002846c      0x504 c:/altera/12.1/nios2eds/bin/gnu/h-i686-mingw32/bin/../lib/gcc/nios2-elf/4.1.2\libgcc.a(_addsub_df.o)
                0x0002887c                __subdf3
                0x000288fc                __adddf3
 .text          0x00028970      0x3c4 c:/altera/12.1/nios2eds/bin/gnu/h-i686-mingw32/bin/../lib/gcc/nios2-elf/4.1.2\libgcc.a(_mul_df.o)
                0x00028970                __muldf3
 .text          0x00028d34      0x258 c:/altera/12.1/nios2eds/bin/gnu/h-i686-mingw32/bin/../lib/gcc/nios2-elf/4.1.2\libgcc.a(_div_df.o)
                0x00028d34                __divdf3
 .text          0x00028f8c       0x88 c:/altera/12.1/nios2eds/bin/gnu/h-i686-mingw32/bin/../lib/gcc/nios2-elf/4.1.2\libgcc.a(_eq_df.o)
                0x00028f8c                __eqdf2
 .text          0x00029014       0x88 c:/altera/12.1/nios2eds/bin/gnu/h-i686-mingw32/bin/../lib/gcc/nios2-elf/4.1.2\libgcc.a(_ne_df.o)
                0x00029014                __nedf2
 .text          0x0002909c       0x88 c:/altera/12.1/nios2eds/bin/gnu/h-i686-mingw32/bin/../lib/gcc/nios2-elf/4.1.2\libgcc.a(_gt_df.o)
                0x0002909c                __gtdf2
 .text          0x00029124       0x88 c:/altera/12.1/nios2eds/bin/gnu/h-i686-mingw32/bin/../lib/gcc/nios2-elf/4.1.2\libgcc.a(_ge_df.o)
                0x00029124                __gedf2
 .text          0x000291ac       0x88 c:/altera/12.1/nios2eds/bin/gnu/h-i686-mingw32/bin/../lib/gcc/nios2-elf/4.1.2\libgcc.a(_lt_df.o)
                0x000291ac                __ltdf2
 .text          0x00029234       0xf8 c:/altera/12.1/nios2eds/bin/gnu/h-i686-mingw32/bin/../lib/gcc/nios2-elf/4.1.2\libgcc.a(_si_to_df.o)
                0x00029234                __floatsidf
 .text          0x0002932c       0xd8 c:/altera/12.1/nios2eds/bin/gnu/h-i686-mingw32/bin/../lib/gcc/nios2-elf/4.1.2\libgcc.a(_df_to_si.o)
                0x0002932c                __fixdfsi
 .text          0x00029404        0x0 c:/altera/12.1/nios2eds/bin/gnu/h-i686-mingw32/bin/../lib/gcc/nios2-elf/4.1.2\libgcc.a(_thenan_df.o)
 .text          0x00029404      0x194 c:/altera/12.1/nios2eds/bin/gnu/h-i686-mingw32/bin/../lib/gcc/nios2-elf/4.1.2\libgcc.a(_usi_to_df.o)
                0x00029404                __floatunsidf
 .text          0x00029598      0x14c c:/altera/12.1/nios2eds/bin/gnu/h-i686-mingw32/bin/../lib/gcc/nios2-elf/4.1.2\libgcc.a(lib2-divmod.o)
                0x00029614                __divsi3
                0x00029674                __modsi3
                0x000296d4                __udivsi3
                0x000296dc                __umodsi3
 .text          0x000296e4       0x98 c:/altera/12.1/nios2eds/bin/gnu/h-i686-mingw32/bin/../lib/gcc/nios2-elf/4.1.2\libgcc.a(_muldi3.o)
                0x000296e4                __muldi3
 .text          0x0002977c        0x0 c:/altera/12.1/nios2eds/bin/gnu/h-i686-mingw32/bin/../lib/gcc/nios2-elf/4.1.2\libgcc.a(_clz.o)
 .text          0x0002977c       0x80 c:/altera/12.1/nios2eds/bin/gnu/h-i686-mingw32/bin/../lib/gcc/nios2-elf/4.1.2\libgcc.a(_clzsi2.o)
                0x0002977c                __clzsi2
 .text          0x000297fc      0x314 c:/altera/12.1/nios2eds/bin/gnu/h-i686-mingw32/bin/../lib/gcc/nios2-elf/4.1.2\libgcc.a(_pack_df.o)
                0x000297fc                __pack_d
 .text          0x00029b10      0x138 c:/altera/12.1/nios2eds/bin/gnu/h-i686-mingw32/bin/../lib/gcc/nios2-elf/4.1.2\libgcc.a(_unpack_df.o)
                0x00029b10                __unpack_d
 .text          0x00029c48       0xc8 c:/altera/12.1/nios2eds/bin/gnu/h-i686-mingw32/bin/../lib/gcc/nios2-elf/4.1.2\libgcc.a(_fpcmp_parts_df.o)
                0x00029c48                __fpcmp_parts_d
 .text          0x00029d10      0x15c ../Producer_bsp/\libhal_bsp.a(alt_close.o)
                0x00029d10                close
 .text          0x00029e6c       0x2c ../Producer_bsp/\libhal_bsp.a(alt_dev.o)
 .text          0x00029e98        0x0 ../Producer_bsp/\libhal_bsp.a(alt_errno.o)
 .text          0x00029e98      0x134 ../Producer_bsp/\libhal_bsp.a(alt_fstat.o)
                0x00029e98                fstat
 .text          0x00029fcc      0x120 ../Producer_bsp/\libhal_bsp.a(alt_isatty.o)
                0x00029fcc                isatty
 .text          0x0002a0ec       0xec ../Producer_bsp/\libhal_bsp.a(alt_load.o)
                0x0002a0ec                alt_load
 .text          0x0002a1d8      0x150 ../Producer_bsp/\libhal_bsp.a(alt_lseek.o)
                0x0002a1d8                lseek
 .text          0x0002a328       0x6c ../Producer_bsp/\libhal_bsp.a(alt_main.o)
                0x0002a328                alt_main
 .text          0x0002a394       0x40 ../Producer_bsp/\libhal_bsp.a(alt_malloc_lock.o)
                0x0002a394                __malloc_lock
                0x0002a3b4                __malloc_unlock
 .text          0x0002a3d4      0x180 ../Producer_bsp/\libhal_bsp.a(alt_read.o)
                0x0002a3d4                read
 .text          0x0002a554       0x60 ../Producer_bsp/\libhal_bsp.a(alt_release_fd.o)
                0x0002a554                alt_release_fd
 .text          0x0002a5b4       0xbc ../Producer_bsp/\libhal_bsp.a(alt_sbrk.o)
                0x0002a5b4                sbrk
 .text          0x0002a670      0x180 ../Producer_bsp/\libhal_bsp.a(alt_write.o)
                0x0002a670                write
 .text          0x0002a7f0       0xc8 ../Producer_bsp/\libhal_bsp.a(alt_sys_init.o)
                0x0002a7f0                alt_irq_init
                0x0002a824                alt_sys_init
 .text          0x0002a8b8      0x148 ../Producer_bsp/\libhal_bsp.a(altera_avalon_jtag_uart_fd.o)
                0x0002a8b8                altera_avalon_jtag_uart_read_fd
                0x0002a910                altera_avalon_jtag_uart_write_fd
                0x0002a968                altera_avalon_jtag_uart_close_fd
                0x0002a9b0                altera_avalon_jtag_uart_ioctl_fd
 .text          0x0002aa00      0x40c ../Producer_bsp/\libhal_bsp.a(altera_avalon_jtag_uart_init.o)
                0x0002aa00                altera_avalon_jtag_uart_init
                0x0002ad98                altera_avalon_jtag_uart_close
 .text          0x0002ae0c       0xf4 ../Producer_bsp/\libhal_bsp.a(altera_avalon_jtag_uart_ioctl.o)
                0x0002ae0c                altera_avalon_jtag_uart_ioctl
 .text          0x0002af00      0x224 ../Producer_bsp/\libhal_bsp.a(altera_avalon_jtag_uart_read.o)
                0x0002af00                altera_avalon_jtag_uart_read
 .text          0x0002b124      0x240 ../Producer_bsp/\libhal_bsp.a(altera_avalon_jtag_uart_write.o)
                0x0002b124                altera_avalon_jtag_uart_write
 .text          0x0002b364      0x100 ../Producer_bsp/\libhal_bsp.a(altera_avalon_timer_sc.o)
                0x0002b3d4                alt_avalon_timer_sc_init
 .text          0x0002b464      0x154 ../Producer_bsp/\libhal_bsp.a(alt_alarm_start.o)
                0x0002b464                alt_alarm_start
 .text          0x0002b5b8       0x1c ../Producer_bsp/\libhal_bsp.a(alt_dcache_flush_all.o)
                0x0002b5b8                alt_dcache_flush_all
 .text          0x0002b5d4      0x114 ../Producer_bsp/\libhal_bsp.a(alt_dev_llist_insert.o)
                0x0002b5d4                alt_dev_llist_insert
 .text          0x0002b6e8       0x64 ../Producer_bsp/\libhal_bsp.a(alt_do_ctors.o)
                0x0002b6e8                _do_ctors
 .text          0x0002b74c       0x64 ../Producer_bsp/\libhal_bsp.a(alt_do_dtors.o)
                0x0002b74c                _do_dtors
 .text          0x0002b7b0       0x30 ../Producer_bsp/\libhal_bsp.a(alt_icache_flush_all.o)
                0x0002b7b0                alt_icache_flush_all
 .text          0x0002b7e0      0x1d4 ../Producer_bsp/\libhal_bsp.a(alt_iic.o)
                0x0002b7e0                alt_ic_isr_register
                0x0002b830                alt_ic_irq_enable
                0x0002b8cc                alt_ic_irq_disable
                0x0002b96c                alt_ic_irq_enabled
 .text          0x0002b9b4       0xf8 ../Producer_bsp/\libhal_bsp.a(alt_iic_isr_register.o)
                0x0002b9b4                alt_iic_isr_register
 .text          0x0002baac      0x13c ../Producer_bsp/\libhal_bsp.a(alt_io_redirect.o)
                0x0002bb70                alt_io_redirect
 .text          0x0002bbe8        0x0 ../Producer_bsp/\libhal_bsp.a(alt_irq_entry.o)
 .text          0x0002bbe8        0x0 ../Producer_bsp/\libhal_bsp.a(alt_irq_handler.o)
 .text          0x0002bbe8        0x0 ../Producer_bsp/\libhal_bsp.a(alt_irq_vars.o)
 .text          0x0002bbe8      0x2c4 ../Producer_bsp/\libhal_bsp.a(alt_open.o)
                0x0002bcc4                open
 .text          0x0002beac      0x1a4 ../Producer_bsp/\libhal_bsp.a(alt_tick.o)
                0x0002beac                alt_alarm_stop
                0x0002bf44                alt_tick
 .text          0x0002c050       0x20 ../Producer_bsp/\libhal_bsp.a(altera_nios2_qsys_irq.o)
                0x0002c050                altera_nios2_qsys_irq_init
 .text          0x0002c070        0x0 ../Producer_bsp/\libhal_bsp.a(alt_exception_entry.o)
 .text          0x0002c070       0x94 ../Producer_bsp/\libhal_bsp.a(alt_find_dev.o)
                0x0002c070                alt_find_dev
 .text          0x0002c104      0x120 ../Producer_bsp/\libhal_bsp.a(alt_find_file.o)
                0x0002c104                alt_find_file
 .text          0x0002c224       0xb8 ../Producer_bsp/\libhal_bsp.a(alt_get_fd.o)
                0x0002c224                alt_get_fd
 .text          0x0002c2dc       0x90 ../Producer_bsp/\libhal_bsp.a(alt_icache_flush.o)
                0x0002c2dc                alt_icache_flush
 .text          0x0002c36c       0x14 c:/altera/12.1/nios2eds/bin/gnu/h-i686-mingw32/bin/../lib/gcc/nios2-elf/4.1.2/../../../../nios2-elf/lib\libc.a(lib_a-atexit.o)
                0x0002c36c                atexit
 .text          0x0002c380       0x38 c:/altera/12.1/nios2eds/bin/gnu/h-i686-mingw32/bin/../lib/gcc/nios2-elf/4.1.2/../../../../nios2-elf/lib\libc.a(lib_a-exit.o)
                0x0002c380                exit
 .text          0x0002c3b8       0x74 c:/altera/12.1/nios2eds/bin/gnu/h-i686-mingw32/bin/../lib/gcc/nios2-elf/4.1.2/../../../../nios2-elf/lib\libc.a(lib_a-memcmp.o)
                0x0002c3b8                memcmp
 .text          0x0002c42c      0x134 c:/altera/12.1/nios2eds/bin/gnu/h-i686-mingw32/bin/../lib/gcc/nios2-elf/4.1.2/../../../../nios2-elf/lib\libc.a(lib_a-__atexit.o)
                0x0002c42c                __register_exitproc
 .text          0x0002c560      0x1b4 c:/altera/12.1/nios2eds/bin/gnu/h-i686-mingw32/bin/../lib/gcc/nios2-elf/4.1.2/../../../../nios2-elf/lib\libc.a(lib_a-__call_atexit.o)
                0x0002c564                __call_exitprocs
 .text          0x0002c714       0x60 ../Producer_bsp/\libhal_bsp.a(alt_exit.o)
                0x0002c754                _exit
 *(.gnu.warning.*)
 *(.fini)
                0x0002c774                PROVIDE (__etext, ABSOLUTE (.))
                0x0002c774                PROVIDE (_etext, ABSOLUTE (.))
                0x0002c774                PROVIDE (etext, ABSOLUTE (.))
 *(.eh_frame_hdr)
                0x0002c774                . = ALIGN (0x4)
                0x0002c774                PROVIDE (__preinit_array_start, ABSOLUTE (.))
 *(.preinit_array)
                0x0002c774                PROVIDE (__preinit_array_end, ABSOLUTE (.))
                0x0002c774                PROVIDE (__init_array_start, ABSOLUTE (.))
 *(.init_array)
                0x0002c774                PROVIDE (__init_array_end, ABSOLUTE (.))
                0x0002c774                PROVIDE (__fini_array_start, ABSOLUTE (.))
 *(.fini_array)
                0x0002c774                PROVIDE (__fini_array_end, ABSOLUTE (.))
 *(.eh_frame)
 *(.gcc_except_table)
 *(.dynamic)
                0x0002c774                PROVIDE (__CTOR_LIST__, ABSOLUTE (.))
 *(.ctors)
 *(SORT(.ctors.*))
 .ctors.65535   0x0002c774        0x4 c:/altera/12.1/nios2eds/bin/gnu/h-i686-mingw32/bin/../lib/gcc/nios2-elf/4.1.2/../../../../nios2-elf/lib\libc.a(lib_a-__call_atexit.o)
                0x0002c778                PROVIDE (__CTOR_END__, ABSOLUTE (.))
                0x0002c778                PROVIDE (__DTOR_LIST__, ABSOLUTE (.))
 *(.dtors)
 *(SORT(.dtors.*))
                0x0002c778                PROVIDE (__DTOR_END__, ABSOLUTE (.))
 *(.jcr)
                0x0002c778                . = ALIGN (0x4)

.rodata         0x00068000      0x380
                0x00068000                PROVIDE (__ram_rodata_start, ABSOLUTE (.))
                0x00068000                . = ALIGN (0x4)
 *(.rodata .rodata.* .gnu.linkonce.r.*)
 .rodata        0x00068000       0x3c obj/default/producer.o
 .rodata.str1.4
                0x0006803c        0x2 c:/altera/12.1/nios2eds/bin/gnu/h-i686-mingw32/bin/../lib/gcc/nios2-elf/4.1.2/../../../../nios2-elf/lib\libc.a(lib_a-puts.o)
                                  0x4 (size before relaxing)
 *fill*         0x0006803e        0x2 00
 .rodata.str1.4
                0x00068040       0x5e c:/altera/12.1/nios2eds/bin/gnu/h-i686-mingw32/bin/../lib/gcc/nios2-elf/4.1.2/../../../../nios2-elf/lib\libc.a(lib_a-vfprintf.o)
                                 0x60 (size before relaxing)
 .rodata        0x0006809e       0x20 c:/altera/12.1/nios2eds/bin/gnu/h-i686-mingw32/bin/../lib/gcc/nios2-elf/4.1.2/../../../../nios2-elf/lib\libc.a(lib_a-vfprintf.o)
 *fill*         0x000680be        0x2 00
 .rodata.str1.4
                0x000680c0       0x10 c:/altera/12.1/nios2eds/bin/gnu/h-i686-mingw32/bin/../lib/gcc/nios2-elf/4.1.2/../../../../nios2-elf/lib\libc.a(lib_a-dtoa.o)
                                 0x14 (size before relaxing)
 .rodata.str1.4
                0x000680d0        0x2 c:/altera/12.1/nios2eds/bin/gnu/h-i686-mingw32/bin/../lib/gcc/nios2-elf/4.1.2/../../../../nios2-elf/lib\libc.a(lib_a-impure.o)
                                  0x4 (size before relaxing)
 *fill*         0x000680d2        0x2 00
 .rodata.str1.4
                0x000680d4       0x10 c:/altera/12.1/nios2eds/bin/gnu/h-i686-mingw32/bin/../lib/gcc/nios2-elf/4.1.2/../../../../nios2-elf/lib\libc.a(lib_a-locale.o)
                                 0x18 (size before relaxing)
 .rodata        0x000680e4       0x30 c:/altera/12.1/nios2eds/bin/gnu/h-i686-mingw32/bin/../lib/gcc/nios2-elf/4.1.2/../../../../nios2-elf/lib\libc.a(lib_a-locale.o)
 .rodata        0x00068114      0x124 c:/altera/12.1/nios2eds/bin/gnu/h-i686-mingw32/bin/../lib/gcc/nios2-elf/4.1.2/../../../../nios2-elf/lib\libc.a(lib_a-mprec.o)
                0x00068114                __mprec_tens
                0x000681dc                __mprec_bigtens
                0x00068204                __mprec_tinytens
 .rodata        0x00068238       0x14 c:/altera/12.1/nios2eds/bin/gnu/h-i686-mingw32/bin/../lib/gcc/nios2-elf/4.1.2\libgcc.a(_thenan_df.o)
                0x00068238                __thenan_df
 .rodata        0x0006824c      0x100 c:/altera/12.1/nios2eds/bin/gnu/h-i686-mingw32/bin/../lib/gcc/nios2-elf/4.1.2\libgcc.a(_clz.o)
                0x0006824c                __clz_tab
 .rodata        0x0006834c        0xc ../Producer_bsp/\libhal_bsp.a(alt_dev.o)
 .rodata        0x00068358       0x14 ../Producer_bsp/\libhal_bsp.a(alt_main.o)
 .rodata        0x0006836c       0x14 ../Producer_bsp/\libhal_bsp.a(alt_sys_init.o)
 *(.rodata1)
                0x00068380                . = ALIGN (0x4)
                0x00068380                PROVIDE (__ram_rodata_end, ABSOLUTE (.))
                0x00068000                PROVIDE (__flash_rodata_start, LOADADDR (.rodata))

.rwdata         0x00068380     0x1a5c load address 0x0002c778
                0x00068380                PROVIDE (__ram_rwdata_start, ABSOLUTE (.))
                0x00068380                . = ALIGN (0x4)
 *(.got.plt)
 *(.got)
 *(.data1)
 *(.data .data.* .gnu.linkonce.d.*)
 .data          0x00068380        0x0 ../Producer_bsp//obj/HAL/src/crt0.o
 .data          0x00068380        0x0 obj/default/FIFO_1.o
 .data          0x00068380        0x0 obj/default/producer.o
 .data          0x00068380        0x0 c:/altera/12.1/nios2eds/bin/gnu/h-i686-mingw32/bin/../lib/gcc/nios2-elf/4.1.2/../../../../nios2-elf/lib\libc.a(lib_a-printf.o)
 .data          0x00068380        0x0 c:/altera/12.1/nios2eds/bin/gnu/h-i686-mingw32/bin/../lib/gcc/nios2-elf/4.1.2/../../../../nios2-elf/lib\libc.a(lib_a-puts.o)
 .data          0x00068380        0x0 c:/altera/12.1/nios2eds/bin/gnu/h-i686-mingw32/bin/../lib/gcc/nios2-elf/4.1.2/../../../../nios2-elf/lib\libc.a(lib_a-strlen.o)
 .data          0x00068380        0x0 c:/altera/12.1/nios2eds/bin/gnu/h-i686-mingw32/bin/../lib/gcc/nios2-elf/4.1.2/../../../../nios2-elf/lib\libc.a(lib_a-vfprintf.o)
 .data          0x00068380        0x0 c:/altera/12.1/nios2eds/bin/gnu/h-i686-mingw32/bin/../lib/gcc/nios2-elf/4.1.2/../../../../nios2-elf/lib\libc.a(lib_a-wsetup.o)
 .data          0x00068380        0x0 c:/altera/12.1/nios2eds/bin/gnu/h-i686-mingw32/bin/../lib/gcc/nios2-elf/4.1.2/../../../../nios2-elf/lib\libc.a(lib_a-dtoa.o)
 .data          0x00068380        0x0 c:/altera/12.1/nios2eds/bin/gnu/h-i686-mingw32/bin/../lib/gcc/nios2-elf/4.1.2/../../../../nios2-elf/lib\libc.a(lib_a-fflush.o)
 .data          0x00068380        0x0 c:/altera/12.1/nios2eds/bin/gnu/h-i686-mingw32/bin/../lib/gcc/nios2-elf/4.1.2/../../../../nios2-elf/lib\libc.a(lib_a-findfp.o)
 .data          0x00068380        0x0 c:/altera/12.1/nios2eds/bin/gnu/h-i686-mingw32/bin/../lib/gcc/nios2-elf/4.1.2/../../../../nios2-elf/lib\libc.a(lib_a-freer.o)
 .data          0x00068380        0x0 c:/altera/12.1/nios2eds/bin/gnu/h-i686-mingw32/bin/../lib/gcc/nios2-elf/4.1.2/../../../../nios2-elf/lib\libc.a(lib_a-fvwrite.o)
 .data          0x00068380        0x0 c:/altera/12.1/nios2eds/bin/gnu/h-i686-mingw32/bin/../lib/gcc/nios2-elf/4.1.2/../../../../nios2-elf/lib\libc.a(lib_a-fwalk.o)
 .data          0x00068380      0x400 c:/altera/12.1/nios2eds/bin/gnu/h-i686-mingw32/bin/../lib/gcc/nios2-elf/4.1.2/../../../../nios2-elf/lib\libc.a(lib_a-impure.o)
 .data          0x00068780        0xc c:/altera/12.1/nios2eds/bin/gnu/h-i686-mingw32/bin/../lib/gcc/nios2-elf/4.1.2/../../../../nios2-elf/lib\libc.a(lib_a-locale.o)
                0x00068780                __lc_ctype
 .data          0x0006878c        0x0 c:/altera/12.1/nios2eds/bin/gnu/h-i686-mingw32/bin/../lib/gcc/nios2-elf/4.1.2/../../../../nios2-elf/lib\libc.a(lib_a-makebuf.o)
 .data          0x0006878c      0x408 c:/altera/12.1/nios2eds/bin/gnu/h-i686-mingw32/bin/../lib/gcc/nios2-elf/4.1.2/../../../../nios2-elf/lib\libc.a(lib_a-mallocr.o)
                0x0006878c                __malloc_av_
 .data          0x00068b94        0x0 c:/altera/12.1/nios2eds/bin/gnu/h-i686-mingw32/bin/../lib/gcc/nios2-elf/4.1.2/../../../../nios2-elf/lib\libc.a(lib_a-memchr.o)
 .data          0x00068b94        0x0 c:/altera/12.1/nios2eds/bin/gnu/h-i686-mingw32/bin/../lib/gcc/nios2-elf/4.1.2/../../../../nios2-elf/lib\libc.a(lib_a-memcpy.o)
 .data          0x00068b94        0x0 c:/altera/12.1/nios2eds/bin/gnu/h-i686-mingw32/bin/../lib/gcc/nios2-elf/4.1.2/../../../../nios2-elf/lib\libc.a(lib_a-memmove.o)
 .data          0x00068b94        0x0 c:/altera/12.1/nios2eds/bin/gnu/h-i686-mingw32/bin/../lib/gcc/nios2-elf/4.1.2/../../../../nios2-elf/lib\libc.a(lib_a-memset.o)
 .data          0x00068b94        0x0 c:/altera/12.1/nios2eds/bin/gnu/h-i686-mingw32/bin/../lib/gcc/nios2-elf/4.1.2/../../../../nios2-elf/lib\libc.a(lib_a-mprec.o)
 .data          0x00068b94        0x0 c:/altera/12.1/nios2eds/bin/gnu/h-i686-mingw32/bin/../lib/gcc/nios2-elf/4.1.2/../../../../nios2-elf/lib\libc.a(lib_a-reallocr.o)
 .data          0x00068b94        0x0 c:/altera/12.1/nios2eds/bin/gnu/h-i686-mingw32/bin/../lib/gcc/nios2-elf/4.1.2/../../../../nios2-elf/lib\libc.a(lib_a-s_isinfd.o)
 .data          0x00068b94        0x0 c:/altera/12.1/nios2eds/bin/gnu/h-i686-mingw32/bin/../lib/gcc/nios2-elf/4.1.2/../../../../nios2-elf/lib\libc.a(lib_a-s_isnand.o)
 .data          0x00068b94        0x0 c:/altera/12.1/nios2eds/bin/gnu/h-i686-mingw32/bin/../lib/gcc/nios2-elf/4.1.2/../../../../nios2-elf/lib\libc.a(lib_a-sbrkr.o)
 .data          0x00068b94        0x0 c:/altera/12.1/nios2eds/bin/gnu/h-i686-mingw32/bin/../lib/gcc/nios2-elf/4.1.2/../../../../nios2-elf/lib\libc.a(lib_a-stdio.o)
 .data          0x00068b94        0x0 c:/altera/12.1/nios2eds/bin/gnu/h-i686-mingw32/bin/../lib/gcc/nios2-elf/4.1.2/../../../../nios2-elf/lib\libc.a(lib_a-strcmp.o)
 .data          0x00068b94        0x0 c:/altera/12.1/nios2eds/bin/gnu/h-i686-mingw32/bin/../lib/gcc/nios2-elf/4.1.2/../../../../nios2-elf/lib\libc.a(lib_a-writer.o)
 .data          0x00068b94        0x0 c:/altera/12.1/nios2eds/bin/gnu/h-i686-mingw32/bin/../lib/gcc/nios2-elf/4.1.2/../../../../nios2-elf/lib\libc.a(lib_a-callocr.o)
 .data          0x00068b94        0x0 c:/altera/12.1/nios2eds/bin/gnu/h-i686-mingw32/bin/../lib/gcc/nios2-elf/4.1.2/../../../../nios2-elf/lib\libc.a(lib_a-closer.o)
 .data          0x00068b94        0x0 c:/altera/12.1/nios2eds/bin/gnu/h-i686-mingw32/bin/../lib/gcc/nios2-elf/4.1.2/../../../../nios2-elf/lib\libc.a(lib_a-fclose.o)
 .data          0x00068b94        0x0 c:/altera/12.1/nios2eds/bin/gnu/h-i686-mingw32/bin/../lib/gcc/nios2-elf/4.1.2/../../../../nios2-elf/lib\libc.a(lib_a-fstatr.o)
 .data          0x00068b94        0x0 c:/altera/12.1/nios2eds/bin/gnu/h-i686-mingw32/bin/../lib/gcc/nios2-elf/4.1.2/../../../../nios2-elf/lib\libc.a(lib_a-int_errno.o)
 .data          0x00068b94        0x0 c:/altera/12.1/nios2eds/bin/gnu/h-i686-mingw32/bin/../lib/gcc/nios2-elf/4.1.2/../../../../nios2-elf/lib\libc.a(lib_a-isattyr.o)
 .data          0x00068b94        0x0 c:/altera/12.1/nios2eds/bin/gnu/h-i686-mingw32/bin/../lib/gcc/nios2-elf/4.1.2/../../../../nios2-elf/lib\libc.a(lib_a-lseekr.o)
 .data          0x00068b94        0x0 c:/altera/12.1/nios2eds/bin/gnu/h-i686-mingw32/bin/../lib/gcc/nios2-elf/4.1.2/../../../../nios2-elf/lib\libc.a(lib_a-readr.o)
 .data          0x00068b94        0x0 c:/altera/12.1/nios2eds/bin/gnu/h-i686-mingw32/bin/../lib/gcc/nios2-elf/4.1.2\libgcc.a(_udivdi3.o)
 .data          0x00068b94        0x0 c:/altera/12.1/nios2eds/bin/gnu/h-i686-mingw32/bin/../lib/gcc/nios2-elf/4.1.2\libgcc.a(_umoddi3.o)
 .data          0x00068b94        0x0 c:/altera/12.1/nios2eds/bin/gnu/h-i686-mingw32/bin/../lib/gcc/nios2-elf/4.1.2\libgcc.a(_addsub_df.o)
 .data          0x00068b94        0x0 c:/altera/12.1/nios2eds/bin/gnu/h-i686-mingw32/bin/../lib/gcc/nios2-elf/4.1.2\libgcc.a(_mul_df.o)
 .data          0x00068b94        0x0 c:/altera/12.1/nios2eds/bin/gnu/h-i686-mingw32/bin/../lib/gcc/nios2-elf/4.1.2\libgcc.a(_div_df.o)
 .data          0x00068b94        0x0 c:/altera/12.1/nios2eds/bin/gnu/h-i686-mingw32/bin/../lib/gcc/nios2-elf/4.1.2\libgcc.a(_eq_df.o)
 .data          0x00068b94        0x0 c:/altera/12.1/nios2eds/bin/gnu/h-i686-mingw32/bin/../lib/gcc/nios2-elf/4.1.2\libgcc.a(_ne_df.o)
 .data          0x00068b94        0x0 c:/altera/12.1/nios2eds/bin/gnu/h-i686-mingw32/bin/../lib/gcc/nios2-elf/4.1.2\libgcc.a(_gt_df.o)
 .data          0x00068b94        0x0 c:/altera/12.1/nios2eds/bin/gnu/h-i686-mingw32/bin/../lib/gcc/nios2-elf/4.1.2\libgcc.a(_ge_df.o)
 .data          0x00068b94        0x0 c:/altera/12.1/nios2eds/bin/gnu/h-i686-mingw32/bin/../lib/gcc/nios2-elf/4.1.2\libgcc.a(_lt_df.o)
 .data          0x00068b94        0x0 c:/altera/12.1/nios2eds/bin/gnu/h-i686-mingw32/bin/../lib/gcc/nios2-elf/4.1.2\libgcc.a(_si_to_df.o)
 .data          0x00068b94        0x0 c:/altera/12.1/nios2eds/bin/gnu/h-i686-mingw32/bin/../lib/gcc/nios2-elf/4.1.2\libgcc.a(_df_to_si.o)
 .data          0x00068b94        0x0 c:/altera/12.1/nios2eds/bin/gnu/h-i686-mingw32/bin/../lib/gcc/nios2-elf/4.1.2\libgcc.a(_thenan_df.o)
 .data          0x00068b94        0x0 c:/altera/12.1/nios2eds/bin/gnu/h-i686-mingw32/bin/../lib/gcc/nios2-elf/4.1.2\libgcc.a(_usi_to_df.o)
 .data          0x00068b94        0x0 c:/altera/12.1/nios2eds/bin/gnu/h-i686-mingw32/bin/../lib/gcc/nios2-elf/4.1.2\libgcc.a(lib2-divmod.o)
 .data          0x00068b94        0x0 c:/altera/12.1/nios2eds/bin/gnu/h-i686-mingw32/bin/../lib/gcc/nios2-elf/4.1.2\libgcc.a(_muldi3.o)
 .data          0x00068b94        0x0 c:/altera/12.1/nios2eds/bin/gnu/h-i686-mingw32/bin/../lib/gcc/nios2-elf/4.1.2\libgcc.a(_clz.o)
 .data          0x00068b94        0x0 c:/altera/12.1/nios2eds/bin/gnu/h-i686-mingw32/bin/../lib/gcc/nios2-elf/4.1.2\libgcc.a(_clzsi2.o)
 .data          0x00068b94        0x0 c:/altera/12.1/nios2eds/bin/gnu/h-i686-mingw32/bin/../lib/gcc/nios2-elf/4.1.2\libgcc.a(_pack_df.o)
 .data          0x00068b94        0x0 c:/altera/12.1/nios2eds/bin/gnu/h-i686-mingw32/bin/../lib/gcc/nios2-elf/4.1.2\libgcc.a(_unpack_df.o)
 .data          0x00068b94        0x0 c:/altera/12.1/nios2eds/bin/gnu/h-i686-mingw32/bin/../lib/gcc/nios2-elf/4.1.2\libgcc.a(_fpcmp_parts_df.o)
 .data          0x00068b94        0x0 ../Producer_bsp/\libhal_bsp.a(alt_close.o)
 .data          0x00068b94      0x1a8 ../Producer_bsp/\libhal_bsp.a(alt_dev.o)
                0x00068b94                alt_dev_null
                0x00068bbc                alt_fd_list
 .data          0x00068d3c        0x0 ../Producer_bsp/\libhal_bsp.a(alt_errno.o)
 .data          0x00068d3c        0x0 ../Producer_bsp/\libhal_bsp.a(alt_fstat.o)
 .data          0x00068d3c        0x0 ../Producer_bsp/\libhal_bsp.a(alt_isatty.o)
 .data          0x00068d3c        0x0 ../Producer_bsp/\libhal_bsp.a(alt_load.o)
 .data          0x00068d3c        0x0 ../Producer_bsp/\libhal_bsp.a(alt_lseek.o)
 .data          0x00068d3c        0x0 ../Producer_bsp/\libhal_bsp.a(alt_main.o)
 .data          0x00068d3c        0x0 ../Producer_bsp/\libhal_bsp.a(alt_malloc_lock.o)
 .data          0x00068d3c        0x0 ../Producer_bsp/\libhal_bsp.a(alt_read.o)
 .data          0x00068d3c        0x0 ../Producer_bsp/\libhal_bsp.a(alt_release_fd.o)
 .data          0x00068d3c        0x0 ../Producer_bsp/\libhal_bsp.a(alt_sbrk.o)
 .data          0x00068d3c        0x0 ../Producer_bsp/\libhal_bsp.a(alt_write.o)
 .data          0x00068d3c     0x1060 ../Producer_bsp/\libhal_bsp.a(alt_sys_init.o)
 .data          0x00069d9c        0x0 ../Producer_bsp/\libhal_bsp.a(altera_avalon_jtag_uart_fd.o)
 .data          0x00069d9c        0x0 ../Producer_bsp/\libhal_bsp.a(altera_avalon_jtag_uart_init.o)
 .data          0x00069d9c        0x0 ../Producer_bsp/\libhal_bsp.a(altera_avalon_jtag_uart_ioctl.o)
 .data          0x00069d9c        0x0 ../Producer_bsp/\libhal_bsp.a(altera_avalon_jtag_uart_read.o)
 .data          0x00069d9c        0x0 ../Producer_bsp/\libhal_bsp.a(altera_avalon_jtag_uart_write.o)
 .data          0x00069d9c        0x0 ../Producer_bsp/\libhal_bsp.a(altera_avalon_timer_sc.o)
 .data          0x00069d9c        0x0 ../Producer_bsp/\libhal_bsp.a(alt_alarm_start.o)
 .data          0x00069d9c        0x0 ../Producer_bsp/\libhal_bsp.a(alt_dcache_flush_all.o)
 .data          0x00069d9c        0x0 ../Producer_bsp/\libhal_bsp.a(alt_dev_llist_insert.o)
 .data          0x00069d9c        0x0 ../Producer_bsp/\libhal_bsp.a(alt_do_ctors.o)
 .data          0x00069d9c        0x0 ../Producer_bsp/\libhal_bsp.a(alt_do_dtors.o)
 .data          0x00069d9c        0x0 ../Producer_bsp/\libhal_bsp.a(alt_icache_flush_all.o)
 .data          0x00069d9c        0x0 ../Producer_bsp/\libhal_bsp.a(alt_iic.o)
 .data          0x00069d9c        0x0 ../Producer_bsp/\libhal_bsp.a(alt_iic_isr_register.o)
 .data          0x00069d9c        0x0 ../Producer_bsp/\libhal_bsp.a(alt_io_redirect.o)
 .data          0x00069d9c        0x0 ../Producer_bsp/\libhal_bsp.a(alt_irq_entry.o)
 .data          0x00069d9c        0x0 ../Producer_bsp/\libhal_bsp.a(alt_irq_handler.o)
 .data          0x00069d9c        0x0 ../Producer_bsp/\libhal_bsp.a(alt_irq_vars.o)
 .data          0x00069d9c        0x0 ../Producer_bsp/\libhal_bsp.a(alt_open.o)
 .data          0x00069d9c        0x0 ../Producer_bsp/\libhal_bsp.a(alt_tick.o)
 .data          0x00069d9c        0x0 ../Producer_bsp/\libhal_bsp.a(altera_nios2_qsys_irq.o)
 .data          0x00069d9c        0x0 ../Producer_bsp/\libhal_bsp.a(alt_exception_entry.o)
 .data          0x00069d9c        0x0 ../Producer_bsp/\libhal_bsp.a(alt_find_dev.o)
 .data          0x00069d9c        0x0 ../Producer_bsp/\libhal_bsp.a(alt_find_file.o)
 .data          0x00069d9c        0x0 ../Producer_bsp/\libhal_bsp.a(alt_get_fd.o)
 .data          0x00069d9c        0x0 ../Producer_bsp/\libhal_bsp.a(alt_icache_flush.o)
 .data          0x00069d9c        0x0 c:/altera/12.1/nios2eds/bin/gnu/h-i686-mingw32/bin/../lib/gcc/nios2-elf/4.1.2/../../../../nios2-elf/lib\libc.a(lib_a-atexit.o)
 .data          0x00069d9c        0x0 c:/altera/12.1/nios2eds/bin/gnu/h-i686-mingw32/bin/../lib/gcc/nios2-elf/4.1.2/../../../../nios2-elf/lib\libc.a(lib_a-exit.o)
 .data          0x00069d9c        0x0 c:/altera/12.1/nios2eds/bin/gnu/h-i686-mingw32/bin/../lib/gcc/nios2-elf/4.1.2/../../../../nios2-elf/lib\libc.a(lib_a-memcmp.o)
 .data          0x00069d9c        0x0 c:/altera/12.1/nios2eds/bin/gnu/h-i686-mingw32/bin/../lib/gcc/nios2-elf/4.1.2/../../../../nios2-elf/lib\libc.a(lib_a-__atexit.o)
 .data          0x00069d9c        0x0 c:/altera/12.1/nios2eds/bin/gnu/h-i686-mingw32/bin/../lib/gcc/nios2-elf/4.1.2/../../../../nios2-elf/lib\libc.a(lib_a-__call_atexit.o)
 .data          0x00069d9c        0x0 ../Producer_bsp/\libhal_bsp.a(alt_exit.o)
                0x00071d9c                _gp = ABSOLUTE ((. + 0x8000))
                0x00071d9c                PROVIDE (gp, _gp)
 *(.rwdata .rwdata.*)
 *(.sdata .sdata.* .gnu.linkonce.s.*)
 .sdata         0x00069d9c        0x8 c:/altera/12.1/nios2eds/bin/gnu/h-i686-mingw32/bin/../lib/gcc/nios2-elf/4.1.2/../../../../nios2-elf/lib\libc.a(lib_a-impure.o)
                0x00069d9c                _impure_ptr
                0x00069da0                _global_impure_ptr
 .sdata         0x00069da4        0x8 c:/altera/12.1/nios2eds/bin/gnu/h-i686-mingw32/bin/../lib/gcc/nios2-elf/4.1.2/../../../../nios2-elf/lib\libc.a(lib_a-locale.o)
                0x00069da4                __mb_cur_max
 .sdata         0x00069dac        0x8 c:/altera/12.1/nios2eds/bin/gnu/h-i686-mingw32/bin/../lib/gcc/nios2-elf/4.1.2/../../../../nios2-elf/lib\libc.a(lib_a-mallocr.o)
                0x00069dac                __malloc_trim_threshold
                0x00069db0                __malloc_sbrk_base
 .sdata         0x00069db4       0x14 ../Producer_bsp/\libhal_bsp.a(alt_dev.o)
                0x00069db4                alt_fs_list
                0x00069dbc                alt_dev_list
                0x00069dc4                alt_max_fd
 .sdata         0x00069dc8        0x4 ../Producer_bsp/\libhal_bsp.a(alt_errno.o)
                0x00069dc8                alt_errno
 .sdata         0x00069dcc        0x4 ../Producer_bsp/\libhal_bsp.a(alt_sbrk.o)
 .sdata         0x00069dd0        0x4 ../Producer_bsp/\libhal_bsp.a(alt_irq_vars.o)
                0x00069dd0                alt_priority_mask
 .sdata         0x00069dd4        0x8 ../Producer_bsp/\libhal_bsp.a(alt_tick.o)
                0x00069dd4                alt_alarm_list
 *(.sdata2 .sdata2.* .gnu.linkonce.s2.*)
                0x00069ddc                . = ALIGN (0x4)
                0x00069ddc                _edata = ABSOLUTE (.)
                0x00069ddc                PROVIDE (edata, ABSOLUTE (.))
                0x00069ddc                PROVIDE (__ram_rwdata_end, ABSOLUTE (.))
                0x0002c778                PROVIDE (__flash_rwdata_start, LOADADDR (.rwdata))

.bss            0x00069ddc      0x300 load address 0x0002e1d4
                0x00069ddc                __bss_start = ABSOLUTE (.)
                0x00069ddc                PROVIDE (__sbss_start, ABSOLUTE (.))
                0x00069ddc                PROVIDE (___sbss_start, ABSOLUTE (.))
 *(.dynsbss)
 *(.sbss .sbss.* .gnu.linkonce.sb.*)
 .sbss          0x00069ddc       0x14 obj/default/FIFO_1.o
                0x00069ddc                writep
                0x00069de0                fullp
                0x00069de4                readpp
                0x00069de8                emptyp
                0x00069dec                countp
 .sbss          0x00069df0        0xc c:/altera/12.1/nios2eds/bin/gnu/h-i686-mingw32/bin/../lib/gcc/nios2-elf/4.1.2/../../../../nios2-elf/lib\libc.a(lib_a-locale.o)
                0x00069df0                __nlocale_changed
                0x00069df4                __mlocale_changed
                0x00069df8                _PathLocale
 .sbss          0x00069dfc        0xc c:/altera/12.1/nios2eds/bin/gnu/h-i686-mingw32/bin/../lib/gcc/nios2-elf/4.1.2/../../../../nios2-elf/lib\libc.a(lib_a-mallocr.o)
                0x00069dfc                __malloc_top_pad
                0x00069e00                __malloc_max_sbrked_mem
                0x00069e04                __malloc_max_total_mem
 .sbss          0x00069e08        0x4 c:/altera/12.1/nios2eds/bin/gnu/h-i686-mingw32/bin/../lib/gcc/nios2-elf/4.1.2/../../../../nios2-elf/lib\libc.a(lib_a-int_errno.o)
                0x00069e08                errno
 .sbss          0x00069e0c        0xc ../Producer_bsp/\libhal_bsp.a(alt_main.o)
                0x00069e0c                alt_argc
                0x00069e10                alt_argv
                0x00069e14                alt_envp
 .sbss          0x00069e18        0x4 ../Producer_bsp/\libhal_bsp.a(alt_irq_vars.o)
                0x00069e18                alt_irq_active
 .sbss          0x00069e1c        0x8 ../Producer_bsp/\libhal_bsp.a(alt_tick.o)
                0x00069e1c                _alt_tick_rate
                0x00069e20                _alt_nticks
 *(.sbss2 .sbss2.* .gnu.linkonce.sb2.*)
 *(.scommon)
                0x00069e24                PROVIDE (__sbss_end, ABSOLUTE (.))
                0x00069e24                PROVIDE (___sbss_end, ABSOLUTE (.))
 *(.dynbss)
 *(.bss .bss.* .gnu.linkonce.b.*)
 .bss           0x00069e24        0x0 ../Producer_bsp//obj/HAL/src/crt0.o
 .bss           0x00069e24        0x0 obj/default/FIFO_1.o
 .bss           0x00069e24        0x0 obj/default/producer.o
 .bss           0x00069e24        0x0 c:/altera/12.1/nios2eds/bin/gnu/h-i686-mingw32/bin/../lib/gcc/nios2-elf/4.1.2/../../../../nios2-elf/lib\libc.a(lib_a-printf.o)
 .bss           0x00069e24        0x0 c:/altera/12.1/nios2eds/bin/gnu/h-i686-mingw32/bin/../lib/gcc/nios2-elf/4.1.2/../../../../nios2-elf/lib\libc.a(lib_a-puts.o)
 .bss           0x00069e24        0x0 c:/altera/12.1/nios2eds/bin/gnu/h-i686-mingw32/bin/../lib/gcc/nios2-elf/4.1.2/../../../../nios2-elf/lib\libc.a(lib_a-strlen.o)
 .bss           0x00069e24        0x0 c:/altera/12.1/nios2eds/bin/gnu/h-i686-mingw32/bin/../lib/gcc/nios2-elf/4.1.2/../../../../nios2-elf/lib\libc.a(lib_a-vfprintf.o)
 .bss           0x00069e24        0x0 c:/altera/12.1/nios2eds/bin/gnu/h-i686-mingw32/bin/../lib/gcc/nios2-elf/4.1.2/../../../../nios2-elf/lib\libc.a(lib_a-wsetup.o)
 .bss           0x00069e24        0x0 c:/altera/12.1/nios2eds/bin/gnu/h-i686-mingw32/bin/../lib/gcc/nios2-elf/4.1.2/../../../../nios2-elf/lib\libc.a(lib_a-dtoa.o)
 .bss           0x00069e24        0x0 c:/altera/12.1/nios2eds/bin/gnu/h-i686-mingw32/bin/../lib/gcc/nios2-elf/4.1.2/../../../../nios2-elf/lib\libc.a(lib_a-fflush.o)
 .bss           0x00069e24        0x0 c:/altera/12.1/nios2eds/bin/gnu/h-i686-mingw32/bin/../lib/gcc/nios2-elf/4.1.2/../../../../nios2-elf/lib\libc.a(lib_a-findfp.o)
 .bss           0x00069e24        0x0 c:/altera/12.1/nios2eds/bin/gnu/h-i686-mingw32/bin/../lib/gcc/nios2-elf/4.1.2/../../../../nios2-elf/lib\libc.a(lib_a-freer.o)
 .bss           0x00069e24        0x0 c:/altera/12.1/nios2eds/bin/gnu/h-i686-mingw32/bin/../lib/gcc/nios2-elf/4.1.2/../../../../nios2-elf/lib\libc.a(lib_a-fvwrite.o)
 .bss           0x00069e24        0x0 c:/altera/12.1/nios2eds/bin/gnu/h-i686-mingw32/bin/../lib/gcc/nios2-elf/4.1.2/../../../../nios2-elf/lib\libc.a(lib_a-fwalk.o)
 .bss           0x00069e24        0x0 c:/altera/12.1/nios2eds/bin/gnu/h-i686-mingw32/bin/../lib/gcc/nios2-elf/4.1.2/../../../../nios2-elf/lib\libc.a(lib_a-impure.o)
 .bss           0x00069e24        0x0 c:/altera/12.1/nios2eds/bin/gnu/h-i686-mingw32/bin/../lib/gcc/nios2-elf/4.1.2/../../../../nios2-elf/lib\libc.a(lib_a-locale.o)
 .bss           0x00069e24        0x0 c:/altera/12.1/nios2eds/bin/gnu/h-i686-mingw32/bin/../lib/gcc/nios2-elf/4.1.2/../../../../nios2-elf/lib\libc.a(lib_a-makebuf.o)
 .bss           0x00069e24       0x28 c:/altera/12.1/nios2eds/bin/gnu/h-i686-mingw32/bin/../lib/gcc/nios2-elf/4.1.2/../../../../nios2-elf/lib\libc.a(lib_a-mallocr.o)
                0x00069e24                __malloc_current_mallinfo
 .bss           0x00069e4c        0x0 c:/altera/12.1/nios2eds/bin/gnu/h-i686-mingw32/bin/../lib/gcc/nios2-elf/4.1.2/../../../../nios2-elf/lib\libc.a(lib_a-memchr.o)
 .bss           0x00069e4c        0x0 c:/altera/12.1/nios2eds/bin/gnu/h-i686-mingw32/bin/../lib/gcc/nios2-elf/4.1.2/../../../../nios2-elf/lib\libc.a(lib_a-memcpy.o)
 .bss           0x00069e4c        0x0 c:/altera/12.1/nios2eds/bin/gnu/h-i686-mingw32/bin/../lib/gcc/nios2-elf/4.1.2/../../../../nios2-elf/lib\libc.a(lib_a-memmove.o)
 .bss           0x00069e4c        0x0 c:/altera/12.1/nios2eds/bin/gnu/h-i686-mingw32/bin/../lib/gcc/nios2-elf/4.1.2/../../../../nios2-elf/lib\libc.a(lib_a-memset.o)
 .bss           0x00069e4c        0x0 c:/altera/12.1/nios2eds/bin/gnu/h-i686-mingw32/bin/../lib/gcc/nios2-elf/4.1.2/../../../../nios2-elf/lib\libc.a(lib_a-mprec.o)
 .bss           0x00069e4c        0x0 c:/altera/12.1/nios2eds/bin/gnu/h-i686-mingw32/bin/../lib/gcc/nios2-elf/4.1.2/../../../../nios2-elf/lib\libc.a(lib_a-reallocr.o)
 .bss           0x00069e4c        0x0 c:/altera/12.1/nios2eds/bin/gnu/h-i686-mingw32/bin/../lib/gcc/nios2-elf/4.1.2/../../../../nios2-elf/lib\libc.a(lib_a-s_isinfd.o)
 .bss           0x00069e4c        0x0 c:/altera/12.1/nios2eds/bin/gnu/h-i686-mingw32/bin/../lib/gcc/nios2-elf/4.1.2/../../../../nios2-elf/lib\libc.a(lib_a-s_isnand.o)
 .bss           0x00069e4c        0x0 c:/altera/12.1/nios2eds/bin/gnu/h-i686-mingw32/bin/../lib/gcc/nios2-elf/4.1.2/../../../../nios2-elf/lib\libc.a(lib_a-sbrkr.o)
 .bss           0x00069e4c        0x0 c:/altera/12.1/nios2eds/bin/gnu/h-i686-mingw32/bin/../lib/gcc/nios2-elf/4.1.2/../../../../nios2-elf/lib\libc.a(lib_a-stdio.o)
 .bss           0x00069e4c        0x0 c:/altera/12.1/nios2eds/bin/gnu/h-i686-mingw32/bin/../lib/gcc/nios2-elf/4.1.2/../../../../nios2-elf/lib\libc.a(lib_a-strcmp.o)
 .bss           0x00069e4c        0x0 c:/altera/12.1/nios2eds/bin/gnu/h-i686-mingw32/bin/../lib/gcc/nios2-elf/4.1.2/../../../../nios2-elf/lib\libc.a(lib_a-writer.o)
 .bss           0x00069e4c        0x0 c:/altera/12.1/nios2eds/bin/gnu/h-i686-mingw32/bin/../lib/gcc/nios2-elf/4.1.2/../../../../nios2-elf/lib\libc.a(lib_a-callocr.o)
 .bss           0x00069e4c        0x0 c:/altera/12.1/nios2eds/bin/gnu/h-i686-mingw32/bin/../lib/gcc/nios2-elf/4.1.2/../../../../nios2-elf/lib\libc.a(lib_a-closer.o)
 .bss           0x00069e4c        0x0 c:/altera/12.1/nios2eds/bin/gnu/h-i686-mingw32/bin/../lib/gcc/nios2-elf/4.1.2/../../../../nios2-elf/lib\libc.a(lib_a-fclose.o)
 .bss           0x00069e4c        0x0 c:/altera/12.1/nios2eds/bin/gnu/h-i686-mingw32/bin/../lib/gcc/nios2-elf/4.1.2/../../../../nios2-elf/lib\libc.a(lib_a-fstatr.o)
 .bss           0x00069e4c        0x0 c:/altera/12.1/nios2eds/bin/gnu/h-i686-mingw32/bin/../lib/gcc/nios2-elf/4.1.2/../../../../nios2-elf/lib\libc.a(lib_a-int_errno.o)
 .bss           0x00069e4c        0x0 c:/altera/12.1/nios2eds/bin/gnu/h-i686-mingw32/bin/../lib/gcc/nios2-elf/4.1.2/../../../../nios2-elf/lib\libc.a(lib_a-isattyr.o)
 .bss           0x00069e4c        0x0 c:/altera/12.1/nios2eds/bin/gnu/h-i686-mingw32/bin/../lib/gcc/nios2-elf/4.1.2/../../../../nios2-elf/lib\libc.a(lib_a-lseekr.o)
 .bss           0x00069e4c        0x0 c:/altera/12.1/nios2eds/bin/gnu/h-i686-mingw32/bin/../lib/gcc/nios2-elf/4.1.2/../../../../nios2-elf/lib\libc.a(lib_a-readr.o)
 .bss           0x00069e4c        0x0 c:/altera/12.1/nios2eds/bin/gnu/h-i686-mingw32/bin/../lib/gcc/nios2-elf/4.1.2\libgcc.a(_udivdi3.o)
 .bss           0x00069e4c        0x0 c:/altera/12.1/nios2eds/bin/gnu/h-i686-mingw32/bin/../lib/gcc/nios2-elf/4.1.2\libgcc.a(_umoddi3.o)
 .bss           0x00069e4c        0x0 c:/altera/12.1/nios2eds/bin/gnu/h-i686-mingw32/bin/../lib/gcc/nios2-elf/4.1.2\libgcc.a(_addsub_df.o)
 .bss           0x00069e4c        0x0 c:/altera/12.1/nios2eds/bin/gnu/h-i686-mingw32/bin/../lib/gcc/nios2-elf/4.1.2\libgcc.a(_mul_df.o)
 .bss           0x00069e4c        0x0 c:/altera/12.1/nios2eds/bin/gnu/h-i686-mingw32/bin/../lib/gcc/nios2-elf/4.1.2\libgcc.a(_div_df.o)
 .bss           0x00069e4c        0x0 c:/altera/12.1/nios2eds/bin/gnu/h-i686-mingw32/bin/../lib/gcc/nios2-elf/4.1.2\libgcc.a(_eq_df.o)
 .bss           0x00069e4c        0x0 c:/altera/12.1/nios2eds/bin/gnu/h-i686-mingw32/bin/../lib/gcc/nios2-elf/4.1.2\libgcc.a(_ne_df.o)
 .bss           0x00069e4c        0x0 c:/altera/12.1/nios2eds/bin/gnu/h-i686-mingw32/bin/../lib/gcc/nios2-elf/4.1.2\libgcc.a(_gt_df.o)
 .bss           0x00069e4c        0x0 c:/altera/12.1/nios2eds/bin/gnu/h-i686-mingw32/bin/../lib/gcc/nios2-elf/4.1.2\libgcc.a(_ge_df.o)
 .bss           0x00069e4c        0x0 c:/altera/12.1/nios2eds/bin/gnu/h-i686-mingw32/bin/../lib/gcc/nios2-elf/4.1.2\libgcc.a(_lt_df.o)
 .bss           0x00069e4c        0x0 c:/altera/12.1/nios2eds/bin/gnu/h-i686-mingw32/bin/../lib/gcc/nios2-elf/4.1.2\libgcc.a(_si_to_df.o)
 .bss           0x00069e4c        0x0 c:/altera/12.1/nios2eds/bin/gnu/h-i686-mingw32/bin/../lib/gcc/nios2-elf/4.1.2\libgcc.a(_df_to_si.o)
 .bss           0x00069e4c        0x0 c:/altera/12.1/nios2eds/bin/gnu/h-i686-mingw32/bin/../lib/gcc/nios2-elf/4.1.2\libgcc.a(_thenan_df.o)
 .bss           0x00069e4c        0x0 c:/altera/12.1/nios2eds/bin/gnu/h-i686-mingw32/bin/../lib/gcc/nios2-elf/4.1.2\libgcc.a(_usi_to_df.o)
 .bss           0x00069e4c        0x0 c:/altera/12.1/nios2eds/bin/gnu/h-i686-mingw32/bin/../lib/gcc/nios2-elf/4.1.2\libgcc.a(lib2-divmod.o)
 .bss           0x00069e4c        0x0 c:/altera/12.1/nios2eds/bin/gnu/h-i686-mingw32/bin/../lib/gcc/nios2-elf/4.1.2\libgcc.a(_muldi3.o)
 .bss           0x00069e4c        0x0 c:/altera/12.1/nios2eds/bin/gnu/h-i686-mingw32/bin/../lib/gcc/nios2-elf/4.1.2\libgcc.a(_clz.o)
 .bss           0x00069e4c        0x0 c:/altera/12.1/nios2eds/bin/gnu/h-i686-mingw32/bin/../lib/gcc/nios2-elf/4.1.2\libgcc.a(_clzsi2.o)
 .bss           0x00069e4c        0x0 c:/altera/12.1/nios2eds/bin/gnu/h-i686-mingw32/bin/../lib/gcc/nios2-elf/4.1.2\libgcc.a(_pack_df.o)
 .bss           0x00069e4c        0x0 c:/altera/12.1/nios2eds/bin/gnu/h-i686-mingw32/bin/../lib/gcc/nios2-elf/4.1.2\libgcc.a(_unpack_df.o)
 .bss           0x00069e4c        0x0 c:/altera/12.1/nios2eds/bin/gnu/h-i686-mingw32/bin/../lib/gcc/nios2-elf/4.1.2\libgcc.a(_fpcmp_parts_df.o)
 .bss           0x00069e4c        0x0 ../Producer_bsp/\libhal_bsp.a(alt_close.o)
 .bss           0x00069e4c        0x0 ../Producer_bsp/\libhal_bsp.a(alt_dev.o)
 .bss           0x00069e4c        0x0 ../Producer_bsp/\libhal_bsp.a(alt_errno.o)
 .bss           0x00069e4c        0x0 ../Producer_bsp/\libhal_bsp.a(alt_fstat.o)
 .bss           0x00069e4c        0x0 ../Producer_bsp/\libhal_bsp.a(alt_isatty.o)
 .bss           0x00069e4c        0x0 ../Producer_bsp/\libhal_bsp.a(alt_load.o)
 .bss           0x00069e4c        0x0 ../Producer_bsp/\libhal_bsp.a(alt_lseek.o)
 .bss           0x00069e4c        0x0 ../Producer_bsp/\libhal_bsp.a(alt_main.o)
 .bss           0x00069e4c        0x0 ../Producer_bsp/\libhal_bsp.a(alt_malloc_lock.o)
 .bss           0x00069e4c        0x0 ../Producer_bsp/\libhal_bsp.a(alt_read.o)
 .bss           0x00069e4c        0x0 ../Producer_bsp/\libhal_bsp.a(alt_release_fd.o)
 .bss           0x00069e4c        0x0 ../Producer_bsp/\libhal_bsp.a(alt_sbrk.o)
 .bss           0x00069e4c        0x0 ../Producer_bsp/\libhal_bsp.a(alt_write.o)
 .bss           0x00069e4c        0x0 ../Producer_bsp/\libhal_bsp.a(alt_sys_init.o)
 .bss           0x00069e4c        0x0 ../Producer_bsp/\libhal_bsp.a(altera_avalon_jtag_uart_fd.o)
 .bss           0x00069e4c        0x0 ../Producer_bsp/\libhal_bsp.a(altera_avalon_jtag_uart_init.o)
 .bss           0x00069e4c        0x0 ../Producer_bsp/\libhal_bsp.a(altera_avalon_jtag_uart_ioctl.o)
 .bss           0x00069e4c        0x0 ../Producer_bsp/\libhal_bsp.a(altera_avalon_jtag_uart_read.o)
 .bss           0x00069e4c        0x0 ../Producer_bsp/\libhal_bsp.a(altera_avalon_jtag_uart_write.o)
 .bss           0x00069e4c        0x0 ../Producer_bsp/\libhal_bsp.a(altera_avalon_timer_sc.o)
 .bss           0x00069e4c        0x0 ../Producer_bsp/\libhal_bsp.a(alt_alarm_start.o)
 .bss           0x00069e4c        0x0 ../Producer_bsp/\libhal_bsp.a(alt_dcache_flush_all.o)
 .bss           0x00069e4c        0x0 ../Producer_bsp/\libhal_bsp.a(alt_dev_llist_insert.o)
 .bss           0x00069e4c        0x0 ../Producer_bsp/\libhal_bsp.a(alt_do_ctors.o)
 .bss           0x00069e4c        0x0 ../Producer_bsp/\libhal_bsp.a(alt_do_dtors.o)
 .bss           0x00069e4c        0x0 ../Producer_bsp/\libhal_bsp.a(alt_icache_flush_all.o)
 .bss           0x00069e4c        0x0 ../Producer_bsp/\libhal_bsp.a(alt_iic.o)
 .bss           0x00069e4c        0x0 ../Producer_bsp/\libhal_bsp.a(alt_iic_isr_register.o)
 .bss           0x00069e4c        0x0 ../Producer_bsp/\libhal_bsp.a(alt_io_redirect.o)
 .bss           0x00069e4c        0x0 ../Producer_bsp/\libhal_bsp.a(alt_irq_entry.o)
 .bss           0x00069e4c        0x0 ../Producer_bsp/\libhal_bsp.a(alt_irq_handler.o)
 .bss           0x00069e4c        0x0 ../Producer_bsp/\libhal_bsp.a(alt_irq_vars.o)
 .bss           0x00069e4c        0x0 ../Producer_bsp/\libhal_bsp.a(alt_open.o)
 .bss           0x00069e4c        0x0 ../Producer_bsp/\libhal_bsp.a(alt_tick.o)
 .bss           0x00069e4c        0x0 ../Producer_bsp/\libhal_bsp.a(altera_nios2_qsys_irq.o)
 .bss           0x00069e4c        0x0 ../Producer_bsp/\libhal_bsp.a(alt_exception_entry.o)
 .bss           0x00069e4c        0x0 ../Producer_bsp/\libhal_bsp.a(alt_find_dev.o)
 .bss           0x00069e4c        0x0 ../Producer_bsp/\libhal_bsp.a(alt_find_file.o)
 .bss           0x00069e4c        0x0 ../Producer_bsp/\libhal_bsp.a(alt_get_fd.o)
 .bss           0x00069e4c        0x0 ../Producer_bsp/\libhal_bsp.a(alt_icache_flush.o)
 .bss           0x00069e4c        0x0 c:/altera/12.1/nios2eds/bin/gnu/h-i686-mingw32/bin/../lib/gcc/nios2-elf/4.1.2/../../../../nios2-elf/lib\libc.a(lib_a-atexit.o)
 .bss           0x00069e4c        0x0 c:/altera/12.1/nios2eds/bin/gnu/h-i686-mingw32/bin/../lib/gcc/nios2-elf/4.1.2/../../../../nios2-elf/lib\libc.a(lib_a-exit.o)
 .bss           0x00069e4c        0x0 c:/altera/12.1/nios2eds/bin/gnu/h-i686-mingw32/bin/../lib/gcc/nios2-elf/4.1.2/../../../../nios2-elf/lib\libc.a(lib_a-memcmp.o)
 .bss           0x00069e4c        0x0 c:/altera/12.1/nios2eds/bin/gnu/h-i686-mingw32/bin/../lib/gcc/nios2-elf/4.1.2/../../../../nios2-elf/lib\libc.a(lib_a-__atexit.o)
 .bss           0x00069e4c        0x0 c:/altera/12.1/nios2eds/bin/gnu/h-i686-mingw32/bin/../lib/gcc/nios2-elf/4.1.2/../../../../nios2-elf/lib\libc.a(lib_a-__call_atexit.o)
 .bss           0x00069e4c        0x0 ../Producer_bsp/\libhal_bsp.a(alt_exit.o)
 *(COMMON)
 COMMON         0x00069e4c      0x100 ../Producer_bsp/\libhal_bsp.a(alt_irq_handler.o)
                0x00069e4c                alt_irq
 COMMON         0x00069f4c      0x190 c:/altera/12.1/nios2eds/bin/gnu/h-i686-mingw32/bin/../lib/gcc/nios2-elf/4.1.2/../../../../nios2-elf/lib\libc.a(lib_a-atexit.o)
                0x00069f4c                _atexit0
                0x0006a0dc                . = ALIGN (0x4)
                0x0006a0dc                __bss_end = ABSOLUTE (.)

.onchip_instruction_memory1
                0x0002e1d4        0x0
                0x0002e1d4                PROVIDE (_alt_partition_onchip_instruction_memory1_start, ABSOLUTE (.))
 *(.onchip_instruction_memory1. onchip_instruction_memory1.*)
                0x0002e1d4                . = ALIGN (0x4)
                0x0002e1d4                PROVIDE (_alt_partition_onchip_instruction_memory1_end, ABSOLUTE (.))
                0x0002e1d4                PROVIDE (_alt_partition_onchip_instruction_memory1_load_addr, LOADADDR (.onchip_instruction_memory1))

.onchip_data_memory
                0x0006a0dc        0x0 load address 0x0002e1d4
                0x0006a0dc                PROVIDE (_alt_partition_onchip_data_memory_start, ABSOLUTE (.))
 *(.onchip_data_memory. onchip_data_memory.*)
                0x0006a0dc                . = ALIGN (0x4)
                0x0006a0dc                PROVIDE (_alt_partition_onchip_data_memory_end, ABSOLUTE (.))
                0x0006a0dc                _end = ABSOLUTE (.)
                0x0006a0dc                end = ABSOLUTE (.)
                0x0006a0dc                __alt_stack_base = ABSOLUTE (.)
                0x0002e1d4                PROVIDE (_alt_partition_onchip_data_memory_load_addr, LOADADDR (.onchip_data_memory))

.stab
 *(.stab)

.stabstr
 *(.stabstr)

.stab.excl
 *(.stab.excl)

.stab.exclstr
 *(.stab.exclstr)

.stab.index
 *(.stab.index)

.stab.indexstr
 *(.stab.indexstr)

.comment        0x00000000       0x23
 *(.comment)
 .comment       0x00000000       0x23 obj/default/FIFO_1.o
                                 0x24 (size before relaxing)
 .comment       0x00000000       0x24 obj/default/producer.o
 .comment       0x00000000       0x24 c:/altera/12.1/nios2eds/bin/gnu/h-i686-mingw32/bin/../lib/gcc/nios2-elf/4.1.2/../../../../nios2-elf/lib\libc.a(lib_a-printf.o)
 .comment       0x00000000       0x24 c:/altera/12.1/nios2eds/bin/gnu/h-i686-mingw32/bin/../lib/gcc/nios2-elf/4.1.2/../../../../nios2-elf/lib\libc.a(lib_a-puts.o)
 .comment       0x00000000       0x24 c:/altera/12.1/nios2eds/bin/gnu/h-i686-mingw32/bin/../lib/gcc/nios2-elf/4.1.2/../../../../nios2-elf/lib\libc.a(lib_a-strlen.o)
 .comment       0x00000000       0x24 c:/altera/12.1/nios2eds/bin/gnu/h-i686-mingw32/bin/../lib/gcc/nios2-elf/4.1.2/../../../../nios2-elf/lib\libc.a(lib_a-vfprintf.o)
 .comment       0x00000000       0x24 c:/altera/12.1/nios2eds/bin/gnu/h-i686-mingw32/bin/../lib/gcc/nios2-elf/4.1.2/../../../../nios2-elf/lib\libc.a(lib_a-wsetup.o)
 .comment       0x00000000       0x24 c:/altera/12.1/nios2eds/bin/gnu/h-i686-mingw32/bin/../lib/gcc/nios2-elf/4.1.2/../../../../nios2-elf/lib\libc.a(lib_a-dtoa.o)
 .comment       0x00000000       0x24 c:/altera/12.1/nios2eds/bin/gnu/h-i686-mingw32/bin/../lib/gcc/nios2-elf/4.1.2/../../../../nios2-elf/lib\libc.a(lib_a-fflush.o)
 .comment       0x00000000       0x24 c:/altera/12.1/nios2eds/bin/gnu/h-i686-mingw32/bin/../lib/gcc/nios2-elf/4.1.2/../../../../nios2-elf/lib\libc.a(lib_a-findfp.o)
 .comment       0x00000000       0x24 c:/altera/12.1/nios2eds/bin/gnu/h-i686-mingw32/bin/../lib/gcc/nios2-elf/4.1.2/../../../../nios2-elf/lib\libc.a(lib_a-freer.o)
 .comment       0x00000000       0x24 c:/altera/12.1/nios2eds/bin/gnu/h-i686-mingw32/bin/../lib/gcc/nios2-elf/4.1.2/../../../../nios2-elf/lib\libc.a(lib_a-fvwrite.o)
 .comment       0x00000000       0x24 c:/altera/12.1/nios2eds/bin/gnu/h-i686-mingw32/bin/../lib/gcc/nios2-elf/4.1.2/../../../../nios2-elf/lib\libc.a(lib_a-fwalk.o)
 .comment       0x00000000       0x24 c:/altera/12.1/nios2eds/bin/gnu/h-i686-mingw32/bin/../lib/gcc/nios2-elf/4.1.2/../../../../nios2-elf/lib\libc.a(lib_a-impure.o)
 .comment       0x00000000       0x24 c:/altera/12.1/nios2eds/bin/gnu/h-i686-mingw32/bin/../lib/gcc/nios2-elf/4.1.2/../../../../nios2-elf/lib\libc.a(lib_a-locale.o)
 .comment       0x00000000       0x24 c:/altera/12.1/nios2eds/bin/gnu/h-i686-mingw32/bin/../lib/gcc/nios2-elf/4.1.2/../../../../nios2-elf/lib\libc.a(lib_a-makebuf.o)
 .comment       0x00000000       0x24 c:/altera/12.1/nios2eds/bin/gnu/h-i686-mingw32/bin/../lib/gcc/nios2-elf/4.1.2/../../../../nios2-elf/lib\libc.a(lib_a-mallocr.o)
 .comment       0x00000000       0x24 c:/altera/12.1/nios2eds/bin/gnu/h-i686-mingw32/bin/../lib/gcc/nios2-elf/4.1.2/../../../../nios2-elf/lib\libc.a(lib_a-memchr.o)
 .comment       0x00000000       0x24 c:/altera/12.1/nios2eds/bin/gnu/h-i686-mingw32/bin/../lib/gcc/nios2-elf/4.1.2/../../../../nios2-elf/lib\libc.a(lib_a-memcpy.o)
 .comment       0x00000000       0x24 c:/altera/12.1/nios2eds/bin/gnu/h-i686-mingw32/bin/../lib/gcc/nios2-elf/4.1.2/../../../../nios2-elf/lib\libc.a(lib_a-memmove.o)
 .comment       0x00000000       0x24 c:/altera/12.1/nios2eds/bin/gnu/h-i686-mingw32/bin/../lib/gcc/nios2-elf/4.1.2/../../../../nios2-elf/lib\libc.a(lib_a-memset.o)
 .comment       0x00000000       0x24 c:/altera/12.1/nios2eds/bin/gnu/h-i686-mingw32/bin/../lib/gcc/nios2-elf/4.1.2/../../../../nios2-elf/lib\libc.a(lib_a-mprec.o)
 .comment       0x00000000       0x24 c:/altera/12.1/nios2eds/bin/gnu/h-i686-mingw32/bin/../lib/gcc/nios2-elf/4.1.2/../../../../nios2-elf/lib\libc.a(lib_a-reallocr.o)
 .comment       0x00000000       0x24 c:/altera/12.1/nios2eds/bin/gnu/h-i686-mingw32/bin/../lib/gcc/nios2-elf/4.1.2/../../../../nios2-elf/lib\libc.a(lib_a-s_isinfd.o)
 .comment       0x00000000       0x24 c:/altera/12.1/nios2eds/bin/gnu/h-i686-mingw32/bin/../lib/gcc/nios2-elf/4.1.2/../../../../nios2-elf/lib\libc.a(lib_a-s_isnand.o)
 .comment       0x00000000       0x24 c:/altera/12.1/nios2eds/bin/gnu/h-i686-mingw32/bin/../lib/gcc/nios2-elf/4.1.2/../../../../nios2-elf/lib\libc.a(lib_a-sbrkr.o)
 .comment       0x00000000       0x24 c:/altera/12.1/nios2eds/bin/gnu/h-i686-mingw32/bin/../lib/gcc/nios2-elf/4.1.2/../../../../nios2-elf/lib\libc.a(lib_a-stdio.o)
 .comment       0x00000000       0x24 c:/altera/12.1/nios2eds/bin/gnu/h-i686-mingw32/bin/../lib/gcc/nios2-elf/4.1.2/../../../../nios2-elf/lib\libc.a(lib_a-strcmp.o)
 .comment       0x00000000       0x24 c:/altera/12.1/nios2eds/bin/gnu/h-i686-mingw32/bin/../lib/gcc/nios2-elf/4.1.2/../../../../nios2-elf/lib\libc.a(lib_a-writer.o)
 .comment       0x00000000       0x24 c:/altera/12.1/nios2eds/bin/gnu/h-i686-mingw32/bin/../lib/gcc/nios2-elf/4.1.2/../../../../nios2-elf/lib\libc.a(lib_a-callocr.o)
 .comment       0x00000000       0x24 c:/altera/12.1/nios2eds/bin/gnu/h-i686-mingw32/bin/../lib/gcc/nios2-elf/4.1.2/../../../../nios2-elf/lib\libc.a(lib_a-closer.o)
 .comment       0x00000000       0x24 c:/altera/12.1/nios2eds/bin/gnu/h-i686-mingw32/bin/../lib/gcc/nios2-elf/4.1.2/../../../../nios2-elf/lib\libc.a(lib_a-fclose.o)
 .comment       0x00000000       0x24 c:/altera/12.1/nios2eds/bin/gnu/h-i686-mingw32/bin/../lib/gcc/nios2-elf/4.1.2/../../../../nios2-elf/lib\libc.a(lib_a-fstatr.o)
 .comment       0x00000000       0x24 c:/altera/12.1/nios2eds/bin/gnu/h-i686-mingw32/bin/../lib/gcc/nios2-elf/4.1.2/../../../../nios2-elf/lib\libc.a(lib_a-int_errno.o)
 .comment       0x00000000       0x24 c:/altera/12.1/nios2eds/bin/gnu/h-i686-mingw32/bin/../lib/gcc/nios2-elf/4.1.2/../../../../nios2-elf/lib\libc.a(lib_a-isattyr.o)
 .comment       0x00000000       0x24 c:/altera/12.1/nios2eds/bin/gnu/h-i686-mingw32/bin/../lib/gcc/nios2-elf/4.1.2/../../../../nios2-elf/lib\libc.a(lib_a-lseekr.o)
 .comment       0x00000000       0x24 c:/altera/12.1/nios2eds/bin/gnu/h-i686-mingw32/bin/../lib/gcc/nios2-elf/4.1.2/../../../../nios2-elf/lib\libc.a(lib_a-readr.o)
 .comment       0x00000000       0x24 c:/altera/12.1/nios2eds/bin/gnu/h-i686-mingw32/bin/../lib/gcc/nios2-elf/4.1.2\libgcc.a(_udivdi3.o)
 .comment       0x00000000       0x24 c:/altera/12.1/nios2eds/bin/gnu/h-i686-mingw32/bin/../lib/gcc/nios2-elf/4.1.2\libgcc.a(_umoddi3.o)
 .comment       0x00000000       0x24 c:/altera/12.1/nios2eds/bin/gnu/h-i686-mingw32/bin/../lib/gcc/nios2-elf/4.1.2\libgcc.a(_addsub_df.o)
 .comment       0x00000000       0x24 c:/altera/12.1/nios2eds/bin/gnu/h-i686-mingw32/bin/../lib/gcc/nios2-elf/4.1.2\libgcc.a(_mul_df.o)
 .comment       0x00000000       0x24 c:/altera/12.1/nios2eds/bin/gnu/h-i686-mingw32/bin/../lib/gcc/nios2-elf/4.1.2\libgcc.a(_div_df.o)
 .comment       0x00000000       0x24 c:/altera/12.1/nios2eds/bin/gnu/h-i686-mingw32/bin/../lib/gcc/nios2-elf/4.1.2\libgcc.a(_eq_df.o)
 .comment       0x00000000       0x24 c:/altera/12.1/nios2eds/bin/gnu/h-i686-mingw32/bin/../lib/gcc/nios2-elf/4.1.2\libgcc.a(_ne_df.o)
 .comment       0x00000000       0x24 c:/altera/12.1/nios2eds/bin/gnu/h-i686-mingw32/bin/../lib/gcc/nios2-elf/4.1.2\libgcc.a(_gt_df.o)
 .comment       0x00000000       0x24 c:/altera/12.1/nios2eds/bin/gnu/h-i686-mingw32/bin/../lib/gcc/nios2-elf/4.1.2\libgcc.a(_ge_df.o)
 .comment       0x00000000       0x24 c:/altera/12.1/nios2eds/bin/gnu/h-i686-mingw32/bin/../lib/gcc/nios2-elf/4.1.2\libgcc.a(_lt_df.o)
 .comment       0x00000000       0x24 c:/altera/12.1/nios2eds/bin/gnu/h-i686-mingw32/bin/../lib/gcc/nios2-elf/4.1.2\libgcc.a(_si_to_df.o)
 .comment       0x00000000       0x24 c:/altera/12.1/nios2eds/bin/gnu/h-i686-mingw32/bin/../lib/gcc/nios2-elf/4.1.2\libgcc.a(_df_to_si.o)
 .comment       0x00000000       0x24 c:/altera/12.1/nios2eds/bin/gnu/h-i686-mingw32/bin/../lib/gcc/nios2-elf/4.1.2\libgcc.a(_thenan_df.o)
 .comment       0x00000000       0x24 c:/altera/12.1/nios2eds/bin/gnu/h-i686-mingw32/bin/../lib/gcc/nios2-elf/4.1.2\libgcc.a(_usi_to_df.o)
 .comment       0x00000000       0x24 c:/altera/12.1/nios2eds/bin/gnu/h-i686-mingw32/bin/../lib/gcc/nios2-elf/4.1.2\libgcc.a(lib2-divmod.o)
 .comment       0x00000000       0x24 c:/altera/12.1/nios2eds/bin/gnu/h-i686-mingw32/bin/../lib/gcc/nios2-elf/4.1.2\libgcc.a(_muldi3.o)
 .comment       0x00000000       0x24 c:/altera/12.1/nios2eds/bin/gnu/h-i686-mingw32/bin/../lib/gcc/nios2-elf/4.1.2\libgcc.a(_clz.o)
 .comment       0x00000000       0x24 c:/altera/12.1/nios2eds/bin/gnu/h-i686-mingw32/bin/../lib/gcc/nios2-elf/4.1.2\libgcc.a(_clzsi2.o)
 .comment       0x00000000       0x24 c:/altera/12.1/nios2eds/bin/gnu/h-i686-mingw32/bin/../lib/gcc/nios2-elf/4.1.2\libgcc.a(_pack_df.o)
 .comment       0x00000000       0x24 c:/altera/12.1/nios2eds/bin/gnu/h-i686-mingw32/bin/../lib/gcc/nios2-elf/4.1.2\libgcc.a(_unpack_df.o)
 .comment       0x00000000       0x24 c:/altera/12.1/nios2eds/bin/gnu/h-i686-mingw32/bin/../lib/gcc/nios2-elf/4.1.2\libgcc.a(_fpcmp_parts_df.o)
 .comment       0x00000000       0x24 ../Producer_bsp/\libhal_bsp.a(alt_close.o)
 .comment       0x00000000       0x24 ../Producer_bsp/\libhal_bsp.a(alt_dev.o)
 .comment       0x00000000       0x24 ../Producer_bsp/\libhal_bsp.a(alt_errno.o)
 .comment       0x00000000       0x24 ../Producer_bsp/\libhal_bsp.a(alt_fstat.o)
 .comment       0x00000000       0x24 ../Producer_bsp/\libhal_bsp.a(alt_isatty.o)
 .comment       0x00000000       0x24 ../Producer_bsp/\libhal_bsp.a(alt_load.o)
 .comment       0x00000000       0x24 ../Producer_bsp/\libhal_bsp.a(alt_lseek.o)
 .comment       0x00000000       0x24 ../Producer_bsp/\libhal_bsp.a(alt_main.o)
 .comment       0x00000000       0x24 ../Producer_bsp/\libhal_bsp.a(alt_malloc_lock.o)
 .comment       0x00000000       0x24 ../Producer_bsp/\libhal_bsp.a(alt_read.o)
 .comment       0x00000000       0x24 ../Producer_bsp/\libhal_bsp.a(alt_release_fd.o)
 .comment       0x00000000       0x24 ../Producer_bsp/\libhal_bsp.a(alt_sbrk.o)
 .comment       0x00000000       0x24 ../Producer_bsp/\libhal_bsp.a(alt_write.o)
 .comment       0x00000000       0x24 ../Producer_bsp/\libhal_bsp.a(alt_sys_init.o)
 .comment       0x00000000       0x24 ../Producer_bsp/\libhal_bsp.a(altera_avalon_jtag_uart_fd.o)
 .comment       0x00000000       0x24 ../Producer_bsp/\libhal_bsp.a(altera_avalon_jtag_uart_init.o)
 .comment       0x00000000       0x24 ../Producer_bsp/\libhal_bsp.a(altera_avalon_jtag_uart_ioctl.o)
 .comment       0x00000000       0x24 ../Producer_bsp/\libhal_bsp.a(altera_avalon_jtag_uart_read.o)
 .comment       0x00000000       0x24 ../Producer_bsp/\libhal_bsp.a(altera_avalon_jtag_uart_write.o)
 .comment       0x00000000       0x24 ../Producer_bsp/\libhal_bsp.a(altera_avalon_timer_sc.o)
 .comment       0x00000000       0x24 ../Producer_bsp/\libhal_bsp.a(alt_alarm_start.o)
 .comment       0x00000000       0x24 ../Producer_bsp/\libhal_bsp.a(alt_dcache_flush_all.o)
 .comment       0x00000000       0x24 ../Producer_bsp/\libhal_bsp.a(alt_dev_llist_insert.o)
 .comment       0x00000000       0x24 ../Producer_bsp/\libhal_bsp.a(alt_do_ctors.o)
 .comment       0x00000000       0x24 ../Producer_bsp/\libhal_bsp.a(alt_do_dtors.o)
 .comment       0x00000000       0x24 ../Producer_bsp/\libhal_bsp.a(alt_icache_flush_all.o)
 .comment       0x00000000       0x24 ../Producer_bsp/\libhal_bsp.a(alt_iic.o)
 .comment       0x00000000       0x24 ../Producer_bsp/\libhal_bsp.a(alt_iic_isr_register.o)
 .comment       0x00000000       0x24 ../Producer_bsp/\libhal_bsp.a(alt_io_redirect.o)
 .comment       0x00000000       0x24 ../Producer_bsp/\libhal_bsp.a(alt_irq_handler.o)
 .comment       0x00000000       0x24 ../Producer_bsp/\libhal_bsp.a(alt_irq_vars.o)
 .comment       0x00000000       0x24 ../Producer_bsp/\libhal_bsp.a(alt_open.o)
 .comment       0x00000000       0x24 ../Producer_bsp/\libhal_bsp.a(alt_tick.o)
 .comment       0x00000000       0x24 ../Producer_bsp/\libhal_bsp.a(altera_nios2_qsys_irq.o)
 .comment       0x00000000       0x24 ../Producer_bsp/\libhal_bsp.a(alt_find_dev.o)
 .comment       0x00000000       0x24 ../Producer_bsp/\libhal_bsp.a(alt_find_file.o)
 .comment       0x00000000       0x24 ../Producer_bsp/\libhal_bsp.a(alt_get_fd.o)
 .comment       0x00000000       0x24 ../Producer_bsp/\libhal_bsp.a(alt_icache_flush.o)
 .comment       0x00000000       0x24 c:/altera/12.1/nios2eds/bin/gnu/h-i686-mingw32/bin/../lib/gcc/nios2-elf/4.1.2/../../../../nios2-elf/lib\libc.a(lib_a-atexit.o)
 .comment       0x00000000       0x24 c:/altera/12.1/nios2eds/bin/gnu/h-i686-mingw32/bin/../lib/gcc/nios2-elf/4.1.2/../../../../nios2-elf/lib\libc.a(lib_a-exit.o)
 .comment       0x00000000       0x24 c:/altera/12.1/nios2eds/bin/gnu/h-i686-mingw32/bin/../lib/gcc/nios2-elf/4.1.2/../../../../nios2-elf/lib\libc.a(lib_a-memcmp.o)
 .comment       0x00000000       0x24 c:/altera/12.1/nios2eds/bin/gnu/h-i686-mingw32/bin/../lib/gcc/nios2-elf/4.1.2/../../../../nios2-elf/lib\libc.a(lib_a-__atexit.o)
 .comment       0x00000000       0x24 c:/altera/12.1/nios2eds/bin/gnu/h-i686-mingw32/bin/../lib/gcc/nios2-elf/4.1.2/../../../../nios2-elf/lib\libc.a(lib_a-__call_atexit.o)
 .comment       0x00000000       0x24 ../Producer_bsp/\libhal_bsp.a(alt_exit.o)

.debug
 *(.debug)

.line
 *(.line)

.debug_srcinfo
 *(.debug_srcinfo)

.debug_sfnames
 *(.debug_sfnames)

.debug_aranges  0x00000000      0xc98
 *(.debug_aranges)
 .debug_aranges
                0x00000000       0x28 ../Producer_bsp//obj/HAL/src/crt0.o
 .debug_aranges
                0x00000028       0x20 obj/default/FIFO_1.o
 .debug_aranges
                0x00000048       0x20 obj/default/producer.o
 .debug_aranges
                0x00000068       0x20 c:/altera/12.1/nios2eds/bin/gnu/h-i686-mingw32/bin/../lib/gcc/nios2-elf/4.1.2/../../../../nios2-elf/lib\libc.a(lib_a-printf.o)
 .debug_aranges
                0x00000088       0x20 c:/altera/12.1/nios2eds/bin/gnu/h-i686-mingw32/bin/../lib/gcc/nios2-elf/4.1.2/../../../../nios2-elf/lib\libc.a(lib_a-puts.o)
 .debug_aranges
                0x000000a8       0x20 c:/altera/12.1/nios2eds/bin/gnu/h-i686-mingw32/bin/../lib/gcc/nios2-elf/4.1.2/../../../../nios2-elf/lib\libc.a(lib_a-strlen.o)
 .debug_aranges
                0x000000c8       0x20 c:/altera/12.1/nios2eds/bin/gnu/h-i686-mingw32/bin/../lib/gcc/nios2-elf/4.1.2/../../../../nios2-elf/lib\libc.a(lib_a-vfprintf.o)
 .debug_aranges
                0x000000e8       0x20 c:/altera/12.1/nios2eds/bin/gnu/h-i686-mingw32/bin/../lib/gcc/nios2-elf/4.1.2/../../../../nios2-elf/lib\libc.a(lib_a-wsetup.o)
 .debug_aranges
                0x00000108       0x20 c:/altera/12.1/nios2eds/bin/gnu/h-i686-mingw32/bin/../lib/gcc/nios2-elf/4.1.2/../../../../nios2-elf/lib\libc.a(lib_a-dtoa.o)
 .debug_aranges
                0x00000128       0x20 c:/altera/12.1/nios2eds/bin/gnu/h-i686-mingw32/bin/../lib/gcc/nios2-elf/4.1.2/../../../../nios2-elf/lib\libc.a(lib_a-fflush.o)
 .debug_aranges
                0x00000148       0x20 c:/altera/12.1/nios2eds/bin/gnu/h-i686-mingw32/bin/../lib/gcc/nios2-elf/4.1.2/../../../../nios2-elf/lib\libc.a(lib_a-findfp.o)
 .debug_aranges
                0x00000168       0x20 c:/altera/12.1/nios2eds/bin/gnu/h-i686-mingw32/bin/../lib/gcc/nios2-elf/4.1.2/../../../../nios2-elf/lib\libc.a(lib_a-freer.o)
 .debug_aranges
                0x00000188       0x20 c:/altera/12.1/nios2eds/bin/gnu/h-i686-mingw32/bin/../lib/gcc/nios2-elf/4.1.2/../../../../nios2-elf/lib\libc.a(lib_a-fvwrite.o)
 .debug_aranges
                0x000001a8       0x20 c:/altera/12.1/nios2eds/bin/gnu/h-i686-mingw32/bin/../lib/gcc/nios2-elf/4.1.2/../../../../nios2-elf/lib\libc.a(lib_a-fwalk.o)
 .debug_aranges
                0x000001c8       0x20 c:/altera/12.1/nios2eds/bin/gnu/h-i686-mingw32/bin/../lib/gcc/nios2-elf/4.1.2/../../../../nios2-elf/lib\libc.a(lib_a-locale.o)
 .debug_aranges
                0x000001e8       0x20 c:/altera/12.1/nios2eds/bin/gnu/h-i686-mingw32/bin/../lib/gcc/nios2-elf/4.1.2/../../../../nios2-elf/lib\libc.a(lib_a-makebuf.o)
 .debug_aranges
                0x00000208       0x20 c:/altera/12.1/nios2eds/bin/gnu/h-i686-mingw32/bin/../lib/gcc/nios2-elf/4.1.2/../../../../nios2-elf/lib\libc.a(lib_a-mallocr.o)
 .debug_aranges
                0x00000228       0x20 c:/altera/12.1/nios2eds/bin/gnu/h-i686-mingw32/bin/../lib/gcc/nios2-elf/4.1.2/../../../../nios2-elf/lib\libc.a(lib_a-memchr.o)
 .debug_aranges
                0x00000248       0x20 c:/altera/12.1/nios2eds/bin/gnu/h-i686-mingw32/bin/../lib/gcc/nios2-elf/4.1.2/../../../../nios2-elf/lib\libc.a(lib_a-memcpy.o)
 .debug_aranges
                0x00000268       0x20 c:/altera/12.1/nios2eds/bin/gnu/h-i686-mingw32/bin/../lib/gcc/nios2-elf/4.1.2/../../../../nios2-elf/lib\libc.a(lib_a-memmove.o)
 .debug_aranges
                0x00000288       0x20 c:/altera/12.1/nios2eds/bin/gnu/h-i686-mingw32/bin/../lib/gcc/nios2-elf/4.1.2/../../../../nios2-elf/lib\libc.a(lib_a-memset.o)
 .debug_aranges
                0x000002a8       0x20 c:/altera/12.1/nios2eds/bin/gnu/h-i686-mingw32/bin/../lib/gcc/nios2-elf/4.1.2/../../../../nios2-elf/lib\libc.a(lib_a-mprec.o)
 .debug_aranges
                0x000002c8       0x20 c:/altera/12.1/nios2eds/bin/gnu/h-i686-mingw32/bin/../lib/gcc/nios2-elf/4.1.2/../../../../nios2-elf/lib\libc.a(lib_a-reallocr.o)
 .debug_aranges
                0x000002e8       0x20 c:/altera/12.1/nios2eds/bin/gnu/h-i686-mingw32/bin/../lib/gcc/nios2-elf/4.1.2/../../../../nios2-elf/lib\libc.a(lib_a-s_isinfd.o)
 .debug_aranges
                0x00000308       0x20 c:/altera/12.1/nios2eds/bin/gnu/h-i686-mingw32/bin/../lib/gcc/nios2-elf/4.1.2/../../../../nios2-elf/lib\libc.a(lib_a-s_isnand.o)
 .debug_aranges
                0x00000328       0x20 c:/altera/12.1/nios2eds/bin/gnu/h-i686-mingw32/bin/../lib/gcc/nios2-elf/4.1.2/../../../../nios2-elf/lib\libc.a(lib_a-sbrkr.o)
 .debug_aranges
                0x00000348       0x20 c:/altera/12.1/nios2eds/bin/gnu/h-i686-mingw32/bin/../lib/gcc/nios2-elf/4.1.2/../../../../nios2-elf/lib\libc.a(lib_a-stdio.o)
 .debug_aranges
                0x00000368       0x20 c:/altera/12.1/nios2eds/bin/gnu/h-i686-mingw32/bin/../lib/gcc/nios2-elf/4.1.2/../../../../nios2-elf/lib\libc.a(lib_a-strcmp.o)
 .debug_aranges
                0x00000388       0x20 c:/altera/12.1/nios2eds/bin/gnu/h-i686-mingw32/bin/../lib/gcc/nios2-elf/4.1.2/../../../../nios2-elf/lib\libc.a(lib_a-writer.o)
 .debug_aranges
                0x000003a8       0x20 c:/altera/12.1/nios2eds/bin/gnu/h-i686-mingw32/bin/../lib/gcc/nios2-elf/4.1.2/../../../../nios2-elf/lib\libc.a(lib_a-callocr.o)
 .debug_aranges
                0x000003c8       0x20 c:/altera/12.1/nios2eds/bin/gnu/h-i686-mingw32/bin/../lib/gcc/nios2-elf/4.1.2/../../../../nios2-elf/lib\libc.a(lib_a-closer.o)
 .debug_aranges
                0x000003e8       0x20 c:/altera/12.1/nios2eds/bin/gnu/h-i686-mingw32/bin/../lib/gcc/nios2-elf/4.1.2/../../../../nios2-elf/lib\libc.a(lib_a-fclose.o)
 .debug_aranges
                0x00000408       0x20 c:/altera/12.1/nios2eds/bin/gnu/h-i686-mingw32/bin/../lib/gcc/nios2-elf/4.1.2/../../../../nios2-elf/lib\libc.a(lib_a-fstatr.o)
 .debug_aranges
                0x00000428       0x20 c:/altera/12.1/nios2eds/bin/gnu/h-i686-mingw32/bin/../lib/gcc/nios2-elf/4.1.2/../../../../nios2-elf/lib\libc.a(lib_a-isattyr.o)
 .debug_aranges
                0x00000448       0x20 c:/altera/12.1/nios2eds/bin/gnu/h-i686-mingw32/bin/../lib/gcc/nios2-elf/4.1.2/../../../../nios2-elf/lib\libc.a(lib_a-lseekr.o)
 .debug_aranges
                0x00000468       0x20 c:/altera/12.1/nios2eds/bin/gnu/h-i686-mingw32/bin/../lib/gcc/nios2-elf/4.1.2/../../../../nios2-elf/lib\libc.a(lib_a-readr.o)
 .debug_aranges
                0x00000488       0x20 c:/altera/12.1/nios2eds/bin/gnu/h-i686-mingw32/bin/../lib/gcc/nios2-elf/4.1.2\libgcc.a(_udivdi3.o)
 .debug_aranges
                0x000004a8       0x20 c:/altera/12.1/nios2eds/bin/gnu/h-i686-mingw32/bin/../lib/gcc/nios2-elf/4.1.2\libgcc.a(_umoddi3.o)
 .debug_aranges
                0x000004c8       0x20 c:/altera/12.1/nios2eds/bin/gnu/h-i686-mingw32/bin/../lib/gcc/nios2-elf/4.1.2\libgcc.a(_addsub_df.o)
 .debug_aranges
                0x000004e8       0x20 c:/altera/12.1/nios2eds/bin/gnu/h-i686-mingw32/bin/../lib/gcc/nios2-elf/4.1.2\libgcc.a(_mul_df.o)
 .debug_aranges
                0x00000508       0x20 c:/altera/12.1/nios2eds/bin/gnu/h-i686-mingw32/bin/../lib/gcc/nios2-elf/4.1.2\libgcc.a(_div_df.o)
 .debug_aranges
                0x00000528       0x20 c:/altera/12.1/nios2eds/bin/gnu/h-i686-mingw32/bin/../lib/gcc/nios2-elf/4.1.2\libgcc.a(_eq_df.o)
 .debug_aranges
                0x00000548       0x20 c:/altera/12.1/nios2eds/bin/gnu/h-i686-mingw32/bin/../lib/gcc/nios2-elf/4.1.2\libgcc.a(_ne_df.o)
 .debug_aranges
                0x00000568       0x20 c:/altera/12.1/nios2eds/bin/gnu/h-i686-mingw32/bin/../lib/gcc/nios2-elf/4.1.2\libgcc.a(_gt_df.o)
 .debug_aranges
                0x00000588       0x20 c:/altera/12.1/nios2eds/bin/gnu/h-i686-mingw32/bin/../lib/gcc/nios2-elf/4.1.2\libgcc.a(_ge_df.o)
 .debug_aranges
                0x000005a8       0x20 c:/altera/12.1/nios2eds/bin/gnu/h-i686-mingw32/bin/../lib/gcc/nios2-elf/4.1.2\libgcc.a(_lt_df.o)
 .debug_aranges
                0x000005c8       0x20 c:/altera/12.1/nios2eds/bin/gnu/h-i686-mingw32/bin/../lib/gcc/nios2-elf/4.1.2\libgcc.a(_si_to_df.o)
 .debug_aranges
                0x000005e8       0x20 c:/altera/12.1/nios2eds/bin/gnu/h-i686-mingw32/bin/../lib/gcc/nios2-elf/4.1.2\libgcc.a(_df_to_si.o)
 .debug_aranges
                0x00000608       0x20 c:/altera/12.1/nios2eds/bin/gnu/h-i686-mingw32/bin/../lib/gcc/nios2-elf/4.1.2\libgcc.a(_usi_to_df.o)
 .debug_aranges
                0x00000628       0x20 c:/altera/12.1/nios2eds/bin/gnu/h-i686-mingw32/bin/../lib/gcc/nios2-elf/4.1.2\libgcc.a(lib2-divmod.o)
 .debug_aranges
                0x00000648       0x20 c:/altera/12.1/nios2eds/bin/gnu/h-i686-mingw32/bin/../lib/gcc/nios2-elf/4.1.2\libgcc.a(_muldi3.o)
 .debug_aranges
                0x00000668       0x20 c:/altera/12.1/nios2eds/bin/gnu/h-i686-mingw32/bin/../lib/gcc/nios2-elf/4.1.2\libgcc.a(_clzsi2.o)
 .debug_aranges
                0x00000688       0x20 c:/altera/12.1/nios2eds/bin/gnu/h-i686-mingw32/bin/../lib/gcc/nios2-elf/4.1.2\libgcc.a(_pack_df.o)
 .debug_aranges
                0x000006a8       0x20 c:/altera/12.1/nios2eds/bin/gnu/h-i686-mingw32/bin/../lib/gcc/nios2-elf/4.1.2\libgcc.a(_unpack_df.o)
 .debug_aranges
                0x000006c8       0x20 c:/altera/12.1/nios2eds/bin/gnu/h-i686-mingw32/bin/../lib/gcc/nios2-elf/4.1.2\libgcc.a(_fpcmp_parts_df.o)
 .debug_aranges
                0x000006e8       0x20 ../Producer_bsp/\libhal_bsp.a(alt_close.o)
 .debug_aranges
                0x00000708       0x20 ../Producer_bsp/\libhal_bsp.a(alt_dev.o)
 .debug_aranges
                0x00000728       0x20 ../Producer_bsp/\libhal_bsp.a(alt_fstat.o)
 .debug_aranges
                0x00000748       0x20 ../Producer_bsp/\libhal_bsp.a(alt_isatty.o)
 .debug_aranges
                0x00000768       0x20 ../Producer_bsp/\libhal_bsp.a(alt_load.o)
 .debug_aranges
                0x00000788       0x20 ../Producer_bsp/\libhal_bsp.a(alt_lseek.o)
 .debug_aranges
                0x000007a8       0x20 ../Producer_bsp/\libhal_bsp.a(alt_main.o)
 .debug_aranges
                0x000007c8       0x20 ../Producer_bsp/\libhal_bsp.a(alt_malloc_lock.o)
 .debug_aranges
                0x000007e8       0x20 ../Producer_bsp/\libhal_bsp.a(alt_read.o)
 .debug_aranges
                0x00000808       0x20 ../Producer_bsp/\libhal_bsp.a(alt_release_fd.o)
 .debug_aranges
                0x00000828       0x20 ../Producer_bsp/\libhal_bsp.a(alt_sbrk.o)
 .debug_aranges
                0x00000848       0x20 ../Producer_bsp/\libhal_bsp.a(alt_write.o)
 .debug_aranges
                0x00000868       0x20 ../Producer_bsp/\libhal_bsp.a(alt_sys_init.o)
 .debug_aranges
                0x00000888       0x20 ../Producer_bsp/\libhal_bsp.a(altera_avalon_jtag_uart_fd.o)
 .debug_aranges
                0x000008a8       0x20 ../Producer_bsp/\libhal_bsp.a(altera_avalon_jtag_uart_init.o)
 .debug_aranges
                0x000008c8       0x20 ../Producer_bsp/\libhal_bsp.a(altera_avalon_jtag_uart_ioctl.o)
 .debug_aranges
                0x000008e8       0x20 ../Producer_bsp/\libhal_bsp.a(altera_avalon_jtag_uart_read.o)
 .debug_aranges
                0x00000908       0x20 ../Producer_bsp/\libhal_bsp.a(altera_avalon_jtag_uart_write.o)
 .debug_aranges
                0x00000928       0x20 ../Producer_bsp/\libhal_bsp.a(altera_avalon_timer_sc.o)
 .debug_aranges
                0x00000948       0x20 ../Producer_bsp/\libhal_bsp.a(alt_alarm_start.o)
 .debug_aranges
                0x00000968       0x20 ../Producer_bsp/\libhal_bsp.a(alt_dcache_flush_all.o)
 .debug_aranges
                0x00000988       0x20 ../Producer_bsp/\libhal_bsp.a(alt_dev_llist_insert.o)
 .debug_aranges
                0x000009a8       0x20 ../Producer_bsp/\libhal_bsp.a(alt_do_ctors.o)
 .debug_aranges
                0x000009c8       0x20 ../Producer_bsp/\libhal_bsp.a(alt_do_dtors.o)
 .debug_aranges
                0x000009e8       0x20 ../Producer_bsp/\libhal_bsp.a(alt_icache_flush_all.o)
 .debug_aranges
                0x00000a08       0x20 ../Producer_bsp/\libhal_bsp.a(alt_iic.o)
 .debug_aranges
                0x00000a28       0x20 ../Producer_bsp/\libhal_bsp.a(alt_iic_isr_register.o)
 .debug_aranges
                0x00000a48       0x20 ../Producer_bsp/\libhal_bsp.a(alt_io_redirect.o)
 .debug_aranges
                0x00000a68       0x30 ../Producer_bsp/\libhal_bsp.a(alt_irq_entry.o)
 .debug_aranges
                0x00000a98       0x28 ../Producer_bsp/\libhal_bsp.a(alt_irq_handler.o)
 .debug_aranges
                0x00000ac0       0x20 ../Producer_bsp/\libhal_bsp.a(alt_open.o)
 .debug_aranges
                0x00000ae0       0x20 ../Producer_bsp/\libhal_bsp.a(alt_tick.o)
 .debug_aranges
                0x00000b00       0x20 ../Producer_bsp/\libhal_bsp.a(altera_nios2_qsys_irq.o)
 .debug_aranges
                0x00000b20       0x38 ../Producer_bsp/\libhal_bsp.a(alt_exception_entry.o)
 .debug_aranges
                0x00000b58       0x20 ../Producer_bsp/\libhal_bsp.a(alt_find_dev.o)
 .debug_aranges
                0x00000b78       0x20 ../Producer_bsp/\libhal_bsp.a(alt_find_file.o)
 .debug_aranges
                0x00000b98       0x20 ../Producer_bsp/\libhal_bsp.a(alt_get_fd.o)
 .debug_aranges
                0x00000bb8       0x20 ../Producer_bsp/\libhal_bsp.a(alt_icache_flush.o)
 .debug_aranges
                0x00000bd8       0x20 c:/altera/12.1/nios2eds/bin/gnu/h-i686-mingw32/bin/../lib/gcc/nios2-elf/4.1.2/../../../../nios2-elf/lib\libc.a(lib_a-atexit.o)
 .debug_aranges
                0x00000bf8       0x20 c:/altera/12.1/nios2eds/bin/gnu/h-i686-mingw32/bin/../lib/gcc/nios2-elf/4.1.2/../../../../nios2-elf/lib\libc.a(lib_a-exit.o)
 .debug_aranges
                0x00000c18       0x20 c:/altera/12.1/nios2eds/bin/gnu/h-i686-mingw32/bin/../lib/gcc/nios2-elf/4.1.2/../../../../nios2-elf/lib\libc.a(lib_a-memcmp.o)
 .debug_aranges
                0x00000c38       0x20 c:/altera/12.1/nios2eds/bin/gnu/h-i686-mingw32/bin/../lib/gcc/nios2-elf/4.1.2/../../../../nios2-elf/lib\libc.a(lib_a-__atexit.o)
 .debug_aranges
                0x00000c58       0x20 c:/altera/12.1/nios2eds/bin/gnu/h-i686-mingw32/bin/../lib/gcc/nios2-elf/4.1.2/../../../../nios2-elf/lib\libc.a(lib_a-__call_atexit.o)
 .debug_aranges
                0x00000c78       0x20 ../Producer_bsp/\libhal_bsp.a(alt_exit.o)

.debug_pubnames
                0x00000000     0x13f1
 *(.debug_pubnames)
 .debug_pubnames
                0x00000000       0x79 obj/default/FIFO_1.o
 .debug_pubnames
                0x00000079       0x68 obj/default/producer.o
 .debug_pubnames
                0x000000e1       0x2b c:/altera/12.1/nios2eds/bin/gnu/h-i686-mingw32/bin/../lib/gcc/nios2-elf/4.1.2/../../../../nios2-elf/lib\libc.a(lib_a-printf.o)
 .debug_pubnames
                0x0000010c       0x27 c:/altera/12.1/nios2eds/bin/gnu/h-i686-mingw32/bin/../lib/gcc/nios2-elf/4.1.2/../../../../nios2-elf/lib\libc.a(lib_a-puts.o)
 .debug_pubnames
                0x00000133       0x1d c:/altera/12.1/nios2eds/bin/gnu/h-i686-mingw32/bin/../lib/gcc/nios2-elf/4.1.2/../../../../nios2-elf/lib\libc.a(lib_a-strlen.o)
 .debug_pubnames
                0x00000150       0x45 c:/altera/12.1/nios2eds/bin/gnu/h-i686-mingw32/bin/../lib/gcc/nios2-elf/4.1.2/../../../../nios2-elf/lib\libc.a(lib_a-vfprintf.o)
 .debug_pubnames
                0x00000195       0x22 c:/altera/12.1/nios2eds/bin/gnu/h-i686-mingw32/bin/../lib/gcc/nios2-elf/4.1.2/../../../../nios2-elf/lib\libc.a(lib_a-wsetup.o)
 .debug_pubnames
                0x000001b7       0x1e c:/altera/12.1/nios2eds/bin/gnu/h-i686-mingw32/bin/../lib/gcc/nios2-elf/4.1.2/../../../../nios2-elf/lib\libc.a(lib_a-dtoa.o)
 .debug_pubnames
                0x000001d5       0x2b c:/altera/12.1/nios2eds/bin/gnu/h-i686-mingw32/bin/../lib/gcc/nios2-elf/4.1.2/../../../../nios2-elf/lib\libc.a(lib_a-fflush.o)
 .debug_pubnames
                0x00000200       0xdb c:/altera/12.1/nios2eds/bin/gnu/h-i686-mingw32/bin/../lib/gcc/nios2-elf/4.1.2/../../../../nios2-elf/lib\libc.a(lib_a-findfp.o)
 .debug_pubnames
                0x000002db       0x31 c:/altera/12.1/nios2eds/bin/gnu/h-i686-mingw32/bin/../lib/gcc/nios2-elf/4.1.2/../../../../nios2-elf/lib\libc.a(lib_a-freer.o)
 .debug_pubnames
                0x0000030c       0x23 c:/altera/12.1/nios2eds/bin/gnu/h-i686-mingw32/bin/../lib/gcc/nios2-elf/4.1.2/../../../../nios2-elf/lib\libc.a(lib_a-fvwrite.o)
 .debug_pubnames
                0x0000032f       0x2e c:/altera/12.1/nios2eds/bin/gnu/h-i686-mingw32/bin/../lib/gcc/nios2-elf/4.1.2/../../../../nios2-elf/lib\libc.a(lib_a-fwalk.o)
 .debug_pubnames
                0x0000035d       0x39 c:/altera/12.1/nios2eds/bin/gnu/h-i686-mingw32/bin/../lib/gcc/nios2-elf/4.1.2/../../../../nios2-elf/lib\libc.a(lib_a-impure.o)
 .debug_pubnames