Archive member included because of file (symbol)

c:/altera/12.1/nios2eds/bin/gnu/h-i686-mingw32/bin/../lib/gcc/nios2-elf/4.1.2/../../../../nios2-elf/lib\libc.a(lib_a-malloc.o)
                              obj/default/dct.o (malloc)
c:/altera/12.1/nios2eds/bin/gnu/h-i686-mingw32/bin/../lib/gcc/nios2-elf/4.1.2/../../../../nios2-elf/lib\libc.a(lib_a-mallocr.o)
                              c:/altera/12.1/nios2eds/bin/gnu/h-i686-mingw32/bin/../lib/gcc/nios2-elf/4.1.2/../../../../nios2-elf/lib\libc.a(lib_a-malloc.o) (_malloc_r)
c:/altera/12.1/nios2eds/bin/gnu/h-i686-mingw32/bin/../lib/gcc/nios2-elf/4.1.2/../../../../nios2-elf/lib\libc.a(lib_a-sbrkr.o)
                              c:/altera/12.1/nios2eds/bin/gnu/h-i686-mingw32/bin/../lib/gcc/nios2-elf/4.1.2/../../../../nios2-elf/lib\libc.a(lib_a-mallocr.o) (_sbrk_r)
c:/altera/12.1/nios2eds/bin/gnu/h-i686-mingw32/bin/../lib/gcc/nios2-elf/4.1.2/../../../../nios2-elf/lib\libc.a(lib_a-freer.o)
                              c:/altera/12.1/nios2eds/bin/gnu/h-i686-mingw32/bin/../lib/gcc/nios2-elf/4.1.2/../../../../nios2-elf/lib\libc.a(lib_a-malloc.o) (_free_r)
c:/altera/12.1/nios2eds/bin/gnu/h-i686-mingw32/bin/../lib/gcc/nios2-elf/4.1.2/../../../../nios2-elf/lib\libc.a(lib_a-impure.o)
                              c:/altera/12.1/nios2eds/bin/gnu/h-i686-mingw32/bin/../lib/gcc/nios2-elf/4.1.2/../../../../nios2-elf/lib\libc.a(lib_a-malloc.o) (_impure_ptr)
c:/altera/12.1/nios2eds/bin/gnu/h-i686-mingw32/bin/../lib/gcc/nios2-elf/4.1.2/../../../../nios2-elf/lib\libc.a(lib_a-int_errno.o)
                              c:/altera/12.1/nios2eds/bin/gnu/h-i686-mingw32/bin/../lib/gcc/nios2-elf/4.1.2/../../../../nios2-elf/lib\libc.a(lib_a-sbrkr.o) (errno)
../Stage2_bsp/\libhal_bsp.a(alt_load.o)
                              ../Stage2_bsp//obj/HAL/src/crt0.o (alt_load)
../Stage2_bsp/\libhal_bsp.a(alt_main.o)
                              ../Stage2_bsp//obj/HAL/src/crt0.o (alt_main)
../Stage2_bsp/\libhal_bsp.a(alt_malloc_lock.o)
                              c:/altera/12.1/nios2eds/bin/gnu/h-i686-mingw32/bin/../lib/gcc/nios2-elf/4.1.2/../../../../nios2-elf/lib\libc.a(lib_a-mallocr.o) (__malloc_lock)
../Stage2_bsp/\libhal_bsp.a(alt_sbrk.o)
                              c:/altera/12.1/nios2eds/bin/gnu/h-i686-mingw32/bin/../lib/gcc/nios2-elf/4.1.2/../../../../nios2-elf/lib\libc.a(lib_a-sbrkr.o) (sbrk)
../Stage2_bsp/\libhal_bsp.a(alt_sys_init.o)
                              ../Stage2_bsp/\libhal_bsp.a(alt_main.o) (alt_irq_init)
../Stage2_bsp/\libhal_bsp.a(altera_avalon_fifo_util.o)
                              obj/default/dct.o (altera_avalon_fifo_write_fifo)
../Stage2_bsp/\libhal_bsp.a(altera_avalon_jtag_uart_fd.o)
                              ../Stage2_bsp/\libhal_bsp.a(alt_sys_init.o) (altera_avalon_jtag_uart_read_fd)
../Stage2_bsp/\libhal_bsp.a(altera_avalon_jtag_uart_init.o)
                              ../Stage2_bsp/\libhal_bsp.a(alt_sys_init.o) (altera_avalon_jtag_uart_init)
../Stage2_bsp/\libhal_bsp.a(altera_avalon_jtag_uart_ioctl.o)
                              ../Stage2_bsp/\libhal_bsp.a(altera_avalon_jtag_uart_fd.o) (altera_avalon_jtag_uart_ioctl)
../Stage2_bsp/\libhal_bsp.a(altera_avalon_jtag_uart_read.o)
                              ../Stage2_bsp/\libhal_bsp.a(altera_avalon_jtag_uart_fd.o) (altera_avalon_jtag_uart_read)
../Stage2_bsp/\libhal_bsp.a(altera_avalon_jtag_uart_write.o)
                              ../Stage2_bsp/\libhal_bsp.a(altera_avalon_jtag_uart_fd.o) (altera_avalon_jtag_uart_write)
../Stage2_bsp/\libhal_bsp.a(altera_avalon_timer_sc.o)
                              ../Stage2_bsp/\libhal_bsp.a(alt_sys_init.o) (alt_avalon_timer_sc_init)
../Stage2_bsp/\libhal_bsp.a(alt_alarm_start.o)
                              ../Stage2_bsp/\libhal_bsp.a(altera_avalon_jtag_uart_init.o) (alt_alarm_start)
../Stage2_bsp/\libhal_bsp.a(alt_close.o)
                              ../Stage2_bsp/\libhal_bsp.a(alt_main.o) (close)
../Stage2_bsp/\libhal_bsp.a(alt_dcache_flush_all.o)
                              ../Stage2_bsp/\libhal_bsp.a(alt_load.o) (alt_dcache_flush_all)
../Stage2_bsp/\libhal_bsp.a(alt_dev.o)
                              ../Stage2_bsp/\libhal_bsp.a(alt_sys_init.o) (alt_dev_list)
../Stage2_bsp/\libhal_bsp.a(alt_dev_llist_insert.o)
                              ../Stage2_bsp/\libhal_bsp.a(alt_sys_init.o) (alt_dev_llist_insert)
../Stage2_bsp/\libhal_bsp.a(alt_do_ctors.o)
                              ../Stage2_bsp/\libhal_bsp.a(alt_main.o) (_do_ctors)
../Stage2_bsp/\libhal_bsp.a(alt_do_dtors.o)
                              ../Stage2_bsp/\libhal_bsp.a(alt_main.o) (_do_dtors)
../Stage2_bsp/\libhal_bsp.a(alt_errno.o)
                              ../Stage2_bsp/\libhal_bsp.a(alt_close.o) (alt_errno)
../Stage2_bsp/\libhal_bsp.a(alt_icache_flush_all.o)
                              ../Stage2_bsp/\libhal_bsp.a(alt_load.o) (alt_icache_flush_all)
../Stage2_bsp/\libhal_bsp.a(alt_iic.o)
                              ../Stage2_bsp/\libhal_bsp.a(altera_avalon_jtag_uart_init.o) (alt_ic_isr_register)
../Stage2_bsp/\libhal_bsp.a(alt_iic_isr_register.o)
                              ../Stage2_bsp/\libhal_bsp.a(alt_iic.o) (alt_iic_isr_register)
../Stage2_bsp/\libhal_bsp.a(alt_io_redirect.o)
                              ../Stage2_bsp/\libhal_bsp.a(alt_main.o) (alt_io_redirect)
../Stage2_bsp/\libhal_bsp.a(alt_irq_entry.o)
                              ../Stage2_bsp/\libhal_bsp.a(alt_iic_isr_register.o) (alt_irq_entry)
../Stage2_bsp/\libhal_bsp.a(alt_irq_handler.o)
                              ../Stage2_bsp/\libhal_bsp.a(alt_iic_isr_register.o) (alt_irq_handler)
../Stage2_bsp/\libhal_bsp.a(alt_irq_vars.o)
                              ../Stage2_bsp/\libhal_bsp.a(alt_iic.o) (alt_irq_active)
../Stage2_bsp/\libhal_bsp.a(alt_open.o)
                              ../Stage2_bsp/\libhal_bsp.a(alt_io_redirect.o) (open)
../Stage2_bsp/\libhal_bsp.a(alt_release_fd.o)
                              ../Stage2_bsp/\libhal_bsp.a(alt_close.o) (alt_release_fd)
../Stage2_bsp/\libhal_bsp.a(alt_tick.o)
                              ../Stage2_bsp/\libhal_bsp.a(altera_avalon_jtag_uart_init.o) (_alt_tick_rate)
../Stage2_bsp/\libhal_bsp.a(altera_nios2_qsys_irq.o)
                              ../Stage2_bsp/\libhal_bsp.a(alt_sys_init.o) (altera_nios2_qsys_irq_init)
../Stage2_bsp/\libhal_bsp.a(alt_exception_entry.o)
                              ../Stage2_bsp/\libhal_bsp.a(alt_irq_entry.o) (alt_exception)
../Stage2_bsp/\libhal_bsp.a(alt_find_dev.o)
                              ../Stage2_bsp/\libhal_bsp.a(alt_open.o) (alt_find_dev)
../Stage2_bsp/\libhal_bsp.a(alt_find_file.o)
                              ../Stage2_bsp/\libhal_bsp.a(alt_open.o) (alt_find_file)
../Stage2_bsp/\libhal_bsp.a(alt_get_fd.o)
                              ../Stage2_bsp/\libhal_bsp.a(alt_open.o) (alt_get_fd)
../Stage2_bsp/\libhal_bsp.a(alt_icache_flush.o)
                              ../Stage2_bsp/\libhal_bsp.a(alt_icache_flush_all.o) (alt_icache_flush)
c:/altera/12.1/nios2eds/bin/gnu/h-i686-mingw32/bin/../lib/gcc/nios2-elf/4.1.2/../../../../nios2-elf/lib\libc.a(lib_a-atexit.o)
                              ../Stage2_bsp/\libhal_bsp.a(alt_main.o) (atexit)
c:/altera/12.1/nios2eds/bin/gnu/h-i686-mingw32/bin/../lib/gcc/nios2-elf/4.1.2/../../../../nios2-elf/lib\libc.a(lib_a-exit.o)
                              ../Stage2_bsp/\libhal_bsp.a(alt_main.o) (exit)
c:/altera/12.1/nios2eds/bin/gnu/h-i686-mingw32/bin/../lib/gcc/nios2-elf/4.1.2/../../../../nios2-elf/lib\libc.a(lib_a-memcmp.o)
                              ../Stage2_bsp/\libhal_bsp.a(alt_find_dev.o) (memcmp)
c:/altera/12.1/nios2eds/bin/gnu/h-i686-mingw32/bin/../lib/gcc/nios2-elf/4.1.2/../../../../nios2-elf/lib\libc.a(lib_a-memcpy.o)
                              ../Stage2_bsp/\libhal_bsp.a(altera_avalon_jtag_uart_read.o) (memcpy)
c:/altera/12.1/nios2eds/bin/gnu/h-i686-mingw32/bin/../lib/gcc/nios2-elf/4.1.2/../../../../nios2-elf/lib\libc.a(lib_a-strlen.o)
                              ../Stage2_bsp/\libhal_bsp.a(alt_find_dev.o) (strlen)
c:/altera/12.1/nios2eds/bin/gnu/h-i686-mingw32/bin/../lib/gcc/nios2-elf/4.1.2/../../../../nios2-elf/lib\libc.a(lib_a-__atexit.o)
                              c:/altera/12.1/nios2eds/bin/gnu/h-i686-mingw32/bin/../lib/gcc/nios2-elf/4.1.2/../../../../nios2-elf/lib\libc.a(lib_a-atexit.o) (__register_exitproc)
c:/altera/12.1/nios2eds/bin/gnu/h-i686-mingw32/bin/../lib/gcc/nios2-elf/4.1.2/../../../../nios2-elf/lib\libc.a(lib_a-__call_atexit.o)
                              c:/altera/12.1/nios2eds/bin/gnu/h-i686-mingw32/bin/../lib/gcc/nios2-elf/4.1.2/../../../../nios2-elf/lib\libc.a(lib_a-exit.o) (__call_exitprocs)
../Stage2_bsp/\libhal_bsp.a(alt_exit.o)
                              c:/altera/12.1/nios2eds/bin/gnu/h-i686-mingw32/bin/../lib/gcc/nios2-elf/4.1.2/../../../../nios2-elf/lib\libc.a(lib_a-exit.o) (_exit)

Allocating common symbols
Common symbol       size              file

alt_irq             0x100             ../Stage2_bsp/\libhal_bsp.a(alt_irq_handler.o)
errno               0x4               c:/altera/12.1/nios2eds/bin/gnu/h-i686-mingw32/bin/../lib/gcc/nios2-elf/4.1.2/../../../../nios2-elf/lib\libc.a(lib_a-int_errno.o)
data                0x4               obj/default/dct.o
_atexit0            0x190             c:/altera/12.1/nios2eds/bin/gnu/h-i686-mingw32/bin/../lib/gcc/nios2-elf/4.1.2/../../../../nios2-elf/lib\libc.a(lib_a-atexit.o)

Memory Configuration

Name             Origin             Length             Attributes
sdram_controller 0x02aaaaa0         0x01555550
reset            0x08001800         0x00000020
instruction_mem_2 0x08001820         0x000003e0
*default*        0x00000000         0xffffffff

Linker script and memory map

LOAD ../Stage2_bsp//obj/HAL/src/crt0.o
LOAD obj/default/dct.o
LOAD c:/altera/12.1/nios2eds/bin/gnu/h-i686-mingw32/bin/../lib/gcc/nios2-elf/4.1.2/../../../../nios2-elf/lib\libstdc++.a
LOAD c:/altera/12.1/nios2eds/bin/gnu/h-i686-mingw32/bin/../lib/gcc/nios2-elf/4.1.2/../../../../nios2-elf/lib\libm.a
LOAD c:/altera/12.1/nios2eds/bin/gnu/h-i686-mingw32/bin/../lib/gcc/nios2-elf/4.1.2\libgcc.a
START GROUP
LOAD c:/altera/12.1/nios2eds/bin/gnu/h-i686-mingw32/bin/../lib/gcc/nios2-elf/4.1.2/../../../../nios2-elf/lib\libc.a
LOAD c:/altera/12.1/nios2eds/bin/gnu/h-i686-mingw32/bin/../lib/gcc/nios2-elf/4.1.2\libgcc.a
LOAD ../Stage2_bsp/\libhal_bsp.a
END GROUP
LOAD c:/altera/12.1/nios2eds/bin/gnu/h-i686-mingw32/bin/../lib/gcc/nios2-elf/4.1.2\libgcc.a
                0x00000000                __alt_mem_sdram_controller = 0x0
                0x08001800                __alt_mem_instruction_mem_2 = 0x8001800

.entry          0x08001800       0x20
 *(.entry)
 .entry         0x08001800       0x20 ../Stage2_bsp//obj/HAL/src/crt0.o
                0x08001800                __reset

.exceptions     0x08001820      0x194 load address 0x02aaaaa0
                0x08001820                PROVIDE (__ram_exceptions_start, ABSOLUTE (.))
                0x08001820                . = ALIGN (0x20)
 *(.irq)
 *(.exceptions.entry.label)
 .exceptions.entry.label
                0x08001820        0x0 ../Stage2_bsp/\libhal_bsp.a(alt_irq_entry.o)
                0x08001820                alt_irq_entry
 .exceptions.entry.label
                0x08001820        0x0 ../Stage2_bsp/\libhal_bsp.a(alt_exception_entry.o)
                0x08001820                alt_exception
 *(.exceptions.entry.user)
 *(.exceptions.entry)
 .exceptions.entry
                0x08001820       0x54 ../Stage2_bsp/\libhal_bsp.a(alt_exception_entry.o)
 *(.exceptions.irqtest.user)
 *(.exceptions.irqtest)
 .exceptions.irqtest
                0x08001874       0x10 ../Stage2_bsp/\libhal_bsp.a(alt_irq_entry.o)
 *(.exceptions.irqhandler.user)
 *(.exceptions.irqhandler)
 .exceptions.irqhandler
                0x08001884        0x4 ../Stage2_bsp/\libhal_bsp.a(alt_irq_entry.o)
 *(.exceptions.irqreturn.user)
 *(.exceptions.irqreturn)
 .exceptions.irqreturn
                0x08001888        0x4 ../Stage2_bsp/\libhal_bsp.a(alt_irq_entry.o)
 *(.exceptions.notirq.label)
 .exceptions.notirq.label
                0x0800188c        0x0 ../Stage2_bsp/\libhal_bsp.a(alt_irq_entry.o)
 *(.exceptions.notirq.user)
 *(.exceptions.notirq)
 .exceptions.notirq
                0x0800188c        0x8 ../Stage2_bsp/\libhal_bsp.a(alt_exception_entry.o)
 *(.exceptions.soft.user)
 *(.exceptions.soft)
 *(.exceptions.unknown.user)
 *(.exceptions.unknown)
 .exceptions.unknown
                0x08001894        0x4 ../Stage2_bsp/\libhal_bsp.a(alt_exception_entry.o)
 *(.exceptions.exit.label)
 .exceptions.exit.label
                0x08001898        0x0 ../Stage2_bsp/\libhal_bsp.a(alt_irq_entry.o)
 .exceptions.exit.label
                0x08001898        0x0 ../Stage2_bsp/\libhal_bsp.a(alt_exception_entry.o)
 *(.exceptions.exit.user)
 *(.exceptions.exit)
 .exceptions.exit
                0x08001898       0x54 ../Stage2_bsp/\libhal_bsp.a(alt_exception_entry.o)
 *(.exceptions)
 .exceptions    0x080018ec       0xc8 ../Stage2_bsp/\libhal_bsp.a(alt_irq_handler.o)
                0x080018ec                alt_irq_handler
                0x080019b4                PROVIDE (__ram_exceptions_end, ABSOLUTE (.))
                0x02aaaaa0                PROVIDE (__flash_exceptions_start, LOADADDR (.exceptions))

.text           0x02aaac34     0x4068
                0x02aaac34                PROVIDE (stext, ABSOLUTE (.))
 *(.interp)
 *(.hash)
 *(.dynsym)
 *(.dynstr)
 *(.gnu.version)
 *(.gnu.version_d)
 *(.gnu.version_r)
 *(.rel.init)
 *(.rela.init)
 *(.rel.text .rel.text.* .rel.gnu.linkonce.t.*)
 *(.rela.text .rela.text.* .rela.gnu.linkonce.t.*)
 *(.rel.fini)
 *(.rela.fini)
 *(.rel.rodata .rel.rodata.* .rel.gnu.linkonce.r.*)
 *(.rela.rodata .rela.rodata.* .rela.gnu.linkonce.r.*)
 *(.rel.data .rel.data.* .rel.gnu.linkonce.d.*)
 *(.rela.data .rela.data.* .rela.gnu.linkonce.d.*)
 *(.rel.tdata .rel.tdata.* .rel.gnu.linkonce.td.*)
 *(.rela.tdata .rela.tdata.* .rela.gnu.linkonce.td.*)
 *(.rel.tbss .rel.tbss.* .rel.gnu.linkonce.tb.*)
 *(.rela.tbss .rela.tbss.* .rela.gnu.linkonce.tb.*)
 *(.rel.ctors)
 *(.rela.ctors)
 *(.rel.dtors)
 *(.rela.dtors)
 *(.rel.got)
 *(.rela.got)
 *(.rel.sdata .rel.sdata.* .rel.gnu.linkonce.s.*)
 *(.rela.sdata .rela.sdata.* .rela.gnu.linkonce.s.*)
 *(.rel.sbss .rel.sbss.* .rel.gnu.linkonce.sb.*)
 *(.rela.sbss .rela.sbss.* .rela.gnu.linkonce.sb.*)
 *(.rel.sdata2 .rel.sdata2.* .rel.gnu.linkonce.s2.*)
 *(.rela.sdata2 .rela.sdata2.* .rela.gnu.linkonce.s2.*)
 *(.rel.sbss2 .rel.sbss2.* .rel.gnu.linkonce.sb2.*)
 *(.rela.sbss2 .rela.sbss2.* .rela.gnu.linkonce.sb2.*)
 *(.rel.bss .rel.bss.* .rel.gnu.linkonce.b.*)
 *(.rela.bss .rela.bss.* .rela.gnu.linkonce.b.*)
 *(.rel.plt)
 *(.rela.plt)
 *(.rel.dyn)
 *(.init)
 *(.plt)
 *(.text .stub .text.* .gnu.linkonce.t.*)
 .text          0x02aaac34       0x3c ../Stage2_bsp//obj/HAL/src/crt0.o
                0x02aaac34                _start
 .text          0x02aaac70      0x9dc obj/default/dct.o
                0x02aaac70                DCT
                0x02aab620                main
 .text          0x02aab64c       0x28 c:/altera/12.1/nios2eds/bin/gnu/h-i686-mingw32/bin/../lib/gcc/nios2-elf/4.1.2/../../../../nios2-elf/lib\libc.a(lib_a-malloc.o)
                0x02aab64c                free
                0x02aab660                malloc
 .text          0x02aab674      0x740 c:/altera/12.1/nios2eds/bin/gnu/h-i686-mingw32/bin/../lib/gcc/nios2-elf/4.1.2/../../../../nios2-elf/lib\libc.a(lib_a-mallocr.o)
                0x02aab674                _malloc_r
 .text          0x02aabdb4       0x70 c:/altera/12.1/nios2eds/bin/gnu/h-i686-mingw32/bin/../lib/gcc/nios2-elf/4.1.2/../../../../nios2-elf/lib\libc.a(lib_a-sbrkr.o)
                0x02aabdb4                _sbrk_r
 .text          0x02aabe24      0x440 c:/altera/12.1/nios2eds/bin/gnu/h-i686-mingw32/bin/../lib/gcc/nios2-elf/4.1.2/../../../../nios2-elf/lib\libc.a(lib_a-freer.o)
                0x02aabe24                _malloc_trim_r
                0x02aabf50                _free_r
 .text          0x02aac264        0x0 c:/altera/12.1/nios2eds/bin/gnu/h-i686-mingw32/bin/../lib/gcc/nios2-elf/4.1.2/../../../../nios2-elf/lib\libc.a(lib_a-impure.o)
 .text          0x02aac264        0x0 c:/altera/12.1/nios2eds/bin/gnu/h-i686-mingw32/bin/../lib/gcc/nios2-elf/4.1.2/../../../../nios2-elf/lib\libc.a(lib_a-int_errno.o)
 .text          0x02aac264       0xec ../Stage2_bsp/\libhal_bsp.a(alt_load.o)
                0x02aac264                alt_load
 .text          0x02aac350       0x6c ../Stage2_bsp/\libhal_bsp.a(alt_main.o)
                0x02aac350                alt_main
 .text          0x02aac3bc       0x40 ../Stage2_bsp/\libhal_bsp.a(alt_malloc_lock.o)
                0x02aac3bc                __malloc_lock
                0x02aac3dc                __malloc_unlock
 .text          0x02aac3fc       0xbc ../Stage2_bsp/\libhal_bsp.a(alt_sbrk.o)
                0x02aac3fc                sbrk
 .text          0x02aac4b8       0xc8 ../Stage2_bsp/\libhal_bsp.a(alt_sys_init.o)
                0x02aac4b8                alt_irq_init
                0x02aac4ec                alt_sys_init
 .text          0x02aac580      0x560 ../Stage2_bsp/\libhal_bsp.a(altera_avalon_fifo_util.o)
                0x02aac580                altera_avalon_fifo_init
                0x02aac63c                altera_avalon_fifo_read_status
                0x02aac678                altera_avalon_fifo_read_ienable
                0x02aac6b4                altera_avalon_fifo_read_almostfull
                0x02aac6e0                altera_avalon_fifo_read_almostempty
                0x02aac70c                altera_avalon_fifo_read_event
                0x02aac748                altera_avalon_fifo_read_level
                0x02aac770                altera_avalon_fifo_clear_event
                0x02aac7d8                altera_avalon_fifo_write_ienable
                0x02aac838                altera_avalon_fifo_write_almostfull
                0x02aac898                altera_avalon_fifo_write_almostempty
                0x02aac8f8                altera_avalon_fifo_write_fifo
                0x02aac95c                altera_avalon_read_fifo
                0x02aac9cc                altera_avalon_fifo_read_fifo
                0x02aaca24                altera_avalon_fifo_write_other_info
                0x02aaca8c                altera_avalon_fifo_read_other_info
                0x02aacab8                altera_avalon_fifo_read_backpressure
 .text          0x02aacae0      0x148 ../Stage2_bsp/\libhal_bsp.a(altera_avalon_jtag_uart_fd.o)
                0x02aacae0                altera_avalon_jtag_uart_read_fd
                0x02aacb38                altera_avalon_jtag_uart_write_fd
                0x02aacb90                altera_avalon_jtag_uart_close_fd
                0x02aacbd8                altera_avalon_jtag_uart_ioctl_fd
 .text          0x02aacc28      0x40c ../Stage2_bsp/\libhal_bsp.a(altera_avalon_jtag_uart_init.o)
                0x02aacc28                altera_avalon_jtag_uart_init
                0x02aacfc0                altera_avalon_jtag_uart_close
 .text          0x02aad034       0xf4 ../Stage2_bsp/\libhal_bsp.a(altera_avalon_jtag_uart_ioctl.o)
                0x02aad034                altera_avalon_jtag_uart_ioctl
 .text          0x02aad128      0x224 ../Stage2_bsp/\libhal_bsp.a(altera_avalon_jtag_uart_read.o)
                0x02aad128                altera_avalon_jtag_uart_read
 .text          0x02aad34c      0x240 ../Stage2_bsp/\libhal_bsp.a(altera_avalon_jtag_uart_write.o)
                0x02aad34c                altera_avalon_jtag_uart_write
 .text          0x02aad58c      0x100 ../Stage2_bsp/\libhal_bsp.a(altera_avalon_timer_sc.o)
                0x02aad5fc                alt_avalon_timer_sc_init
 .text          0x02aad68c      0x154 ../Stage2_bsp/\libhal_bsp.a(alt_alarm_start.o)
                0x02aad68c                alt_alarm_start
 .text          0x02aad7e0      0x15c ../Stage2_bsp/\libhal_bsp.a(alt_close.o)
                0x02aad7e0                close
 .text          0x02aad93c       0x1c ../Stage2_bsp/\libhal_bsp.a(alt_dcache_flush_all.o)
                0x02aad93c                alt_dcache_flush_all
 .text          0x02aad958       0x2c ../Stage2_bsp/\libhal_bsp.a(alt_dev.o)
 .text          0x02aad984      0x114 ../Stage2_bsp/\libhal_bsp.a(alt_dev_llist_insert.o)
                0x02aad984                alt_dev_llist_insert
 .text          0x02aada98       0x64 ../Stage2_bsp/\libhal_bsp.a(alt_do_ctors.o)
                0x02aada98                _do_ctors
 .text          0x02aadafc       0x64 ../Stage2_bsp/\libhal_bsp.a(alt_do_dtors.o)
                0x02aadafc                _do_dtors
 .text          0x02aadb60        0x0 ../Stage2_bsp/\libhal_bsp.a(alt_errno.o)
 .text          0x02aadb60       0x30 ../Stage2_bsp/\libhal_bsp.a(alt_icache_flush_all.o)
                0x02aadb60                alt_icache_flush_all
 .text          0x02aadb90      0x1d4 ../Stage2_bsp/\libhal_bsp.a(alt_iic.o)
                0x02aadb90                alt_ic_isr_register
                0x02aadbe0                alt_ic_irq_enable
                0x02aadc7c                alt_ic_irq_disable
                0x02aadd1c                alt_ic_irq_enabled
 .text          0x02aadd64       0xf8 ../Stage2_bsp/\libhal_bsp.a(alt_iic_isr_register.o)
                0x02aadd64                alt_iic_isr_register
 .text          0x02aade5c      0x13c ../Stage2_bsp/\libhal_bsp.a(alt_io_redirect.o)
                0x02aadf20                alt_io_redirect
 .text          0x02aadf98        0x0 ../Stage2_bsp/\libhal_bsp.a(alt_irq_entry.o)
 .text          0x02aadf98        0x0 ../Stage2_bsp/\libhal_bsp.a(alt_irq_handler.o)
 .text          0x02aadf98        0x0 ../Stage2_bsp/\libhal_bsp.a(alt_irq_vars.o)
 .text          0x02aadf98      0x2c4 ../Stage2_bsp/\libhal_bsp.a(alt_open.o)
                0x02aae074                open
 .text          0x02aae25c       0x60 ../Stage2_bsp/\libhal_bsp.a(alt_release_fd.o)
                0x02aae25c                alt_release_fd
 .text          0x02aae2bc      0x1a4 ../Stage2_bsp/\libhal_bsp.a(alt_tick.o)
                0x02aae2bc                alt_alarm_stop
                0x02aae354                alt_tick
 .text          0x02aae460       0x20 ../Stage2_bsp/\libhal_bsp.a(altera_nios2_qsys_irq.o)
                0x02aae460                altera_nios2_qsys_irq_init
 .text          0x02aae480        0x0 ../Stage2_bsp/\libhal_bsp.a(alt_exception_entry.o)
 .text          0x02aae480       0x94 ../Stage2_bsp/\libhal_bsp.a(alt_find_dev.o)
                0x02aae480                alt_find_dev
 .text          0x02aae514      0x120 ../Stage2_bsp/\libhal_bsp.a(alt_find_file.o)
                0x02aae514                alt_find_file
 .text          0x02aae634       0xb8 ../Stage2_bsp/\libhal_bsp.a(alt_get_fd.o)
                0x02aae634                alt_get_fd
 .text          0x02aae6ec       0x90 ../Stage2_bsp/\libhal_bsp.a(alt_icache_flush.o)
                0x02aae6ec                alt_icache_flush
 .text          0x02aae77c       0x14 c:/altera/12.1/nios2eds/bin/gnu/h-i686-mingw32/bin/../lib/gcc/nios2-elf/4.1.2/../../../../nios2-elf/lib\libc.a(lib_a-atexit.o)
                0x02aae77c                atexit
 .text          0x02aae790       0x38 c:/altera/12.1/nios2eds/bin/gnu/h-i686-mingw32/bin/../lib/gcc/nios2-elf/4.1.2/../../../../nios2-elf/lib\libc.a(lib_a-exit.o)
                0x02aae790                exit
 .text          0x02aae7c8       0x74 c:/altera/12.1/nios2eds/bin/gnu/h-i686-mingw32/bin/../lib/gcc/nios2-elf/4.1.2/../../../../nios2-elf/lib\libc.a(lib_a-memcmp.o)
                0x02aae7c8                memcmp
 .text          0x02aae83c       0xa0 c:/altera/12.1/nios2eds/bin/gnu/h-i686-mingw32/bin/../lib/gcc/nios2-elf/4.1.2/../../../../nios2-elf/lib\libc.a(lib_a-memcpy.o)
                0x02aae83c                memcpy
 .text          0x02aae8dc       0x74 c:/altera/12.1/nios2eds/bin/gnu/h-i686-mingw32/bin/../lib/gcc/nios2-elf/4.1.2/../../../../nios2-elf/lib\libc.a(lib_a-strlen.o)
                0x02aae8dc                strlen
 .text          0x02aae950      0x134 c:/altera/12.1/nios2eds/bin/gnu/h-i686-mingw32/bin/../lib/gcc/nios2-elf/4.1.2/../../../../nios2-elf/lib\libc.a(lib_a-__atexit.o)
                0x02aae950                __register_exitproc
 .text          0x02aaea84      0x1b4 c:/altera/12.1/nios2eds/bin/gnu/h-i686-mingw32/bin/../lib/gcc/nios2-elf/4.1.2/../../../../nios2-elf/lib\libc.a(lib_a-__call_atexit.o)
                0x02aaea88                __call_exitprocs
 .text          0x02aaec38       0x60 ../Stage2_bsp/\libhal_bsp.a(alt_exit.o)
                0x02aaec78                _exit
 *(.gnu.warning.*)
 *(.fini)
                0x02aaec98                PROVIDE (__etext, ABSOLUTE (.))
                0x02aaec98                PROVIDE (_etext, ABSOLUTE (.))
                0x02aaec98                PROVIDE (etext, ABSOLUTE (.))
 *(.eh_frame_hdr)
                0x02aaec98                . = ALIGN (0x4)
                0x02aaec98                PROVIDE (__preinit_array_start, ABSOLUTE (.))
 *(.preinit_array)
                0x02aaec98                PROVIDE (__preinit_array_end, ABSOLUTE (.))
                0x02aaec98                PROVIDE (__init_array_start, ABSOLUTE (.))
 *(.init_array)
                0x02aaec98                PROVIDE (__init_array_end, ABSOLUTE (.))
                0x02aaec98                PROVIDE (__fini_array_start, ABSOLUTE (.))
 *(.fini_array)
                0x02aaec98                PROVIDE (__fini_array_end, ABSOLUTE (.))
 *(.eh_frame)
 *(.gcc_except_table)
 *(.dynamic)
                0x02aaec98                PROVIDE (__CTOR_LIST__, ABSOLUTE (.))
 *(.ctors)
 *(SORT(.ctors.*))
 .ctors.65535   0x02aaec98        0x4 c:/altera/12.1/nios2eds/bin/gnu/h-i686-mingw32/bin/../lib/gcc/nios2-elf/4.1.2/../../../../nios2-elf/lib\libc.a(lib_a-__call_atexit.o)
                0x02aaec9c                PROVIDE (__CTOR_END__, ABSOLUTE (.))
                0x02aaec9c                PROVIDE (__DTOR_LIST__, ABSOLUTE (.))
 *(.dtors)
 *(SORT(.dtors.*))
                0x02aaec9c                PROVIDE (__DTOR_END__, ABSOLUTE (.))
 *(.jcr)
                0x02aaec9c                . = ALIGN (0x4)

.rodata         0x02aaec9c       0x38
                0x02aaec9c                PROVIDE (__ram_rodata_start, ABSOLUTE (.))
                0x02aaec9c                . = ALIGN (0x4)
 *(.rodata .rodata.* .gnu.linkonce.r.*)
 .rodata.str1.4
                0x02aaec9c        0x4 c:/altera/12.1/nios2eds/bin/gnu/h-i686-mingw32/bin/../lib/gcc/nios2-elf/4.1.2/../../../../nios2-elf/lib\libc.a(lib_a-impure.o)
 .rodata        0x02aaeca0       0x14 ../Stage2_bsp/\libhal_bsp.a(alt_main.o)
 .rodata        0x02aaecb4       0x14 ../Stage2_bsp/\libhal_bsp.a(alt_sys_init.o)
 .rodata        0x02aaecc8        0xc ../Stage2_bsp/\libhal_bsp.a(alt_dev.o)
 *(.rodata1)
                0x02aaecd4                . = ALIGN (0x4)
                0x02aaecd4                PROVIDE (__ram_rodata_end, ABSOLUTE (.))
                0x02aaec9c                PROVIDE (__flash_rodata_start, LOADADDR (.rodata))

.rwdata         0x02aaecd4     0x1a5c load address 0x02ab0730
                0x02aaecd4                PROVIDE (__ram_rwdata_start, ABSOLUTE (.))
                0x02aaecd4                . = ALIGN (0x4)
 *(.got.plt)
 *(.got)
 *(.data1)
 *(.data .data.* .gnu.linkonce.d.*)
 .data          0x02aaecd4        0x0 ../Stage2_bsp//obj/HAL/src/crt0.o
 .data          0x02aaecd4        0x0 obj/default/dct.o
 .data          0x02aaecd4        0x0 c:/altera/12.1/nios2eds/bin/gnu/h-i686-mingw32/bin/../lib/gcc/nios2-elf/4.1.2/../../../../nios2-elf/lib\libc.a(lib_a-malloc.o)
 .data          0x02aaecd4      0x408 c:/altera/12.1/nios2eds/bin/gnu/h-i686-mingw32/bin/../lib/gcc/nios2-elf/4.1.2/../../../../nios2-elf/lib\libc.a(lib_a-mallocr.o)
                0x02aaecd4                __malloc_av_
 .data          0x02aaf0dc        0x0 c:/altera/12.1/nios2eds/bin/gnu/h-i686-mingw32/bin/../lib/gcc/nios2-elf/4.1.2/../../../../nios2-elf/lib\libc.a(lib_a-sbrkr.o)
 .data          0x02aaf0dc        0x0 c:/altera/12.1/nios2eds/bin/gnu/h-i686-mingw32/bin/../lib/gcc/nios2-elf/4.1.2/../../../../nios2-elf/lib\libc.a(lib_a-freer.o)
 .data          0x02aaf0dc      0x400 c:/altera/12.1/nios2eds/bin/gnu/h-i686-mingw32/bin/../lib/gcc/nios2-elf/4.1.2/../../../../nios2-elf/lib\libc.a(lib_a-impure.o)
 .data          0x02aaf4dc        0x0 c:/altera/12.1/nios2eds/bin/gnu/h-i686-mingw32/bin/../lib/gcc/nios2-elf/4.1.2/../../../../nios2-elf/lib\libc.a(lib_a-int_errno.o)
 .data          0x02aaf4dc        0x0 ../Stage2_bsp/\libhal_bsp.a(alt_load.o)
 .data          0x02aaf4dc        0x0 ../Stage2_bsp/\libhal_bsp.a(alt_main.o)
 .data          0x02aaf4dc        0x0 ../Stage2_bsp/\libhal_bsp.a(alt_malloc_lock.o)
 .data          0x02aaf4dc        0x0 ../Stage2_bsp/\libhal_bsp.a(alt_sbrk.o)
 .data          0x02aaf4dc     0x1060 ../Stage2_bsp/\libhal_bsp.a(alt_sys_init.o)
 .data          0x02ab053c        0x0 ../Stage2_bsp/\libhal_bsp.a(altera_avalon_fifo_util.o)
 .data          0x02ab053c        0x0 ../Stage2_bsp/\libhal_bsp.a(altera_avalon_jtag_uart_fd.o)
 .data          0x02ab053c        0x0 ../Stage2_bsp/\libhal_bsp.a(altera_avalon_jtag_uart_init.o)
 .data          0x02ab053c        0x0 ../Stage2_bsp/\libhal_bsp.a(altera_avalon_jtag_uart_ioctl.o)
 .data          0x02ab053c        0x0 ../Stage2_bsp/\libhal_bsp.a(altera_avalon_jtag_uart_read.o)
 .data          0x02ab053c        0x0 ../Stage2_bsp/\libhal_bsp.a(altera_avalon_jtag_uart_write.o)
 .data          0x02ab053c        0x0 ../Stage2_bsp/\libhal_bsp.a(altera_avalon_timer_sc.o)
 .data          0x02ab053c        0x0 ../Stage2_bsp/\libhal_bsp.a(alt_alarm_start.o)
 .data          0x02ab053c        0x0 ../Stage2_bsp/\libhal_bsp.a(alt_close.o)
 .data          0x02ab053c        0x0 ../Stage2_bsp/\libhal_bsp.a(alt_dcache_flush_all.o)
 .data          0x02ab053c      0x1a8 ../Stage2_bsp/\libhal_bsp.a(alt_dev.o)
                0x02ab053c                alt_dev_null
                0x02ab0564                alt_fd_list
 .data          0x02ab06e4        0x0 ../Stage2_bsp/\libhal_bsp.a(alt_dev_llist_insert.o)
 .data          0x02ab06e4        0x0 ../Stage2_bsp/\libhal_bsp.a(alt_do_ctors.o)
 .data          0x02ab06e4        0x0 ../Stage2_bsp/\libhal_bsp.a(alt_do_dtors.o)
 .data          0x02ab06e4        0x0 ../Stage2_bsp/\libhal_bsp.a(alt_errno.o)
 .data          0x02ab06e4        0x0 ../Stage2_bsp/\libhal_bsp.a(alt_icache_flush_all.o)
 .data          0x02ab06e4        0x0 ../Stage2_bsp/\libhal_bsp.a(alt_iic.o)
 .data          0x02ab06e4        0x0 ../Stage2_bsp/\libhal_bsp.a(alt_iic_isr_register.o)
 .data          0x02ab06e4        0x0 ../Stage2_bsp/\libhal_bsp.a(alt_io_redirect.o)
 .data          0x02ab06e4        0x0 ../Stage2_bsp/\libhal_bsp.a(alt_irq_entry.o)
 .data          0x02ab06e4        0x0 ../Stage2_bsp/\libhal_bsp.a(alt_irq_handler.o)
 .data          0x02ab06e4        0x0 ../Stage2_bsp/\libhal_bsp.a(alt_irq_vars.o)
 .data          0x02ab06e4        0x0 ../Stage2_bsp/\libhal_bsp.a(alt_open.o)
 .data          0x02ab06e4        0x0 ../Stage2_bsp/\libhal_bsp.a(alt_release_fd.o)
 .data          0x02ab06e4        0x0 ../Stage2_bsp/\libhal_bsp.a(alt_tick.o)
 .data          0x02ab06e4        0x0 ../Stage2_bsp/\libhal_bsp.a(altera_nios2_qsys_irq.o)
 .data          0x02ab06e4        0x0 ../Stage2_bsp/\libhal_bsp.a(alt_exception_entry.o)
 .data          0x02ab06e4        0x0 ../Stage2_bsp/\libhal_bsp.a(alt_find_dev.o)
 .data          0x02ab06e4        0x0 ../Stage2_bsp/\libhal_bsp.a(alt_find_file.o)
 .data          0x02ab06e4        0x0 ../Stage2_bsp/\libhal_bsp.a(alt_get_fd.o)
 .data          0x02ab06e4        0x0 ../Stage2_bsp/\libhal_bsp.a(alt_icache_flush.o)
 .data          0x02ab06e4        0x0 c:/altera/12.1/nios2eds/bin/gnu/h-i686-mingw32/bin/../lib/gcc/nios2-elf/4.1.2/../../../../nios2-elf/lib\libc.a(lib_a-atexit.o)
 .data          0x02ab06e4        0x0 c:/altera/12.1/nios2eds/bin/gnu/h-i686-mingw32/bin/../lib/gcc/nios2-elf/4.1.2/../../../../nios2-elf/lib\libc.a(lib_a-exit.o)
 .data          0x02ab06e4        0x0 c:/altera/12.1/nios2eds/bin/gnu/h-i686-mingw32/bin/../lib/gcc/nios2-elf/4.1.2/../../../../nios2-elf/lib\libc.a(lib_a-memcmp.o)
 .data          0x02ab06e4        0x0 c:/altera/12.1/nios2eds/bin/gnu/h-i686-mingw32/bin/../lib/gcc/nios2-elf/4.1.2/../../../../nios2-elf/lib\libc.a(lib_a-memcpy.o)
 .data          0x02ab06e4        0x0 c:/altera/12.1/nios2eds/bin/gnu/h-i686-mingw32/bin/../lib/gcc/nios2-elf/4.1.2/../../../../nios2-elf/lib\libc.a(lib_a-strlen.o)
 .data          0x02ab06e4        0x0 c:/altera/12.1/nios2eds/bin/gnu/h-i686-mingw32/bin/../lib/gcc/nios2-elf/4.1.2/../../../../nios2-elf/lib\libc.a(lib_a-__atexit.o)
 .data          0x02ab06e4        0x0 c:/altera/12.1/nios2eds/bin/gnu/h-i686-mingw32/bin/../lib/gcc/nios2-elf/4.1.2/../../../../nios2-elf/lib\libc.a(lib_a-__call_atexit.o)
 .data          0x02ab06e4        0x0 ../Stage2_bsp/\libhal_bsp.a(alt_exit.o)
                0x02ab86e4                _gp = ABSOLUTE ((. + 0x8000))
                0x02ab86e4                PROVIDE (gp, _gp)
 *(.rwdata .rwdata.*)
 *(.sdata .sdata.* .gnu.linkonce.s.*)
 .sdata         0x02ab06e4       0x12 obj/default/dct.o
 *fill*         0x02ab06f6        0x2 00
 .sdata         0x02ab06f8        0x8 c:/altera/12.1/nios2eds/bin/gnu/h-i686-mingw32/bin/../lib/gcc/nios2-elf/4.1.2/../../../../nios2-elf/lib\libc.a(lib_a-mallocr.o)
                0x02ab06f8                __malloc_trim_threshold
                0x02ab06fc                __malloc_sbrk_base
 .sdata         0x02ab0700        0x8 c:/altera/12.1/nios2eds/bin/gnu/h-i686-mingw32/bin/../lib/gcc/nios2-elf/4.1.2/../../../../nios2-elf/lib\libc.a(lib_a-impure.o)
                0x02ab0700                _impure_ptr
                0x02ab0704                _global_impure_ptr
 .sdata         0x02ab0708        0x4 ../Stage2_bsp/\libhal_bsp.a(alt_sbrk.o)
 .sdata         0x02ab070c       0x14 ../Stage2_bsp/\libhal_bsp.a(alt_dev.o)
                0x02ab070c                alt_fs_list
                0x02ab0714                alt_dev_list
                0x02ab071c                alt_max_fd
 .sdata         0x02ab0720        0x4 ../Stage2_bsp/\libhal_bsp.a(alt_errno.o)
                0x02ab0720                alt_errno
 .sdata         0x02ab0724        0x4 ../Stage2_bsp/\libhal_bsp.a(alt_irq_vars.o)
                0x02ab0724                alt_priority_mask
 .sdata         0x02ab0728        0x8 ../Stage2_bsp/\libhal_bsp.a(alt_tick.o)
                0x02ab0728                alt_alarm_list
 *(.sdata2 .sdata2.* .gnu.linkonce.s2.*)
                0x02ab0730                . = ALIGN (0x4)
                0x02ab0730                _edata = ABSOLUTE (.)
                0x02ab0730                PROVIDE (edata, ABSOLUTE (.))
                0x02ab0730                PROVIDE (__ram_rwdata_end, ABSOLUTE (.))
                0x02ab0730                PROVIDE (__flash_rwdata_start, LOADADDR (.rwdata))

.bss            0x02ab218c      0x2e4
                0x02ab218c                __bss_start = ABSOLUTE (.)
                0x02ab218c                PROVIDE (__sbss_start, ABSOLUTE (.))
                0x02ab218c                PROVIDE (___sbss_start, ABSOLUTE (.))
 *(.dynsbss)
 *(.sbss .sbss.* .gnu.linkonce.sb.*)
 .sbss          0x02ab218c        0x4 obj/default/dct.o
                0x02ab218c                data
 .sbss          0x02ab2190        0xc c:/altera/12.1/nios2eds/bin/gnu/h-i686-mingw32/bin/../lib/gcc/nios2-elf/4.1.2/../../../../nios2-elf/lib\libc.a(lib_a-mallocr.o)
                0x02ab2190                __malloc_top_pad
                0x02ab2194                __malloc_max_sbrked_mem
                0x02ab2198                __malloc_max_total_mem
 .sbss          0x02ab219c        0x4 c:/altera/12.1/nios2eds/bin/gnu/h-i686-mingw32/bin/../lib/gcc/nios2-elf/4.1.2/../../../../nios2-elf/lib\libc.a(lib_a-int_errno.o)
                0x02ab219c                errno
 .sbss          0x02ab21a0        0xc ../Stage2_bsp/\libhal_bsp.a(alt_main.o)
                0x02ab21a0                alt_argc
                0x02ab21a4                alt_argv
                0x02ab21a8                alt_envp
 .sbss          0x02ab21ac        0x4 ../Stage2_bsp/\libhal_bsp.a(alt_irq_vars.o)
                0x02ab21ac                alt_irq_active
 .sbss          0x02ab21b0        0x8 ../Stage2_bsp/\libhal_bsp.a(alt_tick.o)
                0x02ab21b0                _alt_tick_rate
                0x02ab21b4                _alt_nticks
 *(.sbss2 .sbss2.* .gnu.linkonce.sb2.*)
 *(.scommon)
                0x02ab21b8                PROVIDE (__sbss_end, ABSOLUTE (.))
                0x02ab21b8                PROVIDE (___sbss_end, ABSOLUTE (.))
 *(.dynbss)
 *(.bss .bss.* .gnu.linkonce.b.*)
 .bss           0x02ab21b8        0x0 ../Stage2_bsp//obj/HAL/src/crt0.o
 .bss           0x02ab21b8        0x0 obj/default/dct.o
 .bss           0x02ab21b8        0x0 c:/altera/12.1/nios2eds/bin/gnu/h-i686-mingw32/bin/../lib/gcc/nios2-elf/4.1.2/../../../../nios2-elf/lib\libc.a(lib_a-malloc.o)
 .bss           0x02ab21b8       0x28 c:/altera/12.1/nios2eds/bin/gnu/h-i686-mingw32/bin/../lib/gcc/nios2-elf/4.1.2/../../../../nios2-elf/lib\libc.a(lib_a-mallocr.o)
                0x02ab21b8                __malloc_current_mallinfo
 .bss           0x02ab21e0        0x0 c:/altera/12.1/nios2eds/bin/gnu/h-i686-mingw32/bin/../lib/gcc/nios2-elf/4.1.2/../../../../nios2-elf/lib\libc.a(lib_a-sbrkr.o)
 .bss           0x02ab21e0        0x0 c:/altera/12.1/nios2eds/bin/gnu/h-i686-mingw32/bin/../lib/gcc/nios2-elf/4.1.2/../../../../nios2-elf/lib\libc.a(lib_a-freer.o)
 .bss           0x02ab21e0        0x0 c:/altera/12.1/nios2eds/bin/gnu/h-i686-mingw32/bin/../lib/gcc/nios2-elf/4.1.2/../../../../nios2-elf/lib\libc.a(lib_a-impure.o)
 .bss           0x02ab21e0        0x0 c:/altera/12.1/nios2eds/bin/gnu/h-i686-mingw32/bin/../lib/gcc/nios2-elf/4.1.2/../../../../nios2-elf/lib\libc.a(lib_a-int_errno.o)
 .bss           0x02ab21e0        0x0 ../Stage2_bsp/\libhal_bsp.a(alt_load.o)
 .bss           0x02ab21e0        0x0 ../Stage2_bsp/\libhal_bsp.a(alt_main.o)
 .bss           0x02ab21e0        0x0 ../Stage2_bsp/\libhal_bsp.a(alt_malloc_lock.o)
 .bss           0x02ab21e0        0x0 ../Stage2_bsp/\libhal_bsp.a(alt_sbrk.o)
 .bss           0x02ab21e0        0x0 ../Stage2_bsp/\libhal_bsp.a(alt_sys_init.o)
 .bss           0x02ab21e0        0x0 ../Stage2_bsp/\libhal_bsp.a(altera_avalon_fifo_util.o)
 .bss           0x02ab21e0        0x0 ../Stage2_bsp/\libhal_bsp.a(altera_avalon_jtag_uart_fd.o)
 .bss           0x02ab21e0        0x0 ../Stage2_bsp/\libhal_bsp.a(altera_avalon_jtag_uart_init.o)
 .bss           0x02ab21e0        0x0 ../Stage2_bsp/\libhal_bsp.a(altera_avalon_jtag_uart_ioctl.o)
 .bss           0x02ab21e0        0x0 ../Stage2_bsp/\libhal_bsp.a(altera_avalon_jtag_uart_read.o)
 .bss           0x02ab21e0        0x0 ../Stage2_bsp/\libhal_bsp.a(altera_avalon_jtag_uart_write.o)
 .bss           0x02ab21e0        0x0 ../Stage2_bsp/\libhal_bsp.a(altera_avalon_timer_sc.o)
 .bss           0x02ab21e0        0x0 ../Stage2_bsp/\libhal_bsp.a(alt_alarm_start.o)
 .bss           0x02ab21e0        0x0 ../Stage2_bsp/\libhal_bsp.a(alt_close.o)
 .bss           0x02ab21e0        0x0 ../Stage2_bsp/\libhal_bsp.a(alt_dcache_flush_all.o)
 .bss           0x02ab21e0        0x0 ../Stage2_bsp/\libhal_bsp.a(alt_dev.o)
 .bss           0x02ab21e0        0x0 ../Stage2_bsp/\libhal_bsp.a(alt_dev_llist_insert.o)
 .bss           0x02ab21e0        0x0 ../Stage2_bsp/\libhal_bsp.a(alt_do_ctors.o)
 .bss           0x02ab21e0        0x0 ../Stage2_bsp/\libhal_bsp.a(alt_do_dtors.o)
 .bss           0x02ab21e0        0x0 ../Stage2_bsp/\libhal_bsp.a(alt_errno.o)
 .bss           0x02ab21e0        0x0 ../Stage2_bsp/\libhal_bsp.a(alt_icache_flush_all.o)
 .bss           0x02ab21e0        0x0 ../Stage2_bsp/\libhal_bsp.a(alt_iic.o)
 .bss           0x02ab21e0        0x0 ../Stage2_bsp/\libhal_bsp.a(alt_iic_isr_register.o)
 .bss           0x02ab21e0        0x0 ../Stage2_bsp/\libhal_bsp.a(alt_io_redirect.o)
 .bss           0x02ab21e0        0x0 ../Stage2_bsp/\libhal_bsp.a(alt_irq_entry.o)
 .bss           0x02ab21e0        0x0 ../Stage2_bsp/\libhal_bsp.a(alt_irq_handler.o)
 .bss           0x02ab21e0        0x0 ../Stage2_bsp/\libhal_bsp.a(alt_irq_vars.o)
 .bss           0x02ab21e0        0x0 ../Stage2_bsp/\libhal_bsp.a(alt_open.o)
 .bss           0x02ab21e0        0x0 ../Stage2_bsp/\libhal_bsp.a(alt_release_fd.o)
 .bss           0x02ab21e0        0x0 ../Stage2_bsp/\libhal_bsp.a(alt_tick.o)
 .bss           0x02ab21e0        0x0 ../Stage2_bsp/\libhal_bsp.a(altera_nios2_qsys_irq.o)
 .bss           0x02ab21e0        0x0 ../Stage2_bsp/\libhal_bsp.a(alt_exception_entry.o)
 .bss           0x02ab21e0        0x0 ../Stage2_bsp/\libhal_bsp.a(alt_find_dev.o)
 .bss           0x02ab21e0        0x0 ../Stage2_bsp/\libhal_bsp.a(alt_find_file.o)
 .bss           0x02ab21e0        0x0 ../Stage2_bsp/\libhal_bsp.a(alt_get_fd.o)
 .bss           0x02ab21e0        0x0 ../Stage2_bsp/\libhal_bsp.a(alt_icache_flush.o)
 .bss           0x02ab21e0        0x0 c:/altera/12.1/nios2eds/bin/gnu/h-i686-mingw32/bin/../lib/gcc/nios2-elf/4.1.2/../../../../nios2-elf/lib\libc.a(lib_a-atexit.o)
 .bss           0x02ab21e0        0x0 c:/altera/12.1/nios2eds/bin/gnu/h-i686-mingw32/bin/../lib/gcc/nios2-elf/4.1.2/../../../../nios2-elf/lib\libc.a(lib_a-exit.o)
 .bss           0x02ab21e0        0x0 c:/altera/12.1/nios2eds/bin/gnu/h-i686-mingw32/bin/../lib/gcc/nios2-elf/4.1.2/../../../../nios2-elf/lib\libc.a(lib_a-memcmp.o)
 .bss           0x02ab21e0        0x0 c:/altera/12.1/nios2eds/bin/gnu/h-i686-mingw32/bin/../lib/gcc/nios2-elf/4.1.2/../../../../nios2-elf/lib\libc.a(lib_a-memcpy.o)
 .bss           0x02ab21e0        0x0 c:/altera/12.1/nios2eds/bin/gnu/h-i686-mingw32/bin/../lib/gcc/nios2-elf/4.1.2/../../../../nios2-elf/lib\libc.a(lib_a-strlen.o)
 .bss           0x02ab21e0        0x0 c:/altera/12.1/nios2eds/bin/gnu/h-i686-mingw32/bin/../lib/gcc/nios2-elf/4.1.2/../../../../nios2-elf/lib\libc.a(lib_a-__atexit.o)
 .bss           0x02ab21e0        0x0 c:/altera/12.1/nios2eds/bin/gnu/h-i686-mingw32/bin/../lib/gcc/nios2-elf/4.1.2/../../../../nios2-elf/lib\libc.a(lib_a-__call_atexit.o)
 .bss           0x02ab21e0        0x0 ../Stage2_bsp/\libhal_bsp.a(alt_exit.o)
 *(COMMON)
 COMMON         0x02ab21e0      0x100 ../Stage2_bsp/\libhal_bsp.a(alt_irq_handler.o)
                0x02ab21e0                alt_irq
 COMMON         0x02ab22e0      0x190 c:/altera/12.1/nios2eds/bin/gnu/h-i686-mingw32/bin/../lib/gcc/nios2-elf/4.1.2/../../../../nios2-elf/lib\libc.a(lib_a-atexit.o)
                0x02ab22e0                _atexit0
                0x02ab2470                . = ALIGN (0x4)
                0x02ab2470                __bss_end = ABSOLUTE (.)

.sdram_controller
                0x02ab2470        0x0
                0x02ab2470                PROVIDE (_alt_partition_sdram_controller_start, ABSOLUTE (.))
 *(.sdram_controller. sdram_controller.*)
                0x02ab2470                . = ALIGN (0x4)
                0x02ab2470                PROVIDE (_alt_partition_sdram_controller_end, ABSOLUTE (.))
                0x02ab2470                _end = ABSOLUTE (.)
                0x02ab2470                end = ABSOLUTE (.)
                0x02ab2470                __alt_stack_base = ABSOLUTE (.)
                0x02ab2470                PROVIDE (_alt_partition_sdram_controller_load_addr, LOADADDR (.sdram_controller))

.instruction_mem_2
                0x080019b4        0x0 load address 0x02ab2470
                0x080019b4                PROVIDE (_alt_partition_instruction_mem_2_start, ABSOLUTE (.))
 *(.instruction_mem_2. instruction_mem_2.*)
                0x080019b4                . = ALIGN (0x4)
                0x080019b4                PROVIDE (_alt_partition_instruction_mem_2_end, ABSOLUTE (.))
                0x02ab2470                PROVIDE (_alt_partition_instruction_mem_2_load_addr, LOADADDR (.instruction_mem_2))

.stab
 *(.stab)

.stabstr
 *(.stabstr)

.stab.excl
 *(.stab.excl)

.stab.exclstr
 *(.stab.exclstr)

.stab.index
 *(.stab.index)

.stab.indexstr
 *(.stab.indexstr)

.comment        0x00000000       0x23
 *(.comment)
 .comment       0x00000000       0x23 obj/default/dct.o
                                 0x24 (size before relaxing)
 .comment       0x00000000       0x24 c:/altera/12.1/nios2eds/bin/gnu/h-i686-mingw32/bin/../lib/gcc/nios2-elf/4.1.2/../../../../nios2-elf/lib\libc.a(lib_a-malloc.o)
 .comment       0x00000000       0x24 c:/altera/12.1/nios2eds/bin/gnu/h-i686-mingw32/bin/../lib/gcc/nios2-elf/4.1.2/../../../../nios2-elf/lib\libc.a(lib_a-mallocr.o)
 .comment       0x00000000       0x24 c:/altera/12.1/nios2eds/bin/gnu/h-i686-mingw32/bin/../lib/gcc/nios2-elf/4.1.2/../../../../nios2-elf/lib\libc.a(lib_a-sbrkr.o)
 .comment       0x00000000       0x24 c:/altera/12.1/nios2eds/bin/gnu/h-i686-mingw32/bin/../lib/gcc/nios2-elf/4.1.2/../../../../nios2-elf/lib\libc.a(lib_a-freer.o)
 .comment       0x00000000       0x24 c:/altera/12.1/nios2eds/bin/gnu/h-i686-mingw32/bin/../lib/gcc/nios2-elf/4.1.2/../../../../nios2-elf/lib\libc.a(lib_a-impure.o)
 .comment       0x00000000       0x24 c:/altera/12.1/nios2eds/bin/gnu/h-i686-mingw32/bin/../lib/gcc/nios2-elf/4.1.2/../../../../nios2-elf/lib\libc.a(lib_a-int_errno.o)
 .comment       0x00000000       0x24 ../Stage2_bsp/\libhal_bsp.a(alt_load.o)
 .comment       0x00000000       0x24 ../Stage2_bsp/\libhal_bsp.a(alt_main.o)
 .comment       0x00000000       0x24 ../Stage2_bsp/\libhal_bsp.a(alt_malloc_lock.o)
 .comment       0x00000000       0x24 ../Stage2_bsp/\libhal_bsp.a(alt_sbrk.o)
 .comment       0x00000000       0x24 ../Stage2_bsp/\libhal_bsp.a(alt_sys_init.o)
 .comment       0x00000000       0x24 ../Stage2_bsp/\libhal_bsp.a(altera_avalon_fifo_util.o)
 .comment       0x00000000       0x24 ../Stage2_bsp/\libhal_bsp.a(altera_avalon_jtag_uart_fd.o)
 .comment       0x00000000       0x24 ../Stage2_bsp/\libhal_bsp.a(altera_avalon_jtag_uart_init.o)
 .comment       0x00000000       0x24 ../Stage2_bsp/\libhal_bsp.a(altera_avalon_jtag_uart_ioctl.o)
 .comment       0x00000000       0x24 ../Stage2_bsp/\libhal_bsp.a(altera_avalon_jtag_uart_read.o)
 .comment       0x00000000       0x24 ../Stage2_bsp/\libhal_bsp.a(altera_avalon_jtag_uart_write.o)
 .comment       0x00000000       0x24 ../Stage2_bsp/\libhal_bsp.a(altera_avalon_timer_sc.o)
 .comment       0x00000000       0x24 ../Stage2_bsp/\libhal_bsp.a(alt_alarm_start.o)
 .comment       0x00000000       0x24 ../Stage2_bsp/\libhal_bsp.a(alt_close.o)
 .comment       0x00000000       0x24 ../Stage2_bsp/\libhal_bsp.a(alt_dcache_flush_all.o)
 .comment       0x00000000       0x24 ../Stage2_bsp/\libhal_bsp.a(alt_dev.o)
 .comment       0x00000000       0x24 ../Stage2_bsp/\libhal_bsp.a(alt_dev_llist_insert.o)
 .comment       0x00000000       0x24 ../Stage2_bsp/\libhal_bsp.a(alt_do_ctors.o)
 .comment       0x00000000       0x24 ../Stage2_bsp/\libhal_bsp.a(alt_do_dtors.o)
 .comment       0x00000000       0x24 ../Stage2_bsp/\libhal_bsp.a(alt_errno.o)
 .comment       0x00000000       0x24 ../Stage2_bsp/\libhal_bsp.a(alt_icache_flush_all.o)
 .comment       0x00000000       0x24 ../Stage2_bsp/\libhal_bsp.a(alt_iic.o)
 .comment       0x00000000       0x24 ../Stage2_bsp/\libhal_bsp.a(alt_iic_isr_register.o)
 .comment       0x00000000       0x24 ../Stage2_bsp/\libhal_bsp.a(alt_io_redirect.o)
 .comment       0x00000000       0x24 ../Stage2_bsp/\libhal_bsp.a(alt_irq_handler.o)
 .comment       0x00000000       0x24 ../Stage2_bsp/\libhal_bsp.a(alt_irq_vars.o)
 .comment       0x00000000       0x24 ../Stage2_bsp/\libhal_bsp.a(alt_open.o)
 .comment       0x00000000       0x24 ../Stage2_bsp/\libhal_bsp.a(alt_release_fd.o)
 .comment       0x00000000       0x24 ../Stage2_bsp/\libhal_bsp.a(alt_tick.o)
 .comment       0x00000000       0x24 ../Stage2_bsp/\libhal_bsp.a(altera_nios2_qsys_irq.o)
 .comment       0x00000000       0x24 ../Stage2_bsp/\libhal_bsp.a(alt_find_dev.o)
 .comment       0x00000000       0x24 ../Stage2_bsp/\libhal_bsp.a(alt_find_file.o)
 .comment       0x00000000       0x24 ../Stage2_bsp/\libhal_bsp.a(alt_get_fd.o)
 .comment       0x00000000       0x24 ../Stage2_bsp/\libhal_bsp.a(alt_icache_flush.o)
 .comment       0x00000000       0x24 c:/altera/12.1/nios2eds/bin/gnu/h-i686-mingw32/bin/../lib/gcc/nios2-elf/4.1.2/../../../../nios2-elf/lib\libc.a(lib_a-atexit.o)
 .comment       0x00000000       0x24 c:/altera/12.1/nios2eds/bin/gnu/h-i686-mingw32/bin/../lib/gcc/nios2-elf/4.1.2/../../../../nios2-elf/lib\libc.a(lib_a-exit.o)
 .comment       0x00000000       0x24 c:/altera/12.1/nios2eds/bin/gnu/h-i686-mingw32/bin/../lib/gcc/nios2-elf/4.1.2/../../../../nios2-elf/lib\libc.a(lib_a-memcmp.o)
 .comment       0x00000000       0x24 c:/altera/12.1/nios2eds/bin/gnu/h-i686-mingw32/bin/../lib/gcc/nios2-elf/4.1.2/../../../../nios2-elf/lib\libc.a(lib_a-memcpy.o)
 .comment       0x00000000       0x24 c:/altera/12.1/nios2eds/bin/gnu/h-i686-mingw32/bin/../lib/gcc/nios2-elf/4.1.2/../../../../nios2-elf/lib\libc.a(lib_a-strlen.o)
 .comment       0x00000000       0x24 c:/altera/12.1/nios2eds/bin/gnu/h-i686-mingw32/bin/../lib/gcc/nios2-elf/4.1.2/../../../../nios2-elf/lib\libc.a(lib_a-__atexit.o)
 .comment       0x00000000       0x24 c:/altera/12.1/nios2eds/bin/gnu/h-i686-mingw32/bin/../lib/gcc/nios2-elf/4.1.2/../../../../nios2-elf/lib\libc.a(lib_a-__call_atexit.o)
 .comment       0x00000000       0x24 ../Stage2_bsp/\libhal_bsp.a(alt_exit.o)

.debug
 *(.debug)

.line
 *(.line)

.debug_srcinfo
 *(.debug_srcinfo)

.debug_sfnames
 *(.debug_sfnames)

.debug_aranges  0x00000000      0x638
 *(.debug_aranges)
 .debug_aranges
                0x00000000       0x28 ../Stage2_bsp//obj/HAL/src/crt0.o
 .debug_aranges
                0x00000028       0x20 obj/default/dct.o
 .debug_aranges
                0x00000048       0x20 c:/altera/12.1/nios2eds/bin/gnu/h-i686-mingw32/bin/../lib/gcc/nios2-elf/4.1.2/../../../../nios2-elf/lib\libc.a(lib_a-malloc.o)
 .debug_aranges
                0x00000068       0x20 c:/altera/12.1/nios2eds/bin/gnu/h-i686-mingw32/bin/../lib/gcc/nios2-elf/4.1.2/../../../../nios2-elf/lib\libc.a(lib_a-mallocr.o)
 .debug_aranges
                0x00000088       0x20 c:/altera/12.1/nios2eds/bin/gnu/h-i686-mingw32/bin/../lib/gcc/nios2-elf/4.1.2/../../../../nios2-elf/lib\libc.a(lib_a-sbrkr.o)
 .debug_aranges
                0x000000a8       0x20 c:/altera/12.1/nios2eds/bin/gnu/h-i686-mingw32/bin/../lib/gcc/nios2-elf/4.1.2/../../../../nios2-elf/lib\libc.a(lib_a-freer.o)
 .debug_aranges
                0x000000c8       0x20 ../Stage2_bsp/\libhal_bsp.a(alt_load.o)
 .debug_aranges
                0x000000e8       0x20 ../Stage2_bsp/\libhal_bsp.a(alt_main.o)
 .debug_aranges
                0x00000108       0x20 ../Stage2_bsp/\libhal_bsp.a(alt_malloc_lock.o)
 .debug_aranges
                0x00000128       0x20 ../Stage2_bsp/\libhal_bsp.a(alt_sbrk.o)
 .debug_aranges
                0x00000148       0x20 ../Stage2_bsp/\libhal_bsp.a(alt_sys_init.o)
 .debug_aranges
                0x00000168       0x20 ../Stage2_bsp/\libhal_bsp.a(altera_avalon_fifo_util.o)
 .debug_aranges
                0x00000188       0x20 ../Stage2_bsp/\libhal_bsp.a(altera_avalon_jtag_uart_fd.o)
 .debug_aranges
                0x000001a8       0x20 ../Stage2_bsp/\libhal_bsp.a(altera_avalon_jtag_uart_init.o)
 .debug_aranges
                0x000001c8       0x20 ../Stage2_bsp/\libhal_bsp.a(altera_avalon_jtag_uart_ioctl.o)
 .debug_aranges
                0x000001e8       0x20 ../Stage2_bsp/\libhal_bsp.a(altera_avalon_jtag_uart_read.o)
 .debug_aranges
                0x00000208       0x20 ../Stage2_bsp/\libhal_bsp.a(altera_avalon_jtag_uart_write.o)
 .debug_aranges
                0x00000228       0x20 ../Stage2_bsp/\libhal_bsp.a(altera_avalon_timer_sc.o)
 .debug_aranges
                0x00000248       0x20 ../Stage2_bsp/\libhal_bsp.a(alt_alarm_start.o)
 .debug_aranges
                0x00000268       0x20 ../Stage2_bsp/\libhal_bsp.a(alt_close.o)
 .debug_aranges
                0x00000288       0x20 ../Stage2_bsp/\libhal_bsp.a(alt_dcache_flush_all.o)
 .debug_aranges
                0x000002a8       0x20 ../Stage2_bsp/\libhal_bsp.a(alt_dev.o)
 .debug_aranges
                0x000002c8       0x20 ../Stage2_bsp/\libhal_bsp.a(alt_dev_llist_insert.o)
 .debug_aranges
                0x000002e8       0x20 ../Stage2_bsp/\libhal_bsp.a(alt_do_ctors.o)
 .debug_aranges
                0x00000308       0x20 ../Stage2_bsp/\libhal_bsp.a(alt_do_dtors.o)
 .debug_aranges
                0x00000328       0x20 ../Stage2_bsp/\libhal_bsp.a(alt_icache_flush_all.o)
 .debug_aranges
                0x00000348       0x20 ../Stage2_bsp/\libhal_bsp.a(alt_iic.o)
 .debug_aranges
                0x00000368       0x20 ../Stage2_bsp/\libhal_bsp.a(alt_iic_isr_register.o)
 .debug_aranges
                0x00000388       0x20 ../Stage2_bsp/\libhal_bsp.a(alt_io_redirect.o)
 .debug_aranges
                0x000003a8       0x30 ../Stage2_bsp/\libhal_bsp.a(alt_irq_entry.o)
 .debug_aranges
                0x000003d8       0x28 ../Stage2_bsp/\libhal_bsp.a(alt_irq_handler.o)
 .debug_aranges
                0x00000400       0x20 ../Stage2_bsp/\libhal_bsp.a(alt_open.o)
 .debug_aranges
                0x00000420       0x20 ../Stage2_bsp/\libhal_bsp.a(alt_release_fd.o)
 .debug_aranges
                0x00000440       0x20 ../Stage2_bsp/\libhal_bsp.a(alt_tick.o)
 .debug_aranges
                0x00000460       0x20 ../Stage2_bsp/\libhal_bsp.a(altera_nios2_qsys_irq.o)
 .debug_aranges
                0x00000480       0x38 ../Stage2_bsp/\libhal_bsp.a(alt_exception_entry.o)
 .debug_aranges
                0x000004b8       0x20 ../Stage2_bsp/\libhal_bsp.a(alt_find_dev.o)
 .debug_aranges
                0x000004d8       0x20 ../Stage2_bsp/\libhal_bsp.a(alt_find_file.o)
 .debug_aranges
                0x000004f8       0x20 ../Stage2_bsp/\libhal_bsp.a(alt_get_fd.o)
 .debug_aranges
                0x00000518       0x20 ../Stage2_bsp/\libhal_bsp.a(alt_icache_flush.o)
 .debug_aranges
                0x00000538       0x20 c:/altera/12.1/nios2eds/bin/gnu/h-i686-mingw32/bin/../lib/gcc/nios2-elf/4.1.2/../../../../nios2-elf/lib\libc.a(lib_a-atexit.o)
 .debug_aranges
                0x00000558       0x20 c:/altera/12.1/nios2eds/bin/gnu/h-i686-mingw32/bin/../lib/gcc/nios2-elf/4.1.2/../../../../nios2-elf/lib\libc.a(lib_a-exit.o)
 .debug_aranges
                0x00000578       0x20 c:/altera/12.1/nios2eds/bin/gnu/h-i686-mingw32/bin/../lib/gcc/nios2-elf/4.1.2/../../../../nios2-elf/lib\libc.a(lib_a-memcmp.o)
 .debug_aranges
                0x00000598       0x20 c:/altera/12.1/nios2eds/bin/gnu/h-i686-mingw32/bin/../lib/gcc/nios2-elf/4.1.2/../../../../nios2-elf/lib\libc.a(lib_a-memcpy.o)
 .debug_aranges
                0x000005b8       0x20 c:/altera/12.1/nios2eds/bin/gnu/h-i686-mingw32/bin/../lib/gcc/nios2-elf/4.1.2/../../../../nios2-elf/lib\libc.a(lib_a-strlen.o)
 .debug_aranges
                0x000005d8       0x20 c:/altera/12.1/nios2eds/bin/gnu/h-i686-mingw32/bin/../lib/gcc/nios2-elf/4.1.2/../../../../nios2-elf/lib\libc.a(lib_a-__atexit.o)
 .debug_aranges
                0x000005f8       0x20 c:/altera/12.1/nios2eds/bin/gnu/h-i686-mingw32/bin/../lib/gcc/nios2-elf/4.1.2/../../../../nios2-elf/lib\libc.a(lib_a-__call_atexit.o)
 .debug_aranges
                0x00000618       0x20 ../Stage2_bsp/\libhal_bsp.a(alt_exit.o)

.debug_pubnames
                0x00000000      0xc0f
 *(.debug_pubnames)
 .debug_pubnames
                0x00000000       0x2c obj/default/dct.o
 .debug_pubnames
                0x0000002c       0x26 c:/altera/12.1/nios2eds/bin/gnu/h-i686-mingw32/bin/../lib/gcc/nios2-elf/4.1.2/../../../../nios2-elf/lib\libc.a(lib_a-malloc.o)
 .debug_pubnames
                0x00000052       0xce c:/altera/12.1/nios2eds/bin/gnu/h-i686-mingw32/bin/../lib/gcc/nios2-elf/4.1.2/../../../../nios2-elf/lib\libc.a(lib_a-mallocr.o)
 .debug_pubnames
                0x00000120       0x1e c:/altera/12.1/nios2eds/bin/gnu/h-i686-mingw32/bin/../lib/gcc/nios2-elf/4.1.2/../../../../nios2-elf/lib\libc.a(lib_a-sbrkr.o)
 .debug_pubnames
                0x0000013e       0x31 c:/altera/12.1/nios2eds/bin/gnu/h-i686-mingw32/bin/../lib/gcc/nios2-elf/4.1.2/../../../../nios2-elf/lib\libc.a(lib_a-freer.o)
 .debug_pubnames
                0x0000016f       0x39 c:/altera/12.1/nios2eds/bin/gnu/h-i686-mingw32/bin/../lib/gcc/nios2-elf/4.1.2/../../../../nios2-elf/lib\libc.a(lib_a-impure.o)
 .debug_pubnames
                0x000001a8       0x1c c:/altera/12.1/nios2eds/bin/gnu/h-i686-mingw32/bin/../lib/gcc/nios2-elf/4.1.2/../../../../nios2-elf/lib\libc.a(lib_a-int_errno.o)
 .debug_pubnames
                0x000001c4       0x1f ../Stage2_bsp/\libhal_bsp.a(alt_load.o)
 .debug_pubnames
                0x000001e3       0x46 ../Stage2_bsp/\libhal_bsp.a(alt_main.o)
 .debug_pubnames
                0x00000229       0x38 ../Stage2_bsp/\libhal_bsp.a(alt_malloc_lock.o)
 .debug_pubnames
                0x00000261       0x1b ../Stage2_bsp/\libhal_bsp.a(alt_sbrk.o)
 .debug_pubnames
                0x0000027c       0x34 ../Stage2_bsp/\libhal_bsp.a(alt_sys_init.o)
 .debug_pubnames
                0x000002b0      0x278 ../Stage2_bsp/\libhal_bsp.a(altera_avalon_fifo_util.o)
 .debug_pubnames
                0x00000528       0xa5 ../Stage2_bsp/\libhal_bsp.a(altera_avalon_jtag_uart_fd.o)
 .debug_pubnames
                0x000005cd       0x55 ../Stage2_bsp/\libhal_bsp.a(altera_avalon_jtag_uart_init.o)
 .debug_pubnames
                0x00000622       0x34 ../Stage2_bsp/\libhal_bsp.a(altera_avalon_jtag_uart_ioctl.o)
 .debug_pubnames
                0x00000656       0x33 ../Stage2_bsp/\libhal_bsp.a(altera_avalon_jtag_uart_read.o)
 .debug_pubnames
                0x00000689       0x34 ../Stage2_bsp/\libhal_bsp.a(altera_avalon_jtag_uart_write.o)
 .debug_pubnames
                0x000006bd       0x2f ../Stage2_bsp/\libhal_bsp.a(altera_avalon_timer_sc.o)
 .debug_pubnames
                0x000006ec       0x26 ../Stage2_bsp/\libhal_bsp.a(alt_alarm_start.o)
 .debug_pubnames
                0x00000712       0x1c ../Stage2_bsp/\libhal_bsp.a(alt_close.o)
 .debug_pubnames
                0x0000072e       0x2b ../Stage2_bsp/\libhal_bsp.a(alt_dcache_flush_all.o)
 .debug_pubnames
                0x00000759       0x63 ../Stage2_bsp/\libhal_bsp.a(alt_dev.o)
 .debug_pubnames
                0x000007bc       0x2b ../Stage2_bsp/\libhal_bsp.a(alt_dev_llist_insert.o)
 .debug_pubnames
                0x000007e7       0x20 ../Stage2_bsp/\libhal_bsp.a(alt_do_ctors.o)
 .debug_pubnames
                0x00000807       0x20 ../Stage2_bsp/\libhal_bsp.a(alt_do_dtors.o)
 .debug_pubnames
                0x00000827       0x20 ../Stage2_bsp/\libhal_bsp.a(alt_errno.o)
 .debug_pubnames
                0x00000847       0x2b ../Stage2_bsp/\libhal_bsp.a(alt_icache_flush_all.o)
 .debug_pubnames
                0x00000872       0x6e ../Stage2_bsp/\libhal_bsp.a(alt_iic.o)
 .debug_pubnames
                0x000008e0       0x2b ../Stage2_bsp/\libhal_bsp.a(alt_iic_isr_register.o)
 .debug_pubnames
                0x0000090b       0x26 ../Stage2_bsp/\libhal_bsp.a(alt_io_redirect.o)
 .debug_pubnames
                0x00000931       0x32 ../Stage2_bsp/\libhal_bsp.a(alt_irq_handler.o)
 .debug_pubnames
                0x00000963       0x3b ../Stage2_bsp/\libhal_bsp.a(alt_irq_vars.o)
 .debug_pubnames
                0x0000099e       0x1b ../Stage2_bsp/\libhal_bsp.a(alt_open.o)
 .debug_pubnames
                0x000009b9       0x25 ../Stage2_bsp/\libhal_bsp.a(alt_release_fd.o)
 .debug_pubnames
                0x000009de       0x68 ../Stage2_bsp/\libhal_bsp.a(alt_tick.o)
 .debug_pubnames
                0x00000a46       0x31 ../Stage2_bsp/\libhal_bsp.a(altera_nios2_qsys_irq.o)
 .debug_pubnames
                0x00000a77       0x23 ../Stage2_bsp/\libhal_bsp.a(alt_find_dev.o)
 .debug_pubnames
                0x00000a9a       0x24 ../Stage2_bsp/\libhal_bsp.a(alt_find_file.o)
 .debug_pubnames
                0x00000abe       0x21 ../Stage2_bsp/\libhal_bsp.a(alt_get_fd.o)
 .debug_pubnames
                0x00000adf       0x27 ../Stage2_bsp/\libhal_bsp.a(alt_icache_flush.o)
 .debug_pubnames
                0x00000b06       0x2a c:/altera/12.1/nios2eds/bin/gnu/h-i686-mingw32/bin/../lib/gcc/nios2-elf/4.1.2/../../../../nios2-elf/lib\libc.a(lib_a-atexit.o)
 .debug_pubnames
                0x00000b30       0x1b c:/altera/12.1/nios2eds/bin/gnu/h-i686-mingw32/bin/../lib/gcc/nios2-elf/4.1.2/../../../../nios2-elf/lib\libc.a(lib_a-exit.o)
 .debug_pubnames
                0x00000b4b       0x1d c:/altera/12.1/nios2eds/bin/gnu/h-i686-mingw32/bin/../lib/gcc/nios2-elf/4.1.2/../../../../nios2-elf/lib\libc.a(lib_a-memcmp.o)
 .debug_pubnames
                0x00000b68       0x1d c:/altera/12.1/nios2eds/bin/gnu/h-i686-mingw32/bin/../lib/gcc/nios2-elf/4.1.2/../../../../nios2-elf/lib\libc.a(lib_a-memcpy.o)
 .debug_pubnames
                0x00000b85       0x1d c:/altera/12.1/nios2eds/bin/gnu/h-i686-mingw32/bin/../lib/gcc/nios2-elf/4.1.2/../../../../nios2-elf/lib\libc.a(lib_a-strlen.o)
 .debug_pubnames
                0x00000ba2       0x2a c:/altera/12.1/nios2eds/bin/gnu/h-i686-mingw32/bin/../lib/gcc/nios2-elf/4.1.2/../../../../nios2-elf/lib\libc.a(lib_a-__atexit.o)
 .debug_pubnames
                0x00000bcc       0x27 c:/altera/12.1/nios2eds/bin/gnu/h-i686-mingw32/bin/../lib/gcc/nios2-elf/4.1.2/../../../../nios2-elf/lib\libc.a(lib_a-__call_atexit.o)
 .debug_pubnames
                0x00000bf3       0x1c ../Stage2_bsp/\libhal_bsp.a(alt_exit.o)

.debug_info     0x00000000     0xe518
 *(.debug_info .gnu.linkonce.wi.*)
 .debug_info    0x00000000       0x7a ../Stage2_bsp//obj/HAL/src/crt0.o
 .debug_info    0x0000007a      0x2aa obj/default/dct.o
 .debug_info    0x00000324      0x96e c:/altera/12.1/nios2eds/bin/gnu/h-i686-mingw32/bin/../lib/gcc/nios2-elf/4.1.2/../../../../nios2-elf/lib\libc.a(lib_a-malloc.o)
 .debug_info    0x00000c92      0xcd0 c:/altera/12.1/nios2eds/bin/gnu/h-i686-mingw32/bin/../lib/gcc/nios2-elf/4.1.2/../../../../nios2-elf/lib\libc.a(lib_a-mallocr.o)
 .debug_info    0x00001962      0x962 c:/altera/12.1/nios2eds/bin/gnu/h-i686-mingw32/bin/../lib/gcc/nios2-elf/4.1.2/../../../../nios2-elf/lib\libc.a(lib_a-sbrkr.o)
 .debug_info    0x000022c4      0xbc9 c:/altera/12.1/nios2eds/bin/gnu/h-i686-mingw32/bin/../lib/gcc/nios2-elf/4.1.2/../../../../nios2-elf/lib\libc.a(lib_a-freer.o)
 .debug_info    0x00002e8d      0x93d c:/altera/12.1/nios2eds/bin/gnu/h-i686-mingw32/bin/../lib/gcc/nios2-elf/4.1.2/../../../../nios2-elf/lib\libc.a(lib_a-impure.o)
 .debug_info    0x000037ca       0x8c c:/altera/12.1/nios2eds/bin/gnu/h-i686-mingw32/bin/../lib/gcc/nios2-elf/4.1.2/../../../../nios2-elf/lib\libc.a(lib_a-int_errno.o)
 .debug_info    0x00003856      0x28c ../Stage2_bsp/\libhal_bsp.a(alt_load.o)
 .debug_info    0x00003ae2      0x224 ../Stage2_bsp/\libhal_bsp.a(alt_main.o)
 .debug_info    0x00003d06      0xc17 ../Stage2_bsp/\libhal_bsp.a(alt_malloc_lock.o)
 .debug_info    0x0000491d      0x2b6 ../Stage2_bsp/\libhal_bsp.a(alt_sbrk.o)
 .debug_info    0x00004bd3      0x721 ../Stage2_bsp/\libhal_bsp.a(alt_sys_init.o)
 .debug_info    0x000052f4      0x765 ../Stage2_bsp/\libhal_bsp.a(altera_avalon_fifo_util.o)
 .debug_info    0x00005a59      0x7d8 ../Stage2_bsp/\libhal_bsp.a(altera_avalon_jtag_uart_fd.o)
 .debug_info    0x00006231      0x600 ../Stage2_bsp/\libhal_bsp.a(altera_avalon_jtag_uart_init.o)
 .debug_info    0x00006831      0x442 ../Stage2_bsp/\libhal_bsp.a(altera_avalon_jtag_uart_ioctl.o)
 .debug_info    0x00006c73      0x545 ../Stage2_bsp/\libhal_bsp.a(altera_avalon_jtag_uart_read.o)
 .debug_info    0x000071b8      0x53d ../Stage2_bsp/\libhal_bsp.a(altera_avalon_jtag_uart_write.o)
 .debug_info    0x000076f5      0x38a ../Stage2_bsp/\libhal_bsp.a(altera_avalon_timer_sc.o)
 .debug_info    0x00007a7f      0x441 ../Stage2_bsp/\libhal_bsp.a(alt_alarm_start.o)
 .debug_info    0x00007ec0      0x466 ../Stage2_bsp/\libhal_bsp.a(alt_close.o)
 .debug_info    0x00008326      0x15b ../Stage2_bsp/\libhal_bsp.a(alt_dcache_flush_all.o)
 .debug_info    0x00008481      0x67e ../Stage2_bsp/\libhal_bsp.a(alt_dev.o)
 .debug_info    0x00008aff      0x2b6 ../Stage2_bsp/\libhal_bsp.a(alt_dev_llist_insert.o)
 .debug_info    0x00008db5      0x10e ../Stage2_bsp/\libhal_bsp.a(alt_do_ctors.o)
 .debug_info    0x00008ec3      0x10d ../Stage2_bsp/\libhal_bsp.a(alt_do_dtors.o)
 .debug_info    0x00008fd0      0x163 ../Stage2_bsp/\libhal_bsp.a(alt_errno.o)
 .debug_info    0x00009133      0x15b ../Stage2_bsp/\libhal_bsp.a(alt_icache_flush_all.o)
 .debug_info    0x0000928e      0x492 ../Stage2_bsp/\libhal_bsp.a(alt_iic.o)
 .debug_info    0x00009720      0x313 ../Stage2_bsp/\libhal_bsp.a(alt_iic_isr_register.o)
 .debug_info    0x00009a33      0x694 ../Stage2_bsp/\libhal_bsp.a(alt_io_redirect.o)
 .debug_info    0x0000a0c7       0x83 ../Stage2_bsp/\libhal_bsp.a(alt_irq_entry.o)
 .debug_info    0x0000a14a      0x274 ../Stage2_bsp/\libhal_bsp.a(alt_irq_handler.o)
 .debug_info    0x0000a3be      0x166 ../Stage2_bsp/\libhal_bsp.a(alt_irq_vars.o)
 .debug_info    0x0000a524      0x524 ../Stage2_bsp/\libhal_bsp.a(alt_open.o)
 .debug_info    0x0000aa48      0x3f1 ../Stage2_bsp/\libhal_bsp.a(alt_release_fd.o)
 .debug_info    0x0000ae39      0x3fd ../Stage2_bsp/\libhal_bsp.a(alt_tick.o)
 .debug_info    0x0000b236      0x162 ../Stage2_bsp/\libhal_bsp.a(altera_nios2_qsys_irq.o)
 .debug_info    0x0000b398       0x89 ../Stage2_bsp/\libhal_bsp.a(alt_exception_entry.o)
 .debug_info    0x0000b421      0x417 ../Stage2_bsp/\libhal_bsp.a(alt_find_dev.o)
 .debug_info    0x0000b838      0x41e ../Stage2_bsp/\libhal_bsp.a(alt_find_file.o)
 .debug_info    0x0000bc56      0x45f ../Stage2_bsp/\libhal_bsp.a(alt_get_fd.o)
 .debug_info    0x0000c0b5      0x1a3 ../Stage2_bsp/\libhal_bsp.a(alt_icache_flush.o)
 .debug_info    0x0000c258      0x181 c:/altera/12.1/nios2eds/bin/gnu/h-i686-mingw32/bin/../lib/gcc/nios2-elf/4.1.2/../../../../nios2-elf/lib\libc.a(lib_a-atexit.o)
 .debug_info    0x0000c3d9      0x93f c:/altera/12.1/nios2eds/bin/gnu/h-i686-mingw32/bin/../lib/gcc/nios2-elf/4.1.2/../../../../nios2-elf/lib\libc.a(lib_a-exit.o)
 .debug_info    0x0000cd18      0x115 c:/altera/12.1/nios2eds/bin/gnu/h-i686-mingw32/bin/../lib/gcc/nios2-elf/4.1.2/../../../../nios2-elf/lib\libc.a(lib_a-memcmp.o)
 .debug_info    0x0000ce2d      0x106 c:/altera/12.1/nios2eds/bin/gnu/h-i686-mingw32/bin/../lib/gcc/nios2-elf/4.1.2/../../../../nios2-elf/lib\libc.a(lib_a-memcpy.o)
 .debug_info    0x0000cf33       0xdb c:/altera/12.1/nios2eds/bin/gnu/h-i686-mingw32/bin/../lib/gcc/nios2-elf/4.1.2/../../../../nios2-elf/lib\libc.a(lib_a-strlen.o)
 .debug_info    0x0000d00e      0x99c c:/altera/12.1/nios2eds/bin/gnu/h-i686-mingw32/bin/../lib/gcc/nios2-elf/4.1.2/../../../../nios2-elf/lib\libc.a(lib_a-__atexit.o)
 .debug_info    0x0000d9aa      0x9e2 c:/altera/12.1/nios2eds/bin/gnu/h-i686-mingw32/bin/../lib/gcc/nios2-elf/4.1.2/../../../../nios2-elf/lib\libc.a(lib_a-__call_atexit.o)
 .debug_info    0x0000e38c      0x18c ../Stage2_bsp/\libhal_bsp.a(alt_exit.o)

.debug_abbrev   0x00000000     0x2fcb
 *(.debug_abbrev)
 .debug_abbrev  0x00000000       0x12 ../Stage2_bsp//obj/HAL/src/crt0.o
 .debug_abbrev  0x00000012       0x8a obj/default/dct.o
 .debug_abbrev  0x0000009c      0x187 c:/altera/12.1/nios2eds/bin/gnu/h-i686-mingw32/bin/../lib/gcc/nios2-elf/4.1.2/../../../../nios2-elf/lib\libc.a(lib_a-malloc.o)
 .debug_abbrev  0x00000223      0x216 c:/altera/12.1/nios2eds/bin/gnu/h-i686-mingw32/bin/../lib/gcc/nios2-elf/4.1.2/../../../../nios2-elf/lib\libc.a(lib_a-mallocr.o)
 .debug_abbrev  0x00000439      0x18c c:/altera/12.1/nios2eds/bin/gnu/h-i686-mingw32/bin/../lib/gcc/nios2-elf/4.1.2/../../../../nios2-elf/lib\libc.a(lib_a-sbrkr.o)
 .debug_abbrev  0x000005c5      0x1d9 c:/altera/12.1/nios2eds/bin/gnu/h-i686-mingw32/bin/../lib/gcc/nios2-elf/4.1.2/../../../../nios2-elf/lib\libc.a(lib_a-freer.o)
 .debug_abbrev  0x0000079e      0x157 c:/altera/12.1/nios2eds/bin/gnu/h-i686-mingw32/bin/../lib/gcc/nios2-elf/4.1.2/../../../../nios2-elf/lib\libc.a(lib_a-impure.o)
 .debug_abbrev  0x000008f5       0x3b c:/altera/12.1/nios2eds/bin/gnu/h-i686-mingw32/bin/../lib/gcc/nios2-elf/4.1.2/../../../../nios2-elf/lib\libc.a(lib_a-int_errno.o)
 .debug_abbrev  0x00000930       0x88 ../Stage2_bsp/\libhal_bsp.a(alt_load.o)
 .debug_abbrev  0x000009b8       0xb7 ../Stage2_bsp/\libhal_bsp.a(alt_main.o)
 .debug_abbrev  0x00000a6f      0x181 ../Stage2_bsp/\libhal_bsp.a(alt_malloc_lock.o)
 .debug_abbrev  0x00000bf0      0x115 ../Stage2_bsp/\libhal_bsp.a(alt_sbrk.o)
 .debug_abbrev  0x00000d05      0x142 ../Stage2_bsp/\libhal_bsp.a(alt_sys_init.o)
 .debug_abbrev  0x00000e47       0xa0 ../Stage2_bsp/\libhal_bsp.a(altera_avalon_fifo_util.o)
 .debug_abbrev  0x00000ee7       0xf7 ../Stage2_bsp/\libhal_bsp.a(altera_avalon_jtag_uart_fd.o)
 .debug_abbrev  0x00000fde      0x17c ../Stage2_bsp/\libhal_bsp.a(altera_avalon_jtag_uart_init.o)
 .debug_abbrev  0x0000115a       0xf0 ../Stage2_bsp/\libhal_bsp.a(altera_avalon_jtag_uart_ioctl.o)
 .debug_abbrev  0x0000124a      0x191 ../Stage2_bsp/\libhal_bsp.a(altera_avalon_jtag_uart_read.o)
 .debug_abbrev  0x000013db      0x18d ../Stage2_bsp/\libhal_bsp.a(altera_avalon_jtag_uart_write.o)
 .debug_abbrev  0x00001568      0x137 ../Stage2_bsp/\libhal_bsp.a(altera_avalon_timer_sc.o)
 .debug_abbrev  0x0000169f      0x172 ../Stage2_bsp/\libhal_bsp.a(alt_alarm_start.o)
 .debug_abbrev  0x00001811       0xfb ../Stage2_bsp/\libhal_bsp.a(alt_close.o)
 .debug_abbrev  0x0000190c       0x3f ../Stage2_bsp/\libhal_bsp.a(alt_dcache_flush_all.o)
 .debug_abbrev  0x0000194b       0xc7 ../Stage2_bsp/\libhal_bsp.a(alt_dev.o)
 .debug_abbrev  0x00001a12       0xf6 ../Stage2_bsp/\libhal_bsp.a(alt_dev_llist_insert.o)
 .debug_abbrev  0x00001b08       0x76 ../Stage2_bsp/\libhal_bsp.a(alt_do_ctors.o)
 .debug_abbrev  0x00001b7e       0x76 ../Stage2_bsp/\libhal_bsp.a(alt_do_dtors.o)
 .debug_abbrev  0x00001bf4       0x5e ../Stage2_bsp/\libhal_bsp.a(alt_errno.o)
 .debug_abbrev  0x00001c52       0x3f ../Stage2_bsp/\libhal_bsp.a(alt_icache_flush_all.o)
 .debug_abbrev  0x00001c91      0x134 ../Stage2_bsp/\libhal_bsp.a(alt_iic.o)
 .debug_abbrev  0x00001dc5      0x14e ../Stage2_bsp/\libhal_bsp.a(alt_iic_isr_register.o)
 .debug_abbrev  0x00001f13       0xf0 ../Stage2_bsp/\libhal_bsp.a(alt_io_redirect.o)
 .debug_abbrev  0x00002003       0x12 ../Stage2_bsp/\libhal_bsp.a(alt_irq_entry.o)
 .debug_abbrev  0x00002015      0x10c ../Stage2_bsp/\libhal_bsp.a(alt_irq_handler.o)
 .debug_abbrev  0x00002121       0x44 ../Stage2_bsp/\libhal_bsp.a(alt_irq_vars.o)
 .debug_abbrev  0x00002165      0x112 ../Stage2_bsp/\libhal_bsp.a(alt_open.o)
 .debug_abbrev  0x00002277       0xc1 ../Stage2_bsp/\libhal_bsp.a(alt_release_fd.o)
 .debug_abbrev  0x00002338      0x150 ../Stage2_bsp/\libhal_bsp.a(alt_tick.o)
 .debug_abbrev  0x00002488       0x3f ../Stage2_bsp/\libhal_bsp.a(altera_nios2_qsys_irq.o)
 .debug_abbrev  0x000024c7       0x12 ../Stage2_bsp/\libhal_bsp.a(alt_exception_entry.o)
 .debug_abbrev  0x000024d9       0xcf ../Stage2_bsp/\libhal_bsp.a(alt_find_dev.o)
 .debug_abbrev  0x000025a8       0xcf ../Stage2_bsp/\libhal_bsp.a(alt_find_file.o)
 .debug_abbrev  0x00002677       0xfb ../Stage2_bsp/\libhal_bsp.a(alt_get_fd.o)
 .debug_abbrev  0x00002772       0x7a ../Stage2_bsp/\libhal_bsp.a(alt_icache_flush.o)
 .debug_abbrev  0x000027ec       0xb7 c:/altera/12.1/nios2eds/bin/gnu/h-i686-mingw32/bin/../lib/gcc/nios2-elf/4.1.2/../../../../nios2-elf/lib\libc.a(lib_a-atexit.o)
 .debug_abbrev  0x000028a3      0x16e c:/altera/12.1/nios2eds/bin/gnu/h-i686-mingw32/bin/../lib/gcc/nios2-elf/4.1.2/../../../../nios2-elf/lib\libc.a(lib_a-exit.o)
 .debug_abbrev  0x00002a11       0x7c c:/altera/12.1/nios2eds/bin/gnu/h-i686-mingw32/bin/../lib/gcc/nios2-elf/4.1.2/../../../../nios2-elf/lib\libc.a(lib_a-memcmp.o)
 .debug_abbrev  0x00002a8d       0xb5 c:/altera/12.1/nios2eds/bin/gnu/h-i686-mingw32/bin/../lib/gcc/nios2-elf/4.1.2/../../../../nios2-elf/lib\libc.a(lib_a-memcpy.o)
 .debug_abbrev  0x00002b42       0x8b c:/altera/12.1/nios2eds/bin/gnu/h-i686-mingw32/bin/../lib/gcc/nios2-elf/4.1.2/../../../../nios2-elf/lib\libc.a(lib_a-strlen.o)
 .debug_abbrev  0x00002bcd      0x1ae c:/altera/12.1/nios2eds/bin/gnu/h-i686-mingw32/bin/../lib/gcc/nios2-elf/4.1.2/../../../../nios2-elf/lib\libc.a(lib_a-__atexit.o)
 .debug_abbrev  0x00002d7b      0x1de c:/altera/12.1/nios2eds/bin/gnu/h-i686-mingw32/bin/../lib/gcc/nios2-elf/4.1.2/../../../../nios2-elf/lib\libc.a(lib_a-__call_atexit.o)
 .debug_abbrev  0x00002f59       0x72 ../Stage2_bsp/\libhal_bsp.a(alt_exit.o)

.debug_line     0x00000000     0x7f15
 *(.debug_line)
 .debug_line    0x00000000       0x6c ../Stage2_bsp//obj/HAL/src/crt0.o
 .debug_line    0x0000006c      0x274 obj/default/dct.o
 .debug_line    0x000002e0      0x245 c:/altera/12.1/nios2eds/bin/gnu/h-i686-mingw32/bin/../lib/gcc/nios2-elf/4.1.2/../../../../nios2-elf/lib\libc.a(lib_a-malloc.o)
 .debug_line    0x00000525      0x804 c:/altera/12.1/nios2eds/bin/gnu/h-i686-mingw32/bin/../lib/gcc/nios2-elf/4.1.2/../../../../nios2-elf/lib\libc.a(lib_a-mallocr.o)
 .debug_line    0x00000d29      0x290 c:/altera/12.1/nios2eds/bin/gnu/h-i686-mingw32/bin/../lib/gcc/nios2-elf/4.1.2/../../../../nios2-elf/lib\libc.a(lib_a-sbrkr.o)
 .debug_line    0x00000fb9      0x5e5 c:/altera/12.1/nios2eds/bin/gnu/h-i686-mingw32/bin/../lib/gcc/nios2-elf/4.1.2/../../../../nios2-elf/lib\libc.a(lib_a-freer.o)
 .debug_line    0x0000159e      0x224 c:/altera/12.1/nios2eds/bin/gnu/h-i686-mingw32/bin/../lib/gcc/nios2-elf/4.1.2/../../../../nios2-elf/lib\libc.a(lib_a-impure.o)
 .debug_line    0x000017c2      0x1d9 c:/altera/12.1/nios2eds/bin/gnu/h-i686-mingw32/bin/../lib/gcc/nios2-elf/4.1.2/../../../../nios2-elf/lib\libc.a(lib_a-int_errno.o)
 .debug_line    0x0000199b      0x211 ../Stage2_bsp/\libhal_bsp.a(alt_load.o)
 .debug_line    0x00001bac      0x2c4 ../Stage2_bsp/\libhal_bsp.a(alt_main.o)
 .debug_line    0x00001e70      0x206 ../Stage2_bsp/\libhal_bsp.a(alt_malloc_lock.o)
 .debug_line    0x00002076      0x25b ../Stage2_bsp/\libhal_bsp.a(alt_sbrk.o)
 .debug_line    0x000022d1      0x2c1 ../Stage2_bsp/\libhal_bsp.a(alt_sys_init.o)
 .debug_line    0x00002592      0x464 ../Stage2_bsp/\libhal_bsp.a(altera_avalon_fifo_util.o)
 .debug_line    0x000029f6      0x214 ../Stage2_bsp/\libhal_bsp.a(altera_avalon_jtag_uart_fd.o)
 .debug_line    0x00002c0a      0x4a5 ../Stage2_bsp/\libhal_bsp.a(altera_avalon_jtag_uart_init.o)
 .debug_line    0x000030af      0x311 ../Stage2_bsp/\libhal_bsp.a(altera_avalon_jtag_uart_ioctl.o)
 .debug_line    0x000033c0      0x3f1 ../Stage2_bsp/\libhal_bsp.a(altera_avalon_jtag_uart_read.o)
 .debug_line    0x000037b1      0x3ff ../Stage2_bsp/\libhal_bsp.a(altera_avalon_jtag_uart_write.o)
 .debug_line    0x00003bb0      0x2ad ../Stage2_bsp/\libhal_bsp.a(altera_avalon_timer_sc.o)
 .debug_line    0x00003e5d      0x2d6 ../Stage2_bsp/\libhal_bsp.a(alt_alarm_start.o)
 .debug_line    0x00004133      0x293 ../Stage2_bsp/\libhal_bsp.a(alt_close.o)
 .debug_line    0x000043c6      0x1af ../Stage2_bsp/\libhal_bsp.a(alt_dcache_flush_all.o)
 .debug_line    0x00004575      0x24e ../Stage2_bsp/\libhal_bsp.a(alt_dev.o)
 .debug_line    0x000047c3      0x254 ../Stage2_bsp/\libhal_bsp.a(alt_dev_llist_insert.o)
 .debug_line    0x00004a17       0x83 ../Stage2_bsp/\libhal_bsp.a(alt_do_ctors.o)
 .debug_line    0x00004a9a       0x83 ../Stage2_bsp/\libhal_bsp.a(alt_do_dtors.o)
 .debug_line    0x00004b1d      0x1a4 ../Stage2_bsp/\libhal_bsp.a(alt_errno.o)
 .debug_line    0x00004cc1      0x1b7 ../Stage2_bsp/\libhal_bsp.a(alt_icache_flush_all.o)
 .debug_line    0x00004e78      0x2c2 ../Stage2_bsp/\libhal_bsp.a(alt_iic.o)
 .debug_line    0x0000513a      0x243 ../Stage2_bsp/\libhal_bsp.a(alt_iic_isr_register.o)
 .debug_line    0x0000537d      0x2ae ../Stage2_bsp/\libhal_bsp.a(alt_io_redirect.o)
 .debug_line    0x0000562b       0x6b ../Stage2_bsp/\libhal_bsp.a(alt_irq_entry.o)
 .debug_line    0x00005696      0x242 ../Stage2_bsp/\libhal_bsp.a(alt_irq_handler.o)
 .debug_line    0x000058d8       0x72 ../Stage2_bsp/\libhal_bsp.a(alt_irq_vars.o)
 .debug_line    0x0000594a      0x2f9 ../Stage2_bsp/\libhal_bsp.a(alt_open.o)
 .debug_line    0x00005c43       0xed ../Stage2_bsp/\libhal_bsp.a(alt_release_fd.o)
 .debug_line    0x00005d30      0x2d6 ../Stage2_bsp/\libhal_bsp.a(alt_tick.o)
 .debug_line    0x00006006      0x1c8 ../Stage2_bsp/\libhal_bsp.a(altera_nios2_qsys_irq.o)
 .debug_line    0x000061ce       0xab ../Stage2_bsp/\libhal_bsp.a(alt_exception_entry.o)
 .debug_line    0x00006279      0x265 ../Stage2_bsp/\libhal_bsp.a(alt_find_dev.o)
 .debug_line    0x000064de      0x276 ../Stage2_bsp/\libhal_bsp.a(alt_find_file.o)
 .debug_line    0x00006754      0x291 ../Stage2_bsp/\libhal_bsp.a(alt_get_fd.o)
 .debug_line    0x000069e5      0x1f3 ../Stage2_bsp/\libhal_bsp.a(alt_icache_flush.o)
 .debug_line    0x00006bd8      0x1fa c:/altera/12.1/nios2eds/bin/gnu/h-i686-mingw32/bin/../lib/gcc/nios2-elf/4.1.2/../../../../nios2-elf/lib\libc.a(lib_a-atexit.o)
 .debug_line    0x00006dd2      0x232 c:/altera/12.1/nios2eds/bin/gnu/h-i686-mingw32/bin/../lib/gcc/nios2-elf/4.1.2/../../../../nios2-elf/lib\libc.a(lib_a-exit.o)
 .debug_line    0x00007004      0x296 c:/altera/12.1/nios2eds/bin/gnu/h-i686-mingw32/bin/../lib/gcc/nios2-elf/4.1.2/../../../../nios2-elf/lib\libc.a(lib_a-memcmp.o)
 .debug_line    0x0000729a      0x1a9 c:/altera/12.1/nios2eds/bin/gnu/h-i686-mingw32/bin/../lib/gcc/nios2-elf/4.1.2/../../../../nios2-elf/lib\libc.a(lib_a-memcpy.o)
 .debug_line    0x00007443      0x264 c:/altera/12.1/nios2eds/bin/gnu/h-i686-mingw32/bin/../lib/gcc/nios2-elf/4.1.2/../../../../nios2-elf/lib\libc.a(lib_a-strlen.o)
 .debug_line    0x000076a7      0x30d c:/altera/12.1/nios2eds/bin/gnu/h-i686-mingw32/bin/../lib/gcc/nios2-elf/4.1.2/../../../../nios2-elf/lib\libc.a(lib_a-__atexit.o)
 .debug_line    0x000079b4      0x361 c:/altera/12.1/nios2eds/bin/gnu/h-i686-mingw32/bin/../lib/gcc/nios2-elf/4.1.2/../../../../nios2-elf/lib\libc.a(lib_a-__call_atexit.o)
 .debug_line    0x00007d15      0x200 ../Stage2_bsp/\libhal_bsp.a(alt_exit.o)

.debug_frame    0x00000000      0xc0c
 *(.debug_frame)
 .debug_frame   0x00000000       0x4c obj/default/dct.o
 .debug_frame   0x0000004c       0x30 c:/altera/12.1/nios2eds/bin/gnu/h-i686-mingw32/bin/../lib/gcc/nios2-elf/4.1.2/../../../../nios2-elf/lib\libc.a(lib_a-malloc.o)
 .debug_frame   0x0000007c       0x38 c:/altera/12.1/nios2eds/bin/gnu/h-i686-mingw32/bin/../lib/gcc/nios2-elf/4.1.2/../../../../nios2-elf/lib\libc.a(lib_a-mallocr.o)
 .debug_frame   0x000000b4       0x2c c:/altera/12.1/nios2eds/bin/gnu/h-i686-mingw32/bin/../lib/gcc/nios2-elf/4.1.2/../../../../nios2-elf/lib\libc.a(lib_a-sbrkr.o)
 .debug_frame   0x000000e0       0x4c c:/altera/12.1/nios2eds/bin/gnu/h-i686-mingw32/bin/../lib/gcc/nios2-elf/4.1.2/../../../../nios2-elf/lib\libc.a(lib_a-freer.o)
 .debug_frame   0x0000012c       0x48 ../Stage2_bsp/\libhal_bsp.a(alt_load.o)
 .debug_frame   0x00000174       0x2c ../Stage2_bsp/\libhal_bsp.a(alt_main.o)
 .debug_frame   0x000001a0       0x48 ../Stage2_bsp/\libhal_bsp.a(alt_malloc_lock.o)
 .debug_frame   0x000001e8       0x2c ../Stage2_bsp/\libhal_bsp.a(alt_sbrk.o)
 .debug_frame   0x00000214       0x64 ../Stage2_bsp/\libhal_bsp.a(alt_sys_init.o)
 .debug_frame   0x00000278      0x1ec ../Stage2_bsp/\libhal_bsp.a(altera_avalon_fifo_util.o)
 .debug_frame   0x00000464       0x80 ../Stage2_bsp/\libhal_bsp.a(altera_avalon_jtag_uart_fd.o)
 .debug_frame   0x000004e4       0x80 ../Stage2_bsp/\libhal_bsp.a(altera_avalon_jtag_uart_init.o)
 .debug_frame   0x00000564       0x2c ../Stage2_bsp/\libhal_bsp.a(altera_avalon_jtag_uart_ioctl.o)
 .debug_frame   0x00000590       0x2c ../Stage2_bsp/\libhal_bsp.a(altera_avalon_jtag_uart_read.o)
 .debug_frame   0x000005bc       0x2c ../Stage2_bsp/\libhal_bsp.a(altera_avalon_jtag_uart_write.o)
 .debug_frame   0x000005e8       0x48 ../Stage2_bsp/\libhal_bsp.a(altera_avalon_timer_sc.o)
 .debug_frame   0x00000630       0x2c ../Stage2_bsp/\libhal_bsp.a(alt_alarm_start.o)
 .debug_frame   0x0000065c       0x48 ../Stage2_bsp/\libhal_bsp.a(alt_close.o)
 .debug_frame   0x000006a4       0x2c ../Stage2_bsp/\libhal_bsp.a(alt_dcache_flush_all.o)
 .debug_frame   0x000006d0       0x2c ../Stage2_bsp/\libhal_bsp.a(alt_dev.o)
 .debug_frame   0x000006fc       0x48 ../Stage2_bsp/\libhal_bsp.a(alt_dev_llist_insert.o)
 .debug_frame   0x00000744       0x2c ../Stage2_bsp/\libhal_bsp.a(alt_do_ctors.o)
 .debug_frame   0x00000770       0x2c ../Stage2_bsp/\libhal_bsp.a(alt_do_dtors.o)
 .debug_frame   0x0000079c       0x2c ../Stage2_bsp/\libhal_bsp.a(alt_icache_flush_all.o)
 .debug_frame   0x000007c8       0x80 ../Stage2_bsp/\libhal_bsp.a(alt_iic.o)
 .debug_frame   0x00000848       0x2c ../Stage2_bsp/\libhal_bsp.a(alt_iic_isr_register.o)
 .debug_frame   0x00000874       0x48 ../Stage2_bsp/\libhal_bsp.a(alt_io_redirect.o)
 .debug_frame   0x000008bc       0x2c ../Stage2_bsp/\libhal_bsp.a(alt_irq_handler.o)
 .debug_frame   0x000008e8       0x64 ../Stage2_bsp/\libhal_bsp.a(alt_open.o)
 .debug_frame   0x0000094c       0x2c ../Stage2_bsp/\libhal_bsp.a(alt_release_fd.o)
 .debug_frame   0x00000978       0x48 ../Stage2_bsp/\libhal_bsp.a(alt_tick.o)
 .debug_frame   0x000009c0       0x2c ../Stage2_bsp/\libhal_bsp.a(altera_nios2_qsys_irq.o)
 .debug_frame   0x000009ec       0x2c ../Stage2_bsp/\libhal_bsp.a(alt_find_dev.o)
 .debug_frame   0x00000a18       0x2c ../Stage2_bsp/\libhal_bsp.a(alt_find_file.o)
 .debug_frame   0x00000a44       0x2c ../Stage2_bsp/\libhal_bsp.a(alt_get_fd.o)
 .debug_frame   0x00000a70       0x2c ../Stage2_bsp/\libhal_bsp.a(alt_icache_flush.o)
 .debug_frame   0x00000a9c       0x20 c:/altera/12.1/nios2eds/bin/gnu/h-i686-mingw32/bin/../lib/gcc/nios2-elf/4.1.2/../../../../nios2-elf/lib\libc.a(lib_a-atexit.o)
 .debug_frame   0x00000abc       0x28 c:/altera/12.1/nios2eds/bin/gnu/h-i686-mingw32/bin/../lib/gcc/nios2-elf/4.1.2/../../../../nios2-elf/lib\libc.a(lib_a-exit.o)
 .debug_frame   0x00000ae4       0x20 c:/altera/12.1/nios2eds/bin/gnu/h-i686-mingw32/bin/../lib/gcc/nios2-elf/4.1.2/../../../../nios2-elf/lib\libc.a(lib_a-memcmp.o)
 .debug_frame   0x00000b04       0x20 c:/altera/12.1/nios2eds/bin/gnu/h-i686-mingw32/bin/../lib/gcc/nios2-elf/4.1.2/../../../../nios2-elf/lib\libc.a(lib_a-memcpy.o)
 .debug_frame   0x00000b24       0x20 c:/altera/12.1/nios2eds/bin/gnu/h-i686-mingw32/bin/../lib/gcc/nios2-elf/4.1.2/../../../../nios2-elf/lib\libc.a(lib_a-strlen.o)
 .debug_frame   0x00000b44       0x34 c:/altera/12.1/nios2eds/bin/gnu/h-i686-mingw32/bin/../lib/gcc/nios2-elf/4.1.2/../../../../nios2-elf/lib\libc.a(lib_a-__atexit.o)
 .debug_frame   0x00000b78       0x4c c:/altera/12.1/nios2eds/bin/gnu/h-i686-mingw32/bin/../lib/gcc/nios2-elf/4.1.2/../../../../nios2-elf/lib\libc.a(lib_a-__call_atexit.o)
 .debug_frame   0x00000bc4       0x48 ../Stage2_bsp/\libhal_bsp.a(alt_exit.o)

.debug_str      0x00000000      0xdf1
 *(.debug_str)
 .debug_str     0x00000000      0x4b5 c:/altera/12.1/nios2eds/bin/gnu/h-i686-mingw32/bin/../lib/gcc/nios2-elf/4.1.2/../../../../nios2-elf/lib\libc.a(lib_a-malloc.o)
                                0x519 (size before relaxing)
 .debug_str     0x000004b5      0x208 c:/altera/12.1/nios2eds/bin/gnu/h-i686-mingw32/bin/../lib/gcc/nios2-elf/4.1.2/../../../../nios2-elf/lib\libc.a(lib_a-mallocr.o)
                                0x6ee (size before relaxing)
 .debug_str     0x000006bd       0xd8 c:/altera/12.1/nios2eds/bin/gnu/h-i686-mingw32/bin/../lib/gcc/nios2-elf/4.1.2/../../../../nios2-elf/lib\libc.a(lib_a-sbrkr.o)
                                0x508 (size before relaxing)
 .debug_str     0x00000795       0x3c c:/altera/12.1/nios2eds/bin/gnu/h-i686-mingw32/bin/../lib/gcc/nios2-elf/4.1.2/../../../../nios2-elf/lib\libc.a(lib_a-freer.o)
                                0x640 (size before relaxing)
 .debug_str     0x000007d1       0x59 c:/altera/12.1/nios2eds/bin/gnu/h-i686-mingw32/bin/../lib/gcc/nios2-elf/4.1.2/../../../../nios2-elf/lib\libc.a(lib_a-impure.o)
                                0x517 (size before relaxing)
 .debug_str     0x0000082a       0x3d c:/altera/12.1/nios2eds/bin/gnu/h-i686-mingw32/bin/../lib/gcc/nios2-elf/4.1.2/../../../../nios2-elf/lib\libc.a(lib_a-int_errno.o)
                                0x160 (size before relaxing)
 .debug_str     0x00000867       0x12 ../Stage2_bsp/\libhal_bsp.a(alt_load.o)
 .debug_str     0x00000879       0x12 ../Stage2_bsp/\libhal_bsp.a(alt_main.o)
 .debug_str     0x0000088b       0x20 ../Stage2_bsp/\libhal_bsp.a(alt_malloc_lock.o)
 .debug_str     0x000008ab       0x1a ../Stage2_bsp/\libhal_bsp.a(alt_sbrk.o)
 .debug_str     0x000008c5       0x12 ../Stage2_bsp/\libhal_bsp.a(alt_sys_init.o)
 .debug_str     0x000008d7       0x42 ../Stage2_bsp/\libhal_bsp.a(altera_avalon_fifo_util.o)
 .debug_str     0x00000919       0x12 ../Stage2_bsp/\libhal_bsp.a(altera_avalon_jtag_uart_fd.o)
 .debug_str     0x0000092b       0x1a ../Stage2_bsp/\libhal_bsp.a(altera_avalon_jtag_uart_init.o)
 .debug_str     0x00000945       0x12 ../Stage2_bsp/\libhal_bsp.a(altera_avalon_jtag_uart_ioctl.o)
 .debug_str     0x00000957       0x1a ../Stage2_bsp/\libhal_bsp.a(altera_avalon_jtag_uart_read.o)
 .debug_str     0x00000971       0x1a ../Stage2_bsp/\libhal_bsp.a(altera_avalon_jtag_uart_write.o)
 .debug_str     0x0000098b       0x12 ../Stage2_bsp/\libhal_bsp.a(altera_avalon_timer_sc.o)
 .debug_str     0x0000099d       0x23 ../Stage2_bsp/\libhal_bsp.a(alt_alarm_start.o)
 .debug_str     0x000009c0       0x12 ../Stage2_bsp/\libhal_bsp.a(alt_close.o)
 .debug_str     0x000009d2       0x12 ../Stage2_bsp/\libhal_bsp.a(alt_dcache_flush_all.o)
 .debug_str     0x000009e4       0x12 ../Stage2_bsp/\libhal_bsp.a(alt_dev.o)
 .debug_str     0x000009f6       0x12 ../Stage2_bsp/\libhal_bsp.a(alt_dev_llist_insert.o)
 .debug_str     0x00000a08       0x12 ../Stage2_bsp/\libhal_bsp.a(alt_errno.o)
 .debug_str     0x00000a1a       0x12 ../Stage2_bsp/\libhal_bsp.a(alt_icache_flush_all.o)
 .debug_str     0x00000a2c       0x18 ../Stage2_bsp/\libhal_bsp.a(alt_iic.o)
 .debug_str     0x00000a44       0x1a ../Stage2_bsp/\libhal_bsp.a(alt_iic_isr_register.o)
 .debug_str     0x00000a5e       0x12 ../Stage2_bsp/\libhal_bsp.a(alt_io_redirect.o)
 .debug_str     0x00000a70       0x12 ../Stage2_bsp/\libhal_bsp.a(alt_irq_handler.o)
 .debug_str     0x00000a82       0x12 ../Stage2_bsp/\libhal_bsp.a(alt_open.o)
 .debug_str     0x00000a94       0x1a ../Stage2_bsp/\libhal_bsp.a(alt_tick.o)
 .debug_str     0x00000aae       0x12 ../Stage2_bsp/\libhal_bsp.a(altera_nios2_qsys_irq.o)
 .debug_str     0x00000ac0       0x12 ../Stage2_bsp/\libhal_bsp.a(alt_find_dev.o)
 .debug_str     0x00000ad2       0x12 ../Stage2_bsp/\libhal_bsp.a(alt_find_file.o)
 .debug_str     0x00000ae4       0x12 ../Stage2_bsp/\libhal_bsp.a(alt_get_fd.o)
 .debug_str     0x00000af6       0x12 ../Stage2_bsp/\libhal_bsp.a(alt_icache_flush.o)
 .debug_str     0x00000b08       0x3b c:/altera/12.1/nios2eds/bin/gnu/h-i686-mingw32/bin/../lib/gcc/nios2-elf/4.1.2/../../../../nios2-elf/lib\libc.a(lib_a-atexit.o)
                                0x1bc (size before relaxing)
 .debug_str     0x00000b43       0x3e c:/altera/12.1/nios2eds/bin/gnu/h-i686-mingw32/bin/../lib/gcc/nios2-elf/4.1.2/../../../../nios2-elf/lib\libc.a(lib_a-exit.o)
                                0x509 (size before relaxing)
 .debug_str     0x00000b81       0xcb c:/altera/12.1/nios2eds/bin/gnu/h-i686-mingw32/bin/../lib/gcc/nios2-elf/4.1.2/../../../../nios2-elf/lib\libc.a(lib_a-memcmp.o)
                                0x167 (size before relaxing)
 .debug_str     0x00000c4c       0x69 c:/altera/12.1/nios2eds/bin/gnu/h-i686-mingw32/bin/../lib/gcc/nios2-elf/4.1.2/../../../../nios2-elf/lib\libc.a(lib_a-memcpy.o)
                                0x125 (size before relaxing)
 .debug_str     0x00000cb5       0x4f c:/altera/12.1/nios2eds/bin/gnu/h-i686-mingw32/bin/../lib/gcc/nios2-elf/4.1.2/../../../../nios2-elf/lib\libc.a(lib_a-strlen.o)
                                0x17a (size before relaxing)
 .debug_str     0x00000d04       0x56 c:/altera/12.1/nios2eds/bin/gnu/h-i686-mingw32/bin/../lib/gcc/nios2-elf/4.1.2/../../../../nios2-elf/lib\libc.a(lib_a-__atexit.o)
                                0x521 (size before relaxing)
 .debug_str     0x00000d5a       0x7b c:/altera/12.1/nios2eds/bin/gnu/h-i686-mingw32/bin/../lib/gcc/nios2-elf/4.1.2/../../../../nios2-elf/lib\libc.a(lib_a-__call_atexit.o)
                                0x54b (size before relaxing)
 .debug_str     0x00000dd5       0x1c ../Stage2_bsp/\libhal_bsp.a(alt_exit.o)

.debug_loc      0x00000000     0x21a1
 *(.debug_loc)
 .debug_loc     0x00000000       0x56 obj/default/dct.o
 .debug_loc     0x00000056       0x3c c:/altera/12.1/nios2eds/bin/gnu/h-i686-mingw32/bin/../lib/gcc/nios2-elf/4.1.2/../../../../nios2-elf/lib\libc.a(lib_a-malloc.o)
 .debug_loc     0x00000092      0xaeb c:/altera/12.1/nios2eds/bin/gnu/h-i686-mingw32/bin/../lib/gcc/nios2-elf/4.1.2/../../../../nios2-elf/lib\libc.a(lib_a-mallocr.o)
 .debug_loc     0x00000b7d       0x5b c:/altera/12.1/nios2eds/bin/gnu/h-i686-mingw32/bin/../lib/gcc/nios2-elf/4.1.2/../../../../nios2-elf/lib\libc.a(lib_a-sbrkr.o)
 .debug_loc     0x00000bd8      0x4a7 c:/altera/12.1/nios2eds/bin/gnu/h-i686-mingw32/bin/../lib/gcc/nios2-elf/4.1.2/../../../../nios2-elf/lib\libc.a(lib_a-freer.o)
 .debug_loc     0x0000107f       0x56 ../Stage2_bsp/\libhal_bsp.a(alt_load.o)
 .debug_loc     0x000010d5       0x2b ../Stage2_bsp/\libhal_bsp.a(alt_main.o)
 .debug_loc     0x00001100       0x56 ../Stage2_bsp/\libhal_bsp.a(alt_malloc_lock.o)
 .debug_loc     0x00001156       0x2b ../Stage2_bsp/\libhal_bsp.a(alt_sbrk.o)
 .debug_loc     0x00001181       0x81 ../Stage2_bsp/\libhal_bsp.a(alt_sys_init.o)
 .debug_loc     0x00001202      0x2db ../Stage2_bsp/\libhal_bsp.a(altera_avalon_fifo_util.o)
 .debug_loc     0x000014dd       0xac ../Stage2_bsp/\libhal_bsp.a(altera_avalon_jtag_uart_fd.o)
 .debug_loc     0x00001589       0xac ../Stage2_bsp/\libhal_bsp.a(altera_avalon_jtag_uart_init.o)
 .debug_loc     0x00001635       0x2b ../Stage2_bsp/\libhal_bsp.a(altera_avalon_jtag_uart_ioctl.o)
 .debug_loc     0x00001660       0x2b ../Stage2_bsp/\libhal_bsp.a(altera_avalon_jtag_uart_read.o)
 .debug_loc     0x0000168b       0x2b ../Stage2_bsp/\libhal_bsp.a(altera_avalon_jtag_uart_write.o)
 .debug_loc     0x000016b6       0x56 ../Stage2_bsp/\libhal_bsp.a(altera_avalon_timer_sc.o)
 .debug_loc     0x0000170c       0x2b ../Stage2_bsp/\libhal_bsp.a(alt_alarm_start.o)
 .debug_loc     0x00001737       0x56 ../Stage2_bsp/\libhal_bsp.a(alt_close.o)
 .debug_loc     0x0000178d       0x2b ../Stage2_bsp/\libhal_bsp.a(alt_dcache_flush_all.o)
 .debug_loc     0x000017b8       0x2b ../Stage2_bsp/\libhal_bsp.a(alt_dev.o)
 .debug_loc     0x000017e3       0x56 ../Stage2_bsp/\libhal_bsp.a(alt_dev_llist_insert.o)
 .debug_loc     0x00001839       0x2b ../Stage2_bsp/\libhal_bsp.a(alt_do_ctors.o)
 .debug_loc     0x00001864       0x2b ../Stage2_bsp/\libhal_bsp.a(alt_do_dtors.o)
 .debug_loc     0x0000188f       0x2b ../Stage2_bsp/\libhal_bsp.a(alt_icache_flush_all.o)
 .debug_loc     0x000018ba       0xac ../Stage2_bsp/\libhal_bsp.a(alt_iic.o)
 .debug_loc     0x00001966       0x2b ../Stage2_bsp/\libhal_bsp.a(alt_iic_isr_register.o)
 .debug_loc     0x00001991       0x56 ../Stage2_bsp/\libhal_bsp.a(alt_io_redirect.o)
 .debug_loc     0x000019e7       0x2b ../Stage2_bsp/\libhal_bsp.a(alt_irq_handler.o)
 .debug_loc     0x00001a12       0x81 ../Stage2_bsp/\libhal_bsp.a(alt_open.o)
 .debug_loc     0x00001a93       0x2b ../Stage2_bsp/\libhal_bsp.a(alt_release_fd.o)
 .debug_loc     0x00001abe       0x56 ../Stage2_bsp/\libhal_bsp.a(alt_tick.o)
 .debug_loc     0x00001b14       0x2b ../Stage2_bsp/\libhal_bsp.a(altera_nios2_qsys_irq.o)
 .debug_loc     0x00001b3f       0x2b ../Stage2_bsp/\libhal_bsp.a(alt_find_dev.o)
 .debug_loc     0x00001b6a       0x2b ../Stage2_bsp/\libhal_bsp.a(alt_find_file.o)
 .debug_loc     0x00001b95       0x2b ../Stage2_bsp/\libhal_bsp.a(alt_get_fd.o)
 .debug_loc     0x00001bc0       0x2b ../Stage2_bsp/\libhal_bsp.a(alt_icache_flush.o)
 .debug_loc     0x00001beb       0x1e c:/altera/12.1/nios2eds/bin/gnu/h-i686-mingw32/bin/../lib/gcc/nios2-elf/4.1.2/../../../../nios2-elf/lib\libc.a(lib_a-atexit.o)
 .debug_loc     0x00001c09       0x3d c:/altera/12.1/nios2eds/bin/gnu/h-i686-mingw32/bin/../lib/gcc/nios2-elf/4.1.2/../../../../nios2-elf/lib\libc.a(lib_a-exit.o)
 .debug_loc     0x00001c46      0x114 c:/altera/12.1/nios2eds/bin/gnu/h-i686-mingw32/bin/../lib/gcc/nios2-elf/4.1.2/../../../../nios2-elf/lib\libc.a(lib_a-memcmp.o)
 .debug_loc     0x00001d5a       0xca c:/altera/12.1/nios2eds/bin/gnu/h-i686-mingw32/bin/../lib/gcc/nios2-elf/4.1.2/../../../../nios2-elf/lib\libc.a(lib_a-memcpy.o)
 .debug_loc     0x00001e24       0x3c c:/altera/12.1/nios2eds/bin/gnu/h-i686-mingw32/bin/../lib/gcc/nios2-elf/4.1.2/../../../../nios2-elf/lib\libc.a(lib_a-strlen.o)
 .debug_loc     0x00001e60      0x120 c:/altera/12.1/nios2eds/bin/gnu/h-i686-mingw32/bin/../lib/gcc/nios2-elf/4.1.2/../../../../nios2-elf/lib\libc.a(lib_a-__atexit.o)
 .debug_loc     0x00001f80      0x1cb c:/altera/12.1/nios2eds/bin/gnu/h-i686-mingw32/bin/../lib/gcc/nios2-elf/4.1.2/../../../../nios2-elf/lib\libc.a(lib_a-__call_atexit.o)
 .debug_loc     0x0000214b       0x56 ../Stage2_bsp/\libhal_bsp.a(alt_exit.o)

.debug_macinfo
 *(.debug_macinfo)

.debug_weaknames
 *(.debug_weaknames)

.debug_funcnames
 *(.debug_funcnames)

.debug_typenames
 *(.debug_typenames)

.debug_varnames
 *(.debug_varnames)

.debug_alt_sim_info
                0x00000000       0x20
 *(.debug_alt_sim_info)
 .debug_alt_sim_info
                0x00000000       0x20 ../Stage2_bsp//obj/HAL/src/crt0.o
                0x03fffff0                __alt_data_end = 0x3fffff0
                0x03fffff0                PROVIDE (__alt_stack_pointer, __alt_data_end)
                0x02ab2470                PROVIDE (__alt_stack_limit, __alt_stack_base)
                0x02ab2470                PROVIDE (__alt_heap_start, end)
                0x03fffff0                PROVIDE (__alt_heap_limit, 0x3fffff0)
OUTPUT(Stage2.elf elf32-littlenios2)

.debug_ranges   0x00000000      0x100
 .debug_ranges  0x00000000       0x20 ../Stage2_bsp//obj/HAL/src/crt0.o
 .debug_ranges  0x00000020       0x70 c:/altera/12.1/nios2eds/bin/gnu/h-i686-mingw32/bin/../lib/gcc/nios2-elf/4.1.2/../../../../nios2-elf/lib\libc.a(lib_a-mallocr.o)
 .debug_ranges  0x00000090       0x28 ../Stage2_bsp/\libhal_bsp.a(alt_irq_entry.o)
 .debug_ranges  0x000000b8       0x30 ../Stage2_bsp/\libhal_bsp.a(alt_exception_entry.o)
 .debug_ranges  0x000000e8       0x18 c:/altera/12.1/nios2eds/bin/gnu/h-i686-mingw32/bin/../lib/gcc/nios2-elf/4.1.2/../../../../nios2-elf/lib\libc.a(lib_a-__call_atexit.o)
