Archive member included because of file (symbol)

c:/altera/12.1/nios2eds/bin/gnu/h-i686-mingw32/bin/../lib/gcc/nios2-elf/4.1.2/../../../../nios2-elf/lib\libc.a(lib_a-memcpy.o)
                              obj/default/quant.o (memcpy)
c:/altera/12.1/nios2eds/bin/gnu/h-i686-mingw32/bin/../lib/gcc/nios2-elf/4.1.2/../../../../nios2-elf/lib\libc.a(lib_a-puts.o)
                              obj/default/quant.o (puts)
c:/altera/12.1/nios2eds/bin/gnu/h-i686-mingw32/bin/../lib/gcc/nios2-elf/4.1.2/../../../../nios2-elf/lib\libc.a(lib_a-strlen.o)
                              c:/altera/12.1/nios2eds/bin/gnu/h-i686-mingw32/bin/../lib/gcc/nios2-elf/4.1.2/../../../../nios2-elf/lib\libc.a(lib_a-puts.o) (strlen)
c:/altera/12.1/nios2eds/bin/gnu/h-i686-mingw32/bin/../lib/gcc/nios2-elf/4.1.2/../../../../nios2-elf/lib\libc.a(lib_a-fvwrite.o)
                              c:/altera/12.1/nios2eds/bin/gnu/h-i686-mingw32/bin/../lib/gcc/nios2-elf/4.1.2/../../../../nios2-elf/lib\libc.a(lib_a-puts.o) (__sfvwrite_r)
c:/altera/12.1/nios2eds/bin/gnu/h-i686-mingw32/bin/../lib/gcc/nios2-elf/4.1.2/../../../../nios2-elf/lib\libc.a(lib_a-impure.o)
                              c:/altera/12.1/nios2eds/bin/gnu/h-i686-mingw32/bin/../lib/gcc/nios2-elf/4.1.2/../../../../nios2-elf/lib\libc.a(lib_a-puts.o) (_impure_ptr)
c:/altera/12.1/nios2eds/bin/gnu/h-i686-mingw32/bin/../lib/gcc/nios2-elf/4.1.2/../../../../nios2-elf/lib\libc.a(lib_a-mallocr.o)
                              c:/altera/12.1/nios2eds/bin/gnu/h-i686-mingw32/bin/../lib/gcc/nios2-elf/4.1.2/../../../../nios2-elf/lib\libc.a(lib_a-fvwrite.o) (_malloc_r)
c:/altera/12.1/nios2eds/bin/gnu/h-i686-mingw32/bin/../lib/gcc/nios2-elf/4.1.2/../../../../nios2-elf/lib\libc.a(lib_a-memchr.o)
                              c:/altera/12.1/nios2eds/bin/gnu/h-i686-mingw32/bin/../lib/gcc/nios2-elf/4.1.2/../../../../nios2-elf/lib\libc.a(lib_a-fvwrite.o) (memchr)
c:/altera/12.1/nios2eds/bin/gnu/h-i686-mingw32/bin/../lib/gcc/nios2-elf/4.1.2/../../../../nios2-elf/lib\libc.a(lib_a-memmove.o)
                              c:/altera/12.1/nios2eds/bin/gnu/h-i686-mingw32/bin/../lib/gcc/nios2-elf/4.1.2/../../../../nios2-elf/lib\libc.a(lib_a-fvwrite.o) (memmove)
c:/altera/12.1/nios2eds/bin/gnu/h-i686-mingw32/bin/../lib/gcc/nios2-elf/4.1.2/../../../../nios2-elf/lib\libc.a(lib_a-reallocr.o)
                              c:/altera/12.1/nios2eds/bin/gnu/h-i686-mingw32/bin/../lib/gcc/nios2-elf/4.1.2/../../../../nios2-elf/lib\libc.a(lib_a-fvwrite.o) (_realloc_r)
c:/altera/12.1/nios2eds/bin/gnu/h-i686-mingw32/bin/../lib/gcc/nios2-elf/4.1.2/../../../../nios2-elf/lib\libc.a(lib_a-sbrkr.o)
                              c:/altera/12.1/nios2eds/bin/gnu/h-i686-mingw32/bin/../lib/gcc/nios2-elf/4.1.2/../../../../nios2-elf/lib\libc.a(lib_a-mallocr.o) (_sbrk_r)
c:/altera/12.1/nios2eds/bin/gnu/h-i686-mingw32/bin/../lib/gcc/nios2-elf/4.1.2/../../../../nios2-elf/lib\libc.a(lib_a-wsetup.o)
                              c:/altera/12.1/nios2eds/bin/gnu/h-i686-mingw32/bin/../lib/gcc/nios2-elf/4.1.2/../../../../nios2-elf/lib\libc.a(lib_a-fvwrite.o) (__swsetup_r)
c:/altera/12.1/nios2eds/bin/gnu/h-i686-mingw32/bin/../lib/gcc/nios2-elf/4.1.2/../../../../nios2-elf/lib\libc.a(lib_a-fflush.o)
                              c:/altera/12.1/nios2eds/bin/gnu/h-i686-mingw32/bin/../lib/gcc/nios2-elf/4.1.2/../../../../nios2-elf/lib\libc.a(lib_a-fvwrite.o) (_fflush_r)
c:/altera/12.1/nios2eds/bin/gnu/h-i686-mingw32/bin/../lib/gcc/nios2-elf/4.1.2/../../../../nios2-elf/lib\libc.a(lib_a-findfp.o)
                              c:/altera/12.1/nios2eds/bin/gnu/h-i686-mingw32/bin/../lib/gcc/nios2-elf/4.1.2/../../../../nios2-elf/lib\libc.a(lib_a-wsetup.o) (__sinit)
c:/altera/12.1/nios2eds/bin/gnu/h-i686-mingw32/bin/../lib/gcc/nios2-elf/4.1.2/../../../../nios2-elf/lib\libc.a(lib_a-freer.o)
                              c:/altera/12.1/nios2eds/bin/gnu/h-i686-mingw32/bin/../lib/gcc/nios2-elf/4.1.2/../../../../nios2-elf/lib\libc.a(lib_a-fvwrite.o) (_free_r)
c:/altera/12.1/nios2eds/bin/gnu/h-i686-mingw32/bin/../lib/gcc/nios2-elf/4.1.2/../../../../nios2-elf/lib\libc.a(lib_a-fwalk.o)
                              c:/altera/12.1/nios2eds/bin/gnu/h-i686-mingw32/bin/../lib/gcc/nios2-elf/4.1.2/../../../../nios2-elf/lib\libc.a(lib_a-fflush.o) (_fwalk_reent)
c:/altera/12.1/nios2eds/bin/gnu/h-i686-mingw32/bin/../lib/gcc/nios2-elf/4.1.2/../../../../nios2-elf/lib\libc.a(lib_a-int_errno.o)
                              c:/altera/12.1/nios2eds/bin/gnu/h-i686-mingw32/bin/../lib/gcc/nios2-elf/4.1.2/../../../../nios2-elf/lib\libc.a(lib_a-sbrkr.o) (errno)
c:/altera/12.1/nios2eds/bin/gnu/h-i686-mingw32/bin/../lib/gcc/nios2-elf/4.1.2/../../../../nios2-elf/lib\libc.a(lib_a-makebuf.o)
                              c:/altera/12.1/nios2eds/bin/gnu/h-i686-mingw32/bin/../lib/gcc/nios2-elf/4.1.2/../../../../nios2-elf/lib\libc.a(lib_a-wsetup.o) (__smakebuf_r)
c:/altera/12.1/nios2eds/bin/gnu/h-i686-mingw32/bin/../lib/gcc/nios2-elf/4.1.2/../../../../nios2-elf/lib\libc.a(lib_a-memset.o)
[...]
Memory Configuration

Name             Origin             Length             Attributes
sdram_controller 0x03fffff0         0x01555550
reset            0x08001800         0x00000020
instruction_mem_3 0x08001820         0x000003e0
*default*        0x00000000         0xffffffff

Linker script and memory map

LOAD ../Stage3_bsp//obj/HAL/src/crt0.o
LOAD obj/default/quant.o
LOAD c:/altera/12.1/nios2eds/bin/gnu/h-i686-mingw32/bin/../lib/gcc/nios2-elf/4.1.2/../../../../nios2-elf/lib\libstdc++.a
LOAD c:/altera/12.1/nios2eds/bin/gnu/h-i686-mingw32/bin/../lib/gcc/nios2-elf/4.1.2/../../../../nios2-elf/lib\libm.a
LOAD c:/altera/12.1/nios2eds/bin/gnu/h-i686-mingw32/bin/../lib/gcc/nios2-elf/4.1.2\libgcc.a
START GROUP
LOAD c:/altera/12.1/nios2eds/bin/gnu/h-i686-mingw32/bin/../lib/gcc/nios2-elf/4.1.2/../../../../nios2-elf/lib\libc.a
LOAD c:/altera/12.1/nios2eds/bin/gnu/h-i686-mingw32/bin/../lib/gcc/nios2-elf/4.1.2\libgcc.a
LOAD ../Stage3_bsp/\libhal_bsp.a
END GROUP
LOAD c:/altera/12.1/nios2eds/bin/gnu/h-i686-mingw32/bin/../lib/gcc/nios2-elf/4.1.2\libgcc.a
                0x00000000                __alt_mem_sdram_controller = 0x0
                0x08001800                __alt_mem_instruction_mem_3 = 0x8001800

.entry          0x08001800       0x20
 *(.entry)
 .entry         0x08001800       0x20 ../Stage3_bsp//obj/HAL/src/crt0.o
                0x08001800                __reset

.exceptions     0x08001820      0x194 load address 0x03fffff0
                0x08001820                PROVIDE (__ram_exceptions_start, ABSOLUTE (.))
                0x08001820                . = ALIGN (0x20)
 *(.irq)
 *(.exceptions.entry.label)
 .exceptions.entry.label
                0x08001820        0x0 ../Stage3_bsp/\libhal_bsp.a(alt_irq_entry.o)
                0x08001820                alt_irq_entry
 .exceptions.entry.label
                0x08001820        0x0 ../Stage3_bsp/\libhal_bsp.a(alt_exception_entry.o)
                0x08001820                alt_exception
 *(.exceptions.entry.user)
 *(.exceptions.entry)
 .exceptions.entry
                0x08001820       0x54 ../Stage3_bsp/\libhal_bsp.a(alt_exception_entry.o)
 *(.exceptions.irqtest.user)
 *(.exceptions.irqtest)
 .exceptions.irqtest
                0x08001874       0x10 ../Stage3_bsp/\libhal_bsp.a(alt_irq_entry.o)
 *(.exceptions.irqhandler.user)
 *(.exceptions.irqhandler)
 .exceptions.irqhandler
                0x08001884        0x4 ../Stage3_bsp/\libhal_bsp.a(alt_irq_entry.o)
 *(.exceptions.irqreturn.user)
 *(.exceptions.irqreturn)
 .exceptions.irqreturn
                0x08001888        0x4 ../Stage3_bsp/\libhal_bsp.a(alt_irq_entry.o)
 *(.exceptions.notirq.label)
 .exceptions.notirq.label
                0x0800188c        0x0 ../Stage3_bsp/\libhal_bsp.a(alt_irq_entry.o)
 *(.exceptions.notirq.user)
 *(.exceptions.notirq)
 .exceptions.notirq
                0x0800188c        0x8 ../Stage3_bsp/\libhal_bsp.a(alt_exception_entry.o)
 *(.exceptions.soft.user)
 *(.exceptions.soft)
 *(.exceptions.unknown.user)
 *(.exceptions.unknown)
 .exceptions.unknown
                0x08001894        0x4 ../Stage3_bsp/\libhal_bsp.a(alt_exception_entry.o)
 *(.exceptions.exit.label)
 .exceptions.exit.label
                0x08001898        0x0 ../Stage3_bsp/\libhal_bsp.a(alt_irq_entry.o)
 .exceptions.exit.label
                0x08001898        0x0 ../Stage3_bsp/\libhal_bsp.a(alt_exception_entry.o)
 *(.exceptions.exit.user)
 *(.exceptions.exit)
 .exceptions.exit
                0x08001898       0x54 ../Stage3_bsp/\libhal_bsp.a(alt_exception_entry.o)
 *(.exceptions)
 .exceptions    0x080018ec       0xc8 ../Stage3_bsp/\libhal_bsp.a(alt_irq_handler.o)
                0x080018ec                alt_irq_handler
                0x080019b4                PROVIDE (__ram_exceptions_end, ABSOLUTE (.))
                0x03fffff0                PROVIDE (__flash_exceptions_start, LOADADDR (.exceptions))

.text           0x04000184     0x5dc0
                0x04000184                PROVIDE (stext, ABSOLUTE (.))
 *(.interp)
 *(.hash)
 *(.dynsym)
 *(.dynstr)
 *(.gnu.version)
 *(.gnu.version_d)
 *(.gnu.version_r)
 *(.rel.init)
 *(.rela.init)
 *(.rel.text .rel.text.* .rel.gnu.linkonce.t.*)
 *(.rela.text .rela.text.* .rela.gnu.linkonce.t.*)
 *(.rel.fini)
 *(.rela.fini)
 *(.rel.rodata .rel.rodata.* .rel.gnu.linkonce.r.*)
 *(.rela.rodata .rela.rodata.* .rela.gnu.linkonce.r.*)
 *(.rel.data .rel.data.* .rel.gnu.linkonce.d.*)
 *(.rela.data .rela.data.* .rela.gnu.linkonce.d.*)
 *(.rel.tdata .rel.tdata.* .rel.gnu.linkonce.td.*)
 *(.rela.tdata .rela.tdata.* .rela.gnu.linkonce.td.*)
 *(.rel.tbss .rel.tbss.* .rel.gnu.linkonce.tb.*)
 *(.rela.tbss .rela.tbss.* .rela.gnu.linkonce.tb.*)
 *(.rel.ctors)
 *(.rela.ctors)
 *(.rel.dtors)
 *(.rela.dtors)
 *(.rel.got)
 *(.rela.got)
 *(.rel.sdata .rel.sdata.* .rel.gnu.linkonce.s.*)
 *(.rela.sdata .rela.sdata.* .rela.gnu.linkonce.s.*)
 *(.rel.sbss .rel.sbss.* .rel.gnu.linkonce.sb.*)
 *(.rela.sbss .rela.sbss.* .rela.gnu.linkonce.sb.*)
 *(.rel.sdata2 .rel.sdata2.* .rel.gnu.linkonce.s2.*)
 *(.rela.sdata2 .rela.sdata2.* .rela.gnu.linkonce.s2.*)
 *(.rel.sbss2 .rel.sbss2.* .rel.gnu.linkonce.sb2.*)
 *(.rela.sbss2 .rela.sbss2.* .rela.gnu.linkonce.sb2.*)
 *(.rel.bss .rel.bss.* .rel.gnu.linkonce.b.*)
 *(.rela.bss .rela.bss.* .rela.gnu.linkonce.b.*)
 *(.rel.plt)
 *(.rela.plt)
 *(.rel.dyn)
 *(.init)
 *(.plt)
 *(.text .stub .text.* .gnu.linkonce.t.*)
 .text          0x04000184       0x3c ../Stage3_bsp//obj/HAL/src/crt0.o
                0x04000184                _start
 .text          0x040001c0      0x4ac obj/default/quant.o
                0x040001c0                DSP_Division
                0x04000260                initialize_quantization_tables
                0x040004d0                quantization
                0x040005e8                main
 .text          0x0400066c       0xa0 c:/altera/12.1/nios2eds/bin/gnu/h-i686-mingw32/bin/../lib/gcc/nios2-elf/4.1.2/../../../../nios2-elf/lib\libc.a(lib_a-memcpy.o)
                0x0400066c                memcpy
 .text          0x0400070c       0xb4 c:/altera/12.1/nios2eds/bin/gnu/h-i686-mingw32/bin/../lib/gcc/nios2-elf/4.1.2/../../../../nios2-elf/lib\libc.a(lib_a-puts.o)
                0x0400070c                _puts_r
                0x040007ac                puts
 .text          0x040007c0       0x74 c:/altera/12.1/nios2eds/bin/gnu/h-i686-mingw32/bin/../lib/gcc/nios2-elf/4.1.2/../../../../nios2-elf/lib\libc.a(lib_a-strlen.o)
                0x040007c0                strlen
 .text          0x04000834      0x49c c:/altera/12.1/nios2eds/bin/gnu/h-i686-mingw32/bin/../lib/gcc/nios2-elf/4.1.2/../../../../nios2-elf/lib\libc.a(lib_a-fvwrite.o)
                0x04000834                __sfvwrite_r
 .text          0x04000cd0        0x0 c:/altera/12.1/nios2eds/bin/gnu/h-i686-mingw32/bin/../lib/gcc/nios2-elf/4.1.2/../../../../nios2-elf/lib\libc.a(lib_a-impure.o)
 .text          0x04000cd0      0x740 c:/altera/12.1/nios2eds/bin/gnu/h-i686-mingw32/bin/../lib/gcc/nios2-elf/4.1.2/../../../../nios2-elf/lib\libc.a(lib_a-mallocr.o)
                0x04000cd0                _malloc_r
 .text          0x04001410       0xe4 c:/altera/12.1/nios2eds/bin/gnu/h-i686-mingw32/bin/../lib/gcc/nios2-elf/4.1.2/../../../../nios2-elf/lib\libc.a(lib_a-memchr.o)
                0x04001410                memchr
 .text          0x040014f4       0xe0 c:/altera/12.1/nios2eds/bin/gnu/h-i686-mingw32/bin/../lib/gcc/nios2-elf/4.1.2/../../../../nios2-elf/lib\libc.a(lib_a-memmove.o)
                0x040014f4                memmove
 .text          0x040015d4      0x5f4 c:/altera/12.1/nios2eds/bin/gnu/h-i686-mingw32/bin/../lib/gcc/nios2-elf/4.1.2/../../../../nios2-elf/lib\libc.a(lib_a-reallocr.o)
                0x040015d4                _realloc_r
 .text          0x04001bc8       0x70 c:/altera/12.1/nios2eds/bin/gnu/h-i686-mingw32/bin/../lib/gcc/nios2-elf/4.1.2/../../../../nios2-elf/lib\libc.a(lib_a-sbrkr.o)
                0x04001bc8                _sbrk_r
 .text          0x04001c38      0x13c c:/altera/12.1/nios2eds/bin/gnu/h-i686-mingw32/bin/../lib/gcc/nios2-elf/4.1.2/../../../../nios2-elf/lib\libc.a(lib_a-wsetup.o)
                0x04001c38                __swsetup_r
 .text          0x04001d74      0x230 c:/altera/12.1/nios2eds/bin/gnu/h-i686-mingw32/bin/../lib/gcc/nios2-elf/4.1.2/../../../../nios2-elf/lib\libc.a(lib_a-fflush.o)
                0x04001d74                _fflush_r
                0x04001f70                fflush
 .text          0x04001fa4      0x2c0 c:/altera/12.1/nios2eds/bin/gnu/h-i686-mingw32/bin/../lib/gcc/nios2-elf/4.1.2/../../../../nios2-elf/lib\libc.a(lib_a-findfp.o)
                0x04001ffc                __sfp_lock_acquire
                0x04002000                __sfp_lock_release
                0x04002004                __sinit_lock_acquire
                0x04002008                __sinit_lock_release
                0x0400200c                __sinit
                0x040020c0                __fp_unlock_all
                0x040020d8                __fp_lock_all
                0x040020f0                _cleanup_r
                0x040020fc                _cleanup
                0x0400210c                __sfmoreglue
                0x04002174                __sfp
 .text          0x04002264      0x440 c:/altera/12.1/nios2eds/bin/gnu/h-i686-mingw32/bin/../lib/gcc/nios2-elf/4.1.2/../../../../nios2-elf/lib\libc.a(lib_a-freer.o)
                0x04002264                _malloc_trim_r
                0x04002390                _free_r
 .text          0x040026a4      0x180 c:/altera/12.1/nios2eds/bin/gnu/h-i686-mingw32/bin/../lib/gcc/nios2-elf/4.1.2/../../../../nios2-elf/lib\libc.a(lib_a-fwalk.o)
                0x040026a4                _fwalk_reent
                0x0400276c                _fwalk
 .text          0x04002824        0x0 c:/altera/12.1/nios2eds/bin/gnu/h-i686-mingw32/bin/../lib/gcc/nios2-elf/4.1.2/../../../../nios2-elf/lib\libc.a(lib_a-int_errno.o)
 .text          0x04002824      0x194 c:/altera/12.1/nios2eds/bin/gnu/h-i686-mingw32/bin/../lib/gcc/nios2-elf/4.1.2/../../../../nios2-elf/lib\libc.a(lib_a-makebuf.o)
                0x04002824                __smakebuf_r
 .text          0x040029b8       0x98 c:/altera/12.1/nios2eds/bin/gnu/h-i686-mingw32/bin/../lib/gcc/nios2-elf/4.1.2/../../../../nios2-elf/lib\libc.a(lib_a-memset.o)
                0x040029b8                memset
 .text          0x04002a50      0x14c c:/altera/12.1/nios2eds/bin/gnu/h-i686-mingw32/bin/../lib/gcc/nios2-elf/4.1.2/../../../../nios2-elf/lib\libc.a(lib_a-stdio.o)
                0x04002a50                __sclose
                0x04002a58                __sseek
                0x04002ac0                __swrite
                0x04002b3c                __sread
 .text          0x04002b9c       0x78 c:/altera/12.1/nios2eds/bin/gnu/h-i686-mingw32/bin/../lib/gcc/nios2-elf/4.1.2/../../../../nios2-elf/lib\libc.a(lib_a-writer.o)
                0x04002b9c                _write_r
 .text          0x04002c14       0x70 c:/altera/12.1/nios2eds/bin/gnu/h-i686-mingw32/bin/../lib/gcc/nios2-elf/4.1.2/../../../../nios2-elf/lib\libc.a(lib_a-closer.o)
                0x04002c14                _close_r
 .text          0x04002c84      0x124 c:/altera/12.1/nios2eds/bin/gnu/h-i686-mingw32/bin/../lib/gcc/nios2-elf/4.1.2/../../../../nios2-elf/lib\libc.a(lib_a-fclose.o)
                0x04002c84                _fclose_r
                0x04002d94                fclose
 .text          0x04002da8       0x74 c:/altera/12.1/nios2eds/bin/gnu/h-i686-mingw32/bin/../lib/gcc/nios2-elf/4.1.2/../../../../nios2-elf/lib\libc.a(lib_a-fstatr.o)
                0x04002da8                _fstat_r
 .text          0x04002e1c       0x70 c:/altera/12.1/nios2eds/bin/gnu/h-i686-mingw32/bin/../lib/gcc/nios2-elf/4.1.2/../../../../nios2-elf/lib\libc.a(lib_a-isattyr.o)
                0x04002e1c                _isatty_r
 .text          0x04002e8c       0x78 c:/altera/12.1/nios2eds/bin/gnu/h-i686-mingw32/bin/../lib/gcc/nios2-elf/4.1.2/../../../../nios2-elf/lib\libc.a(lib_a-lseekr.o)
                0x04002e8c                _lseek_r
 .text          0x04002f04       0x78 c:/altera/12.1/nios2eds/bin/gnu/h-i686-mingw32/bin/../lib/gcc/nios2-elf/4.1.2/../../../../nios2-elf/lib\libc.a(lib_a-readr.o)
                0x04002f04                _read_r
 .text          0x04002f7c      0x15c ../Stage3_bsp/\libhal_bsp.a(alt_close.o)
                0x04002f7c                close
 .text          0x040030d8       0x2c ../Stage3_bsp/\libhal_bsp.a(alt_dev.o)
 .text          0x04003104        0x0 ../Stage3_bsp/\libhal_bsp.a(alt_errno.o)
 .text          0x04003104      0x134 ../Stage3_bsp/\libhal_bsp.a(alt_fstat.o)
                0x04003104                fstat
 .text          0x04003238      0x120 ../Stage3_bsp/\libhal_bsp.a(alt_isatty.o)
                0x04003238                isatty
 .text          0x04003358       0xec ../Stage3_bsp/\libhal_bsp.a(alt_load.o)
                0x04003358                alt_load
 .text          0x04003444      0x150 ../Stage3_bsp/\libhal_bsp.a(alt_lseek.o)
                0x04003444                lseek
 .text          0x04003594       0x6c ../Stage3_bsp/\libhal_bsp.a(alt_main.o)
                0x04003594                alt_main
 .text          0x04003600       0x40 ../Stage3_bsp/\libhal_bsp.a(alt_malloc_lock.o)
                0x04003600                __malloc_lock
                0x04003620                __malloc_unlock
 .text          0x04003640      0x180 ../Stage3_bsp/\libhal_bsp.a(alt_read.o)
                0x04003640                read
 .text          0x040037c0       0x60 ../Stage3_bsp/\libhal_bsp.a(alt_release_fd.o)
                0x040037c0                alt_release_fd
 .text          0x04003820       0xbc ../Stage3_bsp/\libhal_bsp.a(alt_sbrk.o)
                0x04003820                sbrk
 .text          0x040038dc      0x180 ../Stage3_bsp/\libhal_bsp.a(alt_write.o)
                0x040038dc                write
 .text          0x04003a5c       0xc8 ../Stage3_bsp/\libhal_bsp.a(alt_sys_init.o)
                0x04003a5c                alt_irq_init
                0x04003a90                alt_sys_init
 .text          0x04003b24      0x560 ../Stage3_bsp/\libhal_bsp.a(altera_avalon_fifo_util.o)
                0x04003b24                altera_avalon_fifo_init
                0x04003be0                altera_avalon_fifo_read_status
                0x04003c1c                altera_avalon_fifo_read_ienable
                0x04003c58                altera_avalon_fifo_read_almostfull
                0x04003c84                altera_avalon_fifo_read_almostempty
                0x04003cb0                altera_avalon_fifo_read_event
                0x04003cec                altera_avalon_fifo_read_level
                0x04003d14                altera_avalon_fifo_clear_event
                0x04003d7c                altera_avalon_fifo_write_ienable
                0x04003ddc                altera_avalon_fifo_write_almostfull
                0x04003e3c                altera_avalon_fifo_write_almostempty
                0x04003e9c                altera_avalon_fifo_write_fifo
                0x04003f00                altera_avalon_read_fifo
                0x04003f70                altera_avalon_fifo_read_fifo
                0x04003fc8                altera_avalon_fifo_write_other_info
                0x04004030                altera_avalon_fifo_read_other_info
                0x0400405c                altera_avalon_fifo_read_backpressure
 .text          0x04004084      0x148 ../Stage3_bsp/\libhal_bsp.a(altera_avalon_jtag_uart_fd.o)
                0x04004084                altera_avalon_jtag_uart_read_fd
                0x040040dc                altera_avalon_jtag_uart_write_fd
                0x04004134                altera_avalon_jtag_uart_close_fd
                0x0400417c                altera_avalon_jtag_uart_ioctl_fd
 .text          0x040041cc      0x40c ../Stage3_bsp/\libhal_bsp.a(altera_avalon_jtag_uart_init.o)
                0x040041cc                altera_avalon_jtag_uart_init
                0x04004564                altera_avalon_jtag_uart_close
 .text          0x040045d8       0xf4 ../Stage3_bsp/\libhal_bsp.a(altera_avalon_jtag_uart_ioctl.o)
                0x040045d8                altera_avalon_jtag_uart_ioctl
 .text          0x040046cc      0x224 ../Stage3_bsp/\libhal_bsp.a(altera_avalon_jtag_uart_read.o)
                0x040046cc                altera_avalon_jtag_uart_read
 .text          0x040048f0      0x240 ../Stage3_bsp/\libhal_bsp.a(altera_avalon_jtag_uart_write.o)
                0x040048f0                altera_avalon_jtag_uart_write
 .text          0x04004b30      0x100 ../Stage3_bsp/\libhal_bsp.a(altera_avalon_timer_sc.o)
                0x04004ba0                alt_avalon_timer_sc_init
 .text          0x04004c30      0x154 ../Stage3_bsp/\libhal_bsp.a(alt_alarm_start.o)
                0x04004c30                alt_alarm_start
 .text          0x04004d84       0x1c ../Stage3_bsp/\libhal_bsp.a(alt_dcache_flush_all.o)
                0x04004d84                alt_dcache_flush_all
 .text          0x04004da0      0x114 ../Stage3_bsp/\libhal_bsp.a(alt_dev_llist_insert.o)
                0x04004da0                alt_dev_llist_insert
 .text          0x04004eb4       0x64 ../Stage3_bsp/\libhal_bsp.a(alt_do_ctors.o)
                0x04004eb4                _do_ctors
 .text          0x04004f18       0x64 ../Stage3_bsp/\libhal_bsp.a(alt_do_dtors.o)
                0x04004f18                _do_dtors
 .text          0x04004f7c       0x30 ../Stage3_bsp/\libhal_bsp.a(alt_icache_flush_all.o)
                0x04004f7c                alt_icache_flush_all
 .text          0x04004fac      0x1d4 ../Stage3_bsp/\libhal_bsp.a(alt_iic.o)
                0x04004fac                alt_ic_isr_register
                0x04004ffc                alt_ic_irq_enable
                0x04005098                alt_ic_irq_disable
                0x04005138                alt_ic_irq_enabled
 .text          0x04005180       0xf8 ../Stage3_bsp/\libhal_bsp.a(alt_iic_isr_register.o)
                0x04005180                alt_iic_isr_register
 .text          0x04005278      0x13c ../Stage3_bsp/\libhal_bsp.a(alt_io_redirect.o)
                0x0400533c                alt_io_redirect
 .text          0x040053b4        0x0 ../Stage3_bsp/\libhal_bsp.a(alt_irq_entry.o)
 .text          0x040053b4        0x0 ../Stage3_bsp/\libhal_bsp.a(alt_irq_handler.o)
 .text          0x040053b4        0x0 ../Stage3_bsp/\libhal_bsp.a(alt_irq_vars.o)
 .text          0x040053b4      0x2c4 ../Stage3_bsp/\libhal_bsp.a(alt_open.o)
                0x04005490                open
 .text          0x04005678      0x1a4 ../Stage3_bsp/\libhal_bsp.a(alt_tick.o)
                0x04005678                alt_alarm_stop
                0x04005710                alt_tick
 .text          0x0400581c       0x20 ../Stage3_bsp/\libhal_bsp.a(altera_nios2_qsys_irq.o)
                0x0400581c                altera_nios2_qsys_irq_init
 .text          0x0400583c        0x0 ../Stage3_bsp/\libhal_bsp.a(alt_exception_entry.o)
 .text          0x0400583c       0x94 ../Stage3_bsp/\libhal_bsp.a(alt_find_dev.o)
                0x0400583c                alt_find_dev
 .text          0x040058d0      0x120 ../Stage3_bsp/\libhal_bsp.a(alt_find_file.o)
                0x040058d0                alt_find_file
 .text          0x040059f0       0xb8 ../Stage3_bsp/\libhal_bsp.a(alt_get_fd.o)
                0x040059f0                alt_get_fd
 .text          0x04005aa8       0x90 ../Stage3_bsp/\libhal_bsp.a(alt_icache_flush.o)
                0x04005aa8                alt_icache_flush
 .text          0x04005b38       0x14 c:/altera/12.1/nios2eds/bin/gnu/h-i686-mingw32/bin/../lib/gcc/nios2-elf/4.1.2/../../../../nios2-elf/lib\libc.a(lib_a-atexit.o)
                0x04005b38                atexit
 .text          0x04005b4c       0x38 c:/altera/12.1/nios2eds/bin/gnu/h-i686-mingw32/bin/../lib/gcc/nios2-elf/4.1.2/../../../../nios2-elf/lib\libc.a(lib_a-exit.o)
                0x04005b4c                exit
 .text          0x04005b84       0x74 c:/altera/12.1/nios2eds/bin/gnu/h-i686-mingw32/bin/../lib/gcc/nios2-elf/4.1.2/../../../../nios2-elf/lib\libc.a(lib_a-memcmp.o)
                0x04005b84                memcmp
 .text          0x04005bf8      0x134 c:/altera/12.1/nios2eds/bin/gnu/h-i686-mingw32/bin/../lib/gcc/nios2-elf/4.1.2/../../../../nios2-elf/lib\libc.a(lib_a-__atexit.o)
                0x04005bf8                __register_exitproc
 .text          0x04005d2c      0x1b4 c:/altera/12.1/nios2eds/bin/gnu/h-i686-mingw32/bin/../lib/gcc/nios2-elf/4.1.2/../../../../nios2-elf/lib\libc.a(lib_a-__call_atexit.o)
                0x04005d30                __call_exitprocs
 .text          0x04005ee0       0x60 ../Stage3_bsp/\libhal_bsp.a(alt_exit.o)
                0x04005f20                _exit
 *(.gnu.warning.*)
 *(.fini)
                0x04005f40                PROVIDE (__etext, ABSOLUTE (.))
                0x04005f40                PROVIDE (_etext, ABSOLUTE (.))
                0x04005f40                PROVIDE (etext, ABSOLUTE (.))
 *(.eh_frame_hdr)
                0x04005f40                . = ALIGN (0x4)
                0x04005f40                PROVIDE (__preinit_array_start, ABSOLUTE (.))
 *(.preinit_array)
                0x04005f40                PROVIDE (__preinit_array_end, ABSOLUTE (.))
                0x04005f40                PROVIDE (__init_array_start, ABSOLUTE (.))
 *(.init_array)
                0x04005f40                PROVIDE (__init_array_end, ABSOLUTE (.))
                0x04005f40                PROVIDE (__fini_array_start, ABSOLUTE (.))
 *(.fini_array)
                0x04005f40                PROVIDE (__fini_array_end, ABSOLUTE (.))
 *(.eh_frame)
 *(.gcc_except_table)
 *(.dynamic)
                0x04005f40                PROVIDE (__CTOR_LIST__, ABSOLUTE (.))
 *(.ctors)
 *(SORT(.ctors.*))
 .ctors.65535   0x04005f40        0x4 c:/altera/12.1/nios2eds/bin/gnu/h-i686-mingw32/bin/../lib/gcc/nios2-elf/4.1.2/../../../../nios2-elf/lib\libc.a(lib_a-__call_atexit.o)
                0x04005f44                PROVIDE (__CTOR_END__, ABSOLUTE (.))
                0x04005f44                PROVIDE (__DTOR_LIST__, ABSOLUTE (.))
 *(.dtors)
 *(SORT(.dtors.*))
                0x04005f44                PROVIDE (__DTOR_END__, ABSOLUTE (.))
 *(.jcr)
                0x04005f44                . = ALIGN (0x4)

.rodata         0x04005f44       0xc8
                0x04005f44                PROVIDE (__ram_rodata_start, ABSOLUTE (.))
                0x04005f44                . = ALIGN (0x4)
 *(.rodata .rodata.* .gnu.linkonce.r.*)
 .rodata        0x04005f44       0x8c obj/default/quant.o
 .rodata.str1.4
                0x04005fd0        0x2 c:/altera/12.1/nios2eds/bin/gnu/h-i686-mingw32/bin/../lib/gcc/nios2-elf/4.1.2/../../../../nios2-elf/lib\libc.a(lib_a-puts.o)
                                  0x4 (size before relaxing)
 *fill*         0x04005fd2        0x2 00
 .rodata.str1.4
                0x04005fd4        0x4 c:/altera/12.1/nios2eds/bin/gnu/h-i686-mingw32/bin/../lib/gcc/nios2-elf/4.1.2/../../../../nios2-elf/lib\libc.a(lib_a-impure.o)
 .rodata        0x04005fd8        0xc ../Stage3_bsp/\libhal_bsp.a(alt_dev.o)
 .rodata        0x04005fe4       0x14 ../Stage3_bsp/\libhal_bsp.a(alt_main.o)
 .rodata        0x04005ff8       0x14 ../Stage3_bsp/\libhal_bsp.a(alt_sys_init.o)
 *(.rodata1)
                0x0400600c                . = ALIGN (0x4)
                0x0400600c                PROVIDE (__ram_rodata_end, ABSOLUTE (.))
                0x04005f44                PROVIDE (__flash_rodata_start, LOADADDR (.rodata))

.rwdata         0x0400600c     0x1a88 load address 0x04007a94
                0x0400600c                PROVIDE (__ram_rwdata_start, ABSOLUTE (.))
                0x0400600c                . = ALIGN (0x4)
 *(.got.plt)
 *(.got)
 *(.data1)
 *(.data .data.* .gnu.linkonce.d.*)
 .data          0x0400600c        0x0 ../Stage3_bsp//obj/HAL/src/crt0.o
 .data          0x0400600c       0x40 obj/default/quant.o
                0x0400600c                zigzag_table
 .data          0x0400604c        0x0 c:/altera/12.1/nios2eds/bin/gnu/h-i686-mingw32/bin/../lib/gcc/nios2-elf/4.1.2/../../../../nios2-elf/lib\libc.a(lib_a-memcpy.o)
 .data          0x0400604c        0x0 c:/altera/12.1/nios2eds/bin/gnu/h-i686-mingw32/bin/../lib/gcc/nios2-elf/4.1.2/../../../../nios2-elf/lib\libc.a(lib_a-puts.o)
 .data          0x0400604c        0x0 c:/altera/12.1/nios2eds/bin/gnu/h-i686-mingw32/bin/../lib/gcc/nios2-elf/4.1.2/../../../../nios2-elf/lib\libc.a(lib_a-strlen.o)
 .data          0x0400604c        0x0 c:/altera/12.1/nios2eds/bin/gnu/h-i686-mingw32/bin/../lib/gcc/nios2-elf/4.1.2/../../../../nios2-elf/lib\libc.a(lib_a-fvwrite.o)
 .data          0x0400604c      0x400 c:/altera/12.1/nios2eds/bin/gnu/h-i686-mingw32/bin/../lib/gcc/nios2-elf/4.1.2/../../../../nios2-elf/lib\libc.a(lib_a-impure.o)
 .data          0x0400644c      0x408 c:/altera/12.1/nios2eds/bin/gnu/h-i686-mingw32/bin/../lib/gcc/nios2-elf/4.1.2/../../../../nios2-elf/lib\libc.a(lib_a-mallocr.o)
                0x0400644c                __malloc_av_
 .data          0x04006854        0x0 c:/altera/12.1/nios2eds/bin/gnu/h-i686-mingw32/bin/../lib/gcc/nios2-elf/4.1.2/../../../../nios2-elf/lib\libc.a(lib_a-memchr.o)
 .data          0x04006854        0x0 c:/altera/12.1/nios2eds/bin/gnu/h-i686-mingw32/bin/../lib/gcc/nios2-elf/4.1.2/../../../../nios2-elf/lib\libc.a(lib_a-memmove.o)
 .data          0x04006854        0x0 c:/altera/12.1/nios2eds/bin/gnu/h-i686-mingw32/bin/../lib/gcc/nios2-elf/4.1.2/../../../../nios2-elf/lib\libc.a(lib_a-reallocr.o)
 .data          0x04006854        0x0 c:/altera/12.1/nios2eds/bin/gnu/h-i686-mingw32/bin/../lib/gcc/nios2-elf/4.1.2/../../../../nios2-elf/lib\libc.a(lib_a-sbrkr.o)
 .data          0x04006854        0x0 c:/altera/12.1/nios2eds/bin/gnu/h-i686-mingw32/bin/../lib/gcc/nios2-elf/4.1.2/../../../../nios2-elf/lib\libc.a(lib_a-wsetup.o)
 .data          0x04006854        0x0 c:/altera/12.1/nios2eds/bin/gnu/h-i686-mingw32/bin/../lib/gcc/nios2-elf/4.1.2/../../../../nios2-elf/lib\libc.a(lib_a-fflush.o)
 .data          0x04006854        0x0 c:/altera/12.1/nios2eds/bin/gnu/h-i686-mingw32/bin/../lib/gcc/nios2-elf/4.1.2/../../../../nios2-elf/lib\libc.a(lib_a-findfp.o)
 .data          0x04006854        0x0 c:/altera/12.1/nios2eds/bin/gnu/h-i686-mingw32/bin/../lib/gcc/nios2-elf/4.1.2/../../../../nios2-elf/lib\libc.a(lib_a-freer.o)
 .data          0x04006854        0x0 c:/altera/12.1/nios2eds/bin/gnu/h-i686-mingw32/bin/../lib/gcc/nios2-elf/4.1.2/../../../../nios2-elf/lib\libc.a(lib_a-fwalk.o)
 .data          0x04006854        0x0 c:/altera/12.1/nios2eds/bin/gnu/h-i686-mingw32/bin/../lib/gcc/nios2-elf/4.1.2/../../../../nios2-elf/lib\libc.a(lib_a-int_errno.o)
 .data          0x04006854        0x0 c:/altera/12.1/nios2eds/bin/gnu/h-i686-mingw32/bin/../lib/gcc/nios2-elf/4.1.2/../../../../nios2-elf/lib\libc.a(lib_a-makebuf.o)
 .data          0x04006854        0x0 c:/altera/12.1/nios2eds/bin/gnu/h-i686-mingw32/bin/../lib/gcc/nios2-elf/4.1.2/../../../../nios2-elf/lib\libc.a(lib_a-memset.o)
 .data          0x04006854        0x0 c:/altera/12.1/nios2eds/bin/gnu/h-i686-mingw32/bin/../lib/gcc/nios2-elf/4.1.2/../../../../nios2-elf/lib\libc.a(lib_a-stdio.o)
 .data          0x04006854        0x0 c:/altera/12.1/nios2eds/bin/gnu/h-i686-mingw32/bin/../lib/gcc/nios2-elf/4.1.2/../../../../nios2-elf/lib\libc.a(lib_a-writer.o)
 .data          0x04006854        0x0 c:/altera/12.1/nios2eds/bin/gnu/h-i686-mingw32/bin/../lib/gcc/nios2-elf/4.1.2/../../../../nios2-elf/lib\libc.a(lib_a-closer.o)
 .data          0x04006854        0x0 c:/altera/12.1/nios2eds/bin/gnu/h-i686-mingw32/bin/../lib/gcc/nios2-elf/4.1.2/../../../../nios2-elf/lib\libc.a(lib_a-fclose.o)
 .data          0x04006854        0x0 c:/altera/12.1/nios2eds/bin/gnu/h-i686-mingw32/bin/../lib/gcc/nios2-elf/4.1.2/../../../../nios2-elf/lib\libc.a(lib_a-fstatr.o)
 .data          0x04006854        0x0 c:/altera/12.1/nios2eds/bin/gnu/h-i686-mingw32/bin/../lib/gcc/nios2-elf/4.1.2/../../../../nios2-elf/lib\libc.a(lib_a-isattyr.o)
 .data          0x04006854        0x0 c:/altera/12.1/nios2eds/bin/gnu/h-i686-mingw32/bin/../lib/gcc/nios2-elf/4.1.2/../../../../nios2-elf/lib\libc.a(lib_a-lseekr.o)
 .data          0x04006854        0x0 c:/altera/12.1/nios2eds/bin/gnu/h-i686-mingw32/bin/../lib/gcc/nios2-elf/4.1.2/../../../../nios2-elf/lib\libc.a(lib_a-readr.o)
 .data          0x04006854        0x0 ../Stage3_bsp/\libhal_bsp.a(alt_close.o)
 .data          0x04006854      0x1a8 ../Stage3_bsp/\libhal_bsp.a(alt_dev.o)
                0x04006854                alt_dev_null
                0x0400687c                alt_fd_list
 .data          0x040069fc        0x0 ../Stage3_bsp/\libhal_bsp.a(alt_errno.o)
 .data          0x040069fc        0x0 ../Stage3_bsp/\libhal_bsp.a(alt_fstat.o)
 .data          0x040069fc        0x0 ../Stage3_bsp/\libhal_bsp.a(alt_isatty.o)
 .data          0x040069fc        0x0 ../Stage3_bsp/\libhal_bsp.a(alt_load.o)
 .data          0x040069fc        0x0 ../Stage3_bsp/\libhal_bsp.a(alt_lseek.o)
 .data          0x040069fc        0x0 ../Stage3_bsp/\libhal_bsp.a(alt_main.o)
 .data          0x040069fc        0x0 ../Stage3_bsp/\libhal_bsp.a(alt_malloc_lock.o)
 .data          0x040069fc        0x0 ../Stage3_bsp/\libhal_bsp.a(alt_read.o)
 .data          0x040069fc        0x0 ../Stage3_bsp/\libhal_bsp.a(alt_release_fd.o)
 .data          0x040069fc        0x0 ../Stage3_bsp/\libhal_bsp.a(alt_sbrk.o)
 .data          0x040069fc        0x0 ../Stage3_bsp/\libhal_bsp.a(alt_write.o)
 .data          0x040069fc     0x1060 ../Stage3_bsp/\libhal_bsp.a(alt_sys_init.o)
 .data          0x04007a5c        0x0 ../Stage3_bsp/\libhal_bsp.a(altera_avalon_fifo_util.o)
 .data          0x04007a5c        0x0 ../Stage3_bsp/\libhal_bsp.a(altera_avalon_jtag_uart_fd.o)
 .data          0x04007a5c        0x0 ../Stage3_bsp/\libhal_bsp.a(altera_avalon_jtag_uart_init.o)
 .data          0x04007a5c        0x0 ../Stage3_bsp/\libhal_bsp.a(altera_avalon_jtag_uart_ioctl.o)
 .data          0x04007a5c        0x0 ../Stage3_bsp/\libhal_bsp.a(altera_avalon_jtag_uart_read.o)
 .data          0x04007a5c        0x0 ../Stage3_bsp/\libhal_bsp.a(altera_avalon_jtag_uart_write.o)
 .data          0x04007a5c        0x0 ../Stage3_bsp/\libhal_bsp.a(altera_avalon_timer_sc.o)
 .data          0x04007a5c        0x0 ../Stage3_bsp/\libhal_bsp.a(alt_alarm_start.o)
 .data          0x04007a5c        0x0 ../Stage3_bsp/\libhal_bsp.a(alt_dcache_flush_all.o)
 .data          0x04007a5c        0x0 ../Stage3_bsp/\libhal_bsp.a(alt_dev_llist_insert.o)
 .data          0x04007a5c        0x0 ../Stage3_bsp/\libhal_bsp.a(alt_do_ctors.o)
 .data          0x04007a5c        0x0 ../Stage3_bsp/\libhal_bsp.a(alt_do_dtors.o)
 .data          0x04007a5c        0x0 ../Stage3_bsp/\libhal_bsp.a(alt_icache_flush_all.o)
 .data          0x04007a5c        0x0 ../Stage3_bsp/\libhal_bsp.a(alt_iic.o)
 .data          0x04007a5c        0x0 ../Stage3_bsp/\libhal_bsp.a(alt_iic_isr_register.o)
 .data          0x04007a5c        0x0 ../Stage3_bsp/\libhal_bsp.a(alt_io_redirect.o)
 .data          0x04007a5c        0x0 ../Stage3_bsp/\libhal_bsp.a(alt_irq_entry.o)
 .data          0x04007a5c        0x0 ../Stage3_bsp/\libhal_bsp.a(alt_irq_handler.o)
 .data          0x04007a5c        0x0 ../Stage3_bsp/\libhal_bsp.a(alt_irq_vars.o)
 .data          0x04007a5c        0x0 ../Stage3_bsp/\libhal_bsp.a(alt_open.o)
 .data          0x04007a5c        0x0 ../Stage3_bsp/\libhal_bsp.a(alt_tick.o)
 .data          0x04007a5c        0x0 ../Stage3_bsp/\libhal_bsp.a(altera_nios2_qsys_irq.o)
 .data          0x04007a5c        0x0 ../Stage3_bsp/\libhal_bsp.a(alt_exception_entry.o)
 .data          0x04007a5c        0x0 ../Stage3_bsp/\libhal_bsp.a(alt_find_dev.o)
 .data          0x04007a5c        0x0 ../Stage3_bsp/\libhal_bsp.a(alt_find_file.o)
 .data          0x04007a5c        0x0 ../Stage3_bsp/\libhal_bsp.a(alt_get_fd.o)
 .data          0x04007a5c        0x0 ../Stage3_bsp/\libhal_bsp.a(alt_icache_flush.o)
 .data          0x04007a5c        0x0 c:/altera/12.1/nios2eds/bin/gnu/h-i686-mingw32/bin/../lib/gcc/nios2-elf/4.1.2/../../../../nios2-elf/lib\libc.a(lib_a-atexit.o)
 .data          0x04007a5c        0x0 c:/altera/12.1/nios2eds/bin/gnu/h-i686-mingw32/bin/../lib/gcc/nios2-elf/4.1.2/../../../../nios2-elf/lib\libc.a(lib_a-exit.o)
 .data          0x04007a5c        0x0 c:/altera/12.1/nios2eds/bin/gnu/h-i686-mingw32/bin/../lib/gcc/nios2-elf/4.1.2/../../../../nios2-elf/lib\libc.a(lib_a-memcmp.o)
 .data          0x04007a5c        0x0 c:/altera/12.1/nios2eds/bin/gnu/h-i686-mingw32/bin/../lib/gcc/nios2-elf/4.1.2/../../../../nios2-elf/lib\libc.a(lib_a-__atexit.o)
 .data          0x04007a5c        0x0 c:/altera/12.1/nios2eds/bin/gnu/h-i686-mingw32/bin/../lib/gcc/nios2-elf/4.1.2/../../../../nios2-elf/lib\libc.a(lib_a-__call_atexit.o)
 .data          0x04007a5c        0x0 ../Stage3_bsp/\libhal_bsp.a(alt_exit.o)
                0x0400fa5c                _gp = ABSOLUTE ((. + 0x8000))
                0x0400fa5c                PROVIDE (gp, _gp)
 *(.rwdata .rwdata.*)
 *(.sdata .sdata.* .gnu.linkonce.s.*)
 .sdata         0x04007a5c        0x8 c:/altera/12.1/nios2eds/bin/gnu/h-i686-mingw32/bin/../lib/gcc/nios2-elf/4.1.2/../../../../nios2-elf/lib\libc.a(lib_a-impure.o)
                0x04007a5c                _impure_ptr
                0x04007a60                _global_impure_ptr
 .sdata         0x04007a64        0x8 c:/altera/12.1/nios2eds/bin/gnu/h-i686-mingw32/bin/../lib/gcc/nios2-elf/4.1.2/../../../../nios2-elf/lib\libc.a(lib_a-mallocr.o)
                0x04007a64                __malloc_trim_threshold
                0x04007a68                __malloc_sbrk_base
 .sdata         0x04007a6c       0x14 ../Stage3_bsp/\libhal_bsp.a(alt_dev.o)
                0x04007a6c                alt_fs_list
                0x04007a74                alt_dev_list
                0x04007a7c                alt_max_fd
 .sdata         0x04007a80        0x4 ../Stage3_bsp/\libhal_bsp.a(alt_errno.o)
                0x04007a80                alt_errno
 .sdata         0x04007a84        0x4 ../Stage3_bsp/\libhal_bsp.a(alt_sbrk.o)
 .sdata         0x04007a88        0x4 ../Stage3_bsp/\libhal_bsp.a(alt_irq_vars.o)
                0x04007a88                alt_priority_mask
 .sdata         0x04007a8c        0x8 ../Stage3_bsp/\libhal_bsp.a(alt_tick.o)
                0x04007a8c                alt_alarm_list
 *(.sdata2 .sdata2.* .gnu.linkonce.s2.*)
                0x04007a94                . = ALIGN (0x4)
                0x04007a94                _edata = ABSOLUTE (.)
                0x04007a94                PROVIDE (edata, ABSOLUTE (.))
                0x04007a94                PROVIDE (__ram_rwdata_end, ABSOLUTE (.))
                0x04007a94                PROVIDE (__flash_rwdata_start, LOADADDR (.rwdata))

.bss            0x0400951c      0x4e0
                0x0400951c                __bss_start = ABSOLUTE (.)
                0x0400951c                PROVIDE (__sbss_start, ABSOLUTE (.))
                0x0400951c                PROVIDE (___sbss_start, ABSOLUTE (.))
 *(.dynsbss)
 *(.sbss .sbss.* .gnu.linkonce.sb.*)
 .sbss          0x0400951c        0xc c:/altera/12.1/nios2eds/bin/gnu/h-i686-mingw32/bin/../lib/gcc/nios2-elf/4.1.2/../../../../nios2-elf/lib\libc.a(lib_a-mallocr.o)
                0x0400951c                __malloc_top_pad
                0x04009520                __malloc_max_sbrked_mem
                0x04009524                __malloc_max_total_mem
 .sbss          0x04009528        0x4 c:/altera/12.1/nios2eds/bin/gnu/h-i686-mingw32/bin/../lib/gcc/nios2-elf/4.1.2/../../../../nios2-elf/lib\libc.a(lib_a-int_errno.o)
                0x04009528                errno
 .sbss          0x0400952c        0xc ../Stage3_bsp/\libhal_bsp.a(alt_main.o)
                0x0400952c                alt_argc
                0x04009530                alt_argv
                0x04009534                alt_envp
 .sbss          0x04009538        0x4 ../Stage3_bsp/\libhal_bsp.a(alt_irq_vars.o)
                0x04009538                alt_irq_active
 .sbss          0x0400953c        0x8 ../Stage3_bsp/\libhal_bsp.a(alt_tick.o)
                0x0400953c                _alt_tick_rate
                0x04009540                _alt_nticks
 *(.sbss2 .sbss2.* .gnu.linkonce.sb2.*)
 *(.scommon)
                0x04009544                PROVIDE (__sbss_end, ABSOLUTE (.))
                0x04009544                PROVIDE (___sbss_end, ABSOLUTE (.))
 *(.dynbss)
 *(.bss .bss.* .gnu.linkonce.b.*)
 .bss           0x04009544        0x0 ../Stage3_bsp//obj/HAL/src/crt0.o
 .bss           0x04009544        0x0 obj/default/quant.o
 .bss           0x04009544        0x0 c:/altera/12.1/nios2eds/bin/gnu/h-i686-mingw32/bin/../lib/gcc/nios2-elf/4.1.2/../../../../nios2-elf/lib\libc.a(lib_a-memcpy.o)
 .bss           0x04009544        0x0 c:/altera/12.1/nios2eds/bin/gnu/h-i686-mingw32/bin/../lib/gcc/nios2-elf/4.1.2/../../../../nios2-elf/lib\libc.a(lib_a-puts.o)
 .bss           0x04009544        0x0 c:/altera/12.1/nios2eds/bin/gnu/h-i686-mingw32/bin/../lib/gcc/nios2-elf/4.1.2/../../../../nios2-elf/lib\libc.a(lib_a-strlen.o)
 .bss           0x04009544        0x0 c:/altera/12.1/nios2eds/bin/gnu/h-i686-mingw32/bin/../lib/gcc/nios2-elf/4.1.2/../../../../nios2-elf/lib\libc.a(lib_a-fvwrite.o)
 .bss           0x04009544        0x0 c:/altera/12.1/nios2eds/bin/gnu/h-i686-mingw32/bin/../lib/gcc/nios2-elf/4.1.2/../../../../nios2-elf/lib\libc.a(lib_a-impure.o)
 .bss           0x04009544       0x28 c:/altera/12.1/nios2eds/bin/gnu/h-i686-mingw32/bin/../lib/gcc/nios2-elf/4.1.2/../../../../nios2-elf/lib\libc.a(lib_a-mallocr.o)
                0x04009544                __malloc_current_mallinfo
 .bss           0x0400956c        0x0 c:/altera/12.1/nios2eds/bin/gnu/h-i686-mingw32/bin/../lib/gcc/nios2-elf/4.1.2/../../../../nios2-elf/lib\libc.a(lib_a-memchr.o)
 .bss           0x0400956c        0x0 c:/altera/12.1/nios2eds/bin/gnu/h-i686-mingw32/bin/../lib/gcc/nios2-elf/4.1.2/../../../../nios2-elf/lib\libc.a(lib_a-memmove.o)
 .bss           0x0400956c        0x0 c:/altera/12.1/nios2eds/bin/gnu/h-i686-mingw32/bin/../lib/gcc/nios2-elf/4.1.2/../../../../nios2-elf/lib\libc.a(lib_a-reallocr.o)
 .bss           0x0400956c        0x0 c:/altera/12.1/nios2eds/bin/gnu/h-i686-mingw32/bin/../lib/gcc/nios2-elf/4.1.2/../../../../nios2-elf/lib\libc.a(lib_a-sbrkr.o)
 .bss           0x0400956c        0x0 c:/altera/12.1/nios2eds/bin/gnu/h-i686-mingw32/bin/../lib/gcc/nios2-elf/4.1.2/../../../../nios2-elf/lib\libc.a(lib_a-wsetup.o)
 .bss           0x0400956c        0x0 c:/altera/12.1/nios2eds/bin/gnu/h-i686-mingw32/bin/../lib/gcc/nios2-elf/4.1.2/../../../../nios2-elf/lib\libc.a(lib_a-fflush.o)
 .bss           0x0400956c        0x0 c:/altera/12.1/nios2eds/bin/gnu/h-i686-mingw32/bin/../lib/gcc/nios2-elf/4.1.2/../../../../nios2-elf/lib\libc.a(lib_a-findfp.o)
 .bss           0x0400956c        0x0 c:/altera/12.1/nios2eds/bin/gnu/h-i686-mingw32/bin/../lib/gcc/nios2-elf/4.1.2/../../../../nios2-elf/lib\libc.a(lib_a-freer.o)
 .bss           0x0400956c        0x0 c:/altera/12.1/nios2eds/bin/gnu/h-i686-mingw32/bin/../lib/gcc/nios2-elf/4.1.2/../../../../nios2-elf/lib\libc.a(lib_a-fwalk.o)
 .bss           0x0400956c        0x0 c:/altera/12.1/nios2eds/bin/gnu/h-i686-mingw32/bin/../lib/gcc/nios2-elf/4.1.2/../../../../nios2-elf/lib\libc.a(lib_a-int_errno.o)
 .bss           0x0400956c        0x0 c:/altera/12.1/nios2eds/bin/gnu/h-i686-mingw32/bin/../lib/gcc/nios2-elf/4.1.2/../../../../nios2-elf/lib\libc.a(lib_a-makebuf.o)
 .bss           0x0400956c        0x0 c:/altera/12.1/nios2eds/bin/gnu/h-i686-mingw32/bin/../lib/gcc/nios2-elf/4.1.2/../../../../nios2-elf/lib\libc.a(lib_a-memset.o)
 .bss           0x0400956c        0x0 c:/altera/12.1/nios2eds/bin/gnu/h-i686-mingw32/bin/../lib/gcc/nios2-elf/4.1.2/../../../../nios2-elf/lib\libc.a(lib_a-stdio.o)
 .bss           0x0400956c        0x0 c:/altera/12.1/nios2eds/bin/gnu/h-i686-mingw32/bin/../lib/gcc/nios2-elf/4.1.2/../../../../nios2-elf/lib\libc.a(lib_a-writer.o)
 .bss           0x0400956c        0x0 c:/altera/12.1/nios2eds/bin/gnu/h-i686-mingw32/bin/../lib/gcc/nios2-elf/4.1.2/../../../../nios2-elf/lib\libc.a(lib_a-closer.o)
 .bss           0x0400956c        0x0 c:/altera/12.1/nios2eds/bin/gnu/h-i686-mingw32/bin/../lib/gcc/nios2-elf/4.1.2/../../../../nios2-elf/lib\libc.a(lib_a-fclose.o)
 .bss           0x0400956c        0x0 c:/altera/12.1/nios2eds/bin/gnu/h-i686-mingw32/bin/../lib/gcc/nios2-elf/4.1.2/../../../../nios2-elf/lib\libc.a(lib_a-fstatr.o)
 .bss           0x0400956c        0x0 c:/altera/12.1/nios2eds/bin/gnu/h-i686-mingw32/bin/../lib/gcc/nios2-elf/4.1.2/../../../../nios2-elf/lib\libc.a(lib_a-isattyr.o)
 .bss           0x0400956c        0x0 c:/altera/12.1/nios2eds/bin/gnu/h-i686-mingw32/bin/../lib/gcc/nios2-elf/4.1.2/../../../../nios2-elf/lib\libc.a(lib_a-lseekr.o)
 .bss           0x0400956c        0x0 c:/altera/12.1/nios2eds/bin/gnu/h-i686-mingw32/bin/../lib/gcc/nios2-elf/4.1.2/../../../../nios2-elf/lib\libc.a(lib_a-readr.o)
 .bss           0x0400956c        0x0 ../Stage3_bsp/\libhal_bsp.a(alt_close.o)
 .bss           0x0400956c        0x0 ../Stage3_bsp/\libhal_bsp.a(alt_dev.o)
 .bss           0x0400956c        0x0 ../Stage3_bsp/\libhal_bsp.a(alt_errno.o)
 .bss           0x0400956c        0x0 ../Stage3_bsp/\libhal_bsp.a(alt_fstat.o)
 .bss           0x0400956c        0x0 ../Stage3_bsp/\libhal_bsp.a(alt_isatty.o)
 .bss           0x0400956c        0x0 ../Stage3_bsp/\libhal_bsp.a(alt_load.o)
 .bss           0x0400956c        0x0 ../Stage3_bsp/\libhal_bsp.a(alt_lseek.o)
 .bss           0x0400956c        0x0 ../Stage3_bsp/\libhal_bsp.a(alt_main.o)
 .bss           0x0400956c        0x0 ../Stage3_bsp/\libhal_bsp.a(alt_malloc_lock.o)
 .bss           0x0400956c        0x0 ../Stage3_bsp/\libhal_bsp.a(alt_read.o)
 .bss           0x0400956c        0x0 ../Stage3_bsp/\libhal_bsp.a(alt_release_fd.o)
 .bss           0x0400956c        0x0 ../Stage3_bsp/\libhal_bsp.a(alt_sbrk.o)
 .bss           0x0400956c        0x0 ../Stage3_bsp/\libhal_bsp.a(alt_write.o)
 .bss           0x0400956c        0x0 ../Stage3_bsp/\libhal_bsp.a(alt_sys_init.o)
 .bss           0x0400956c        0x0 ../Stage3_bsp/\libhal_bsp.a(altera_avalon_fifo_util.o)
 .bss           0x0400956c        0x0 ../Stage3_bsp/\libhal_bsp.a(altera_avalon_jtag_uart_fd.o)
 .bss           0x0400956c        0x0 ../Stage3_bsp/\libhal_bsp.a(altera_avalon_jtag_uart_init.o)
 .bss           0x0400956c        0x0 ../Stage3_bsp/\libhal_bsp.a(altera_avalon_jtag_uart_ioctl.o)
 .bss           0x0400956c        0x0 ../Stage3_bsp/\libhal_bsp.a(altera_avalon_jtag_uart_read.o)
 .bss           0x0400956c        0x0 ../Stage3_bsp/\libhal_bsp.a(altera_avalon_jtag_uart_write.o)
 .bss           0x0400956c        0x0 ../Stage3_bsp/\libhal_bsp.a(altera_avalon_timer_sc.o)
 .bss           0x0400956c        0x0 ../Stage3_bsp/\libhal_bsp.a(alt_alarm_start.o)
 .bss           0x0400956c        0x0 ../Stage3_bsp/\libhal_bsp.a(alt_dcache_flush_all.o)
 .bss           0x0400956c        0x0 ../Stage3_bsp/\libhal_bsp.a(alt_dev_llist_insert.o)
 .bss           0x0400956c        0x0 ../Stage3_bsp/\libhal_bsp.a(alt_do_ctors.o)
 .bss           0x0400956c        0x0 ../Stage3_bsp/\libhal_bsp.a(alt_do_dtors.o)
 .bss           0x0400956c        0x0 ../Stage3_bsp/\libhal_bsp.a(alt_icache_flush_all.o)
 .bss           0x0400956c        0x0 ../Stage3_bsp/\libhal_bsp.a(alt_iic.o)
 .bss           0x0400956c        0x0 ../Stage3_bsp/\libhal_bsp.a(alt_iic_isr_register.o)
 .bss           0x0400956c        0x0 ../Stage3_bsp/\libhal_bsp.a(alt_io_redirect.o)
 .bss           0x0400956c        0x0 ../Stage3_bsp/\libhal_bsp.a(alt_irq_entry.o)
 .bss           0x0400956c        0x0 ../Stage3_bsp/\libhal_bsp.a(alt_irq_handler.o)
 .bss           0x0400956c        0x0 ../Stage3_bsp/\libhal_bsp.a(alt_irq_vars.o)
 .bss           0x0400956c        0x0 ../Stage3_bsp/\libhal_bsp.a(alt_open.o)
 .bss           0x0400956c        0x0 ../Stage3_bsp/\libhal_bsp.a(alt_tick.o)
 .bss           0x0400956c        0x0 ../Stage3_bsp/\libhal_bsp.a(altera_nios2_qsys_irq.o)
 .bss           0x0400956c        0x0 ../Stage3_bsp/\libhal_bsp.a(alt_exception_entry.o)
 .bss           0x0400956c        0x0 ../Stage3_bsp/\libhal_bsp.a(alt_find_dev.o)
 .bss           0x0400956c        0x0 ../Stage3_bsp/\libhal_bsp.a(alt_find_file.o)
 .bss           0x0400956c        0x0 ../Stage3_bsp/\libhal_bsp.a(alt_get_fd.o)
 .bss           0x0400956c        0x0 ../Stage3_bsp/\libhal_bsp.a(alt_icache_flush.o)
 .bss           0x0400956c        0x0 c:/altera/12.1/nios2eds/bin/gnu/h-i686-mingw32/bin/../lib/gcc/nios2-elf/4.1.2/../../../../nios2-elf/lib\libc.a(lib_a-atexit.o)
 .bss           0x0400956c        0x0 c:/altera/12.1/nios2eds/bin/gnu/h-i686-mingw32/bin/../lib/gcc/nios2-elf/4.1.2/../../../../nios2-elf/lib\libc.a(lib_a-exit.o)
 .bss           0x0400956c        0x0 c:/altera/12.1/nios2eds/bin/gnu/h-i686-mingw32/bin/../lib/gcc/nios2-elf/4.1.2/../../../../nios2-elf/lib\libc.a(lib_a-memcmp.o)
 .bss           0x0400956c        0x0 c:/altera/12.1/nios2eds/bin/gnu/h-i686-mingw32/bin/../lib/gcc/nios2-elf/4.1.2/../../../../nios2-elf/lib\libc.a(lib_a-__atexit.o)
 .bss           0x0400956c        0x0 c:/altera/12.1/nios2eds/bin/gnu/h-i686-mingw32/bin/../lib/gcc/nios2-elf/4.1.2/../../../../nios2-elf/lib\libc.a(lib_a-__call_atexit.o)
 .bss           0x0400956c        0x0 ../Stage3_bsp/\libhal_bsp.a(alt_exit.o)
 *(COMMON)
 COMMON         0x0400956c      0x200 obj/default/quant.o
                0x0400956c                Temp
                0x040095ec                Lqt
                0x0400962c                ILqt
                0x040096ac                Cqt
                0x040096ec                ICqt
 COMMON         0x0400976c      0x100 ../Stage3_bsp/\libhal_bsp.a(alt_irq_handler.o)
                0x0400976c                alt_irq
 COMMON         0x0400986c      0x190 c:/altera/12.1/nios2eds/bin/gnu/h-i686-mingw32/bin/../lib/gcc/nios2-elf/4.1.2/../../../../nios2-elf/lib\libc.a(lib_a-atexit.o)
                0x0400986c                _atexit0
                0x040099fc                . = ALIGN (0x4)
                0x040099fc                __bss_end = ABSOLUTE (.)

.sdram_controller
                0x040099fc        0x0
                0x040099fc                PROVIDE (_alt_partition_sdram_controller_start, ABSOLUTE (.))
 *(.sdram_controller. sdram_controller.*)
                0x040099fc                . = ALIGN (0x4)
                0x040099fc                PROVIDE (_alt_partition_sdram_controller_end, ABSOLUTE (.))
                0x040099fc                _end = ABSOLUTE (.)
                0x040099fc                end = ABSOLUTE (.)
                0x040099fc                __alt_stack_base = ABSOLUTE (.)
                0x040099fc                PROVIDE (_alt_partition_sdram_controller_load_addr, LOADADDR (.sdram_controller))

.instruction_mem_3
                0x080019b4        0x0 load address 0x040099fc
                0x080019b4                PROVIDE (_alt_partition_instruction_mem_3_start, ABSOLUTE (.))
 *(.instruction_mem_3. instruction_mem_3.*)
                0x080019b4                . = ALIGN (0x4)
                0x080019b4                PROVIDE (_alt_partition_instruction_mem_3_end, ABSOLUTE (.))
                0x040099fc                PROVIDE (_alt_partition_instruction_mem_3_load_addr, LOADADDR (.instruction_mem_3))

.stab
 *(.stab)

.stabstr
 *(.stabstr)

.stab.excl
 *(.stab.excl)

.stab.exclstr
 *(.stab.exclstr)

.stab.index
 *(.stab.index)

.stab.indexstr
 *(.stab.indexstr)

.comment        0x00000000       0x23
 *(.comment)
 .comment       0x00000000       0x23 obj/default/quant.o
                                 0x24 (size before relaxing)
 .comment       0x00000000       0x24 c:/altera/12.1/nios2eds/bin/gnu/h-i686-mingw32/bin/../lib/gcc/nios2-elf/4.1.2/../../../../nios2-elf/lib\libc.a(lib_a-memcpy.o)
 .comment       0x00000000       0x24 c:/altera/12.1/nios2eds/bin/gnu/h-i686-mingw32/bin/../lib/gcc/nios2-elf/4.1.2/../../../../nios2-elf/lib\libc.a(lib_a-puts.o)
 .comment       0x00000000       0x24 c:/altera/12.1/nios2eds/bin/gnu/h-i686-mingw32/bin/../lib/gcc/nios2-elf/4.1.2/../../../../nios2-elf/lib\libc.a(lib_a-strlen.o)
 .comment       0x00000000       0x24 c:/altera/12.1/nios2eds/bin/gnu/h-i686-mingw32/bin/../lib/gcc/nios2-elf/4.1.2/../../../../nios2-elf/lib\libc.a(lib_a-fvwrite.o)
 .comment       0x00000000       0x24 c:/altera/12.1/nios2eds/bin/gnu/h-i686-mingw32/bin/../lib/gcc/nios2-elf/4.1.2/../../../../nios2-elf/lib\libc.a(lib_a-impure.o)
 .comment       0x00000000       0x24 c:/altera/12.1/nios2eds/bin/gnu/h-i686-mingw32/bin/../lib/gcc/nios2-elf/4.1.2/../../../../nios2-elf/lib\libc.a(lib_a-mallocr.o)
 .comment       0x00000000       0x24 c:/altera/12.1/nios2eds/bin/gnu/h-i686-mingw32/bin/../lib/gcc/nios2-elf/4.1.2/../../../../nios2-elf/lib\libc.a(lib_a-memchr.o)
 .comment       0x00000000       0x24 c:/altera/12.1/nios2eds/bin/gnu/h-i686-mingw32/bin/../lib/gcc/nios2-elf/4.1.2/../../../../nios2-elf/lib\libc.a(lib_a-memmove.o)
 .comment       0x00000000       0x24 c:/altera/12.1/nios2eds/bin/gnu/h-i686-mingw32/bin/../lib/gcc/nios2-elf/4.1.2/../../../../nios2-elf/lib\libc.a(lib_a-reallocr.o)
 .comment       0x00000000       0x24 c:/altera/12.1/nios2eds/bin/gnu/h-i686-mingw32/bin/../lib/gcc/nios2-elf/4.1.2/../../../../nios2-elf/lib\libc.a(lib_a-sbrkr.o)
 .comment       0x00000000       0x24 c:/altera/12.1/nios2eds/bin/gnu/h-i686-mingw32/bin/../lib/gcc/nios2-elf/4.1.2/../../../../nios2-elf/lib\libc.a(lib_a-wsetup.o)
 .comment       0x00000000       0x24 c:/altera/12.1/nios2eds/bin/gnu/h-i686-mingw32/bin/../lib/gcc/nios2-elf/4.1.2/../../../../nios2-elf/lib\libc.a(lib_a-fflush.o)
 .comment       0x00000000       0x24 c:/altera/12.1/nios2eds/bin/gnu/h-i686-mingw32/bin/../lib/gcc/nios2-elf/4.1.2/../../../../nios2-elf/lib\libc.a(lib_a-findfp.o)
 .comment       0x00000000       0x24 c:/altera/12.1/nios2eds/bin/gnu/h-i686-mingw32/bin/../lib/gcc/nios2-elf/4.1.2/../../../../nios2-elf/lib\libc.a(lib_a-freer.o)
 .comment       0x00000000       0x24 c:/altera/12.1/nios2eds/bin/gnu/h-i686-mingw32/bin/../lib/gcc/nios2-elf/4.1.2/../../../../nios2-elf/lib\libc.a(lib_a-fwalk.o)
 .comment       0x00000000       0x24 c:/altera/12.1/nios2eds/bin/gnu/h-i686-mingw32/bin/../lib/gcc/nios2-elf/4.1.2/../../../../nios2-elf/lib\libc.a(lib_a-int_errno.o)
 .comment       0x00000000       0x24 c:/altera/12.1/nios2eds/bin/gnu/h-i686-mingw32/bin/../lib/gcc/nios2-elf/4.1.2/../../../../nios2-elf/lib\libc.a(lib_a-makebuf.o)
 .comment       0x00000000       0x24 c:/altera/12.1/nios2eds/bin/gnu/h-i686-mingw32/bin/../lib/gcc/nios2-elf/4.1.2/../../../../nios2-elf/lib\libc.a(lib_a-memset.o)
 .comment       0x00000000       0x24 c:/altera/12.1/nios2eds/bin/gnu/h-i686-mingw32/bin/../lib/gcc/nios2-elf/4.1.2/../../../../nios2-elf/lib\libc.a(lib_a-stdio.o)
 .comment       0x00000000       0x24 c:/altera/12.1/nios2eds/bin/gnu/h-i686-mingw32/bin/../lib/gcc/nios2-elf/4.1.2/../../../../nios2-elf/lib\libc.a(lib_a-writer.o)
 .comment       0x00000000       0x24 c:/altera/12.1/nios2eds/bin/gnu/h-i686-mingw32/bin/../lib/gcc/nios2-elf/4.1.2/../../../../nios2-elf/lib\libc.a(lib_a-closer.o)
 .comment       0x00000000       0x24 c:/altera/12.1/nios2eds/bin/gnu/h-i686-mingw32/bin/../lib/gcc/nios2-elf/4.1.2/../../../../nios2-elf/lib\libc.a(lib_a-fclose.o)
 .comment       0x00000000       0x24 c:/altera/12.1/nios2eds/bin/gnu/h-i686-mingw32/bin/../lib/gcc/nios2-elf/4.1.2/../../../../nios2-elf/lib\libc.a(lib_a-fstatr.o)
 .comment       0x00000000       0x24 c:/altera/12.1/nios2eds/bin/gnu/h-i686-mingw32/bin/../lib/gcc/nios2-elf/4.1.2/../../../../nios2-elf/lib\libc.a(lib_a-isattyr.o)
 .comment       0x00000000       0x24 c:/altera/12.1/nios2eds/bin/gnu/h-i686-mingw32/bin/../lib/gcc/nios2-elf/4.1.2/../../../../nios2-elf/lib\libc.a(lib_a-lseekr.o)
 .comment       0x00000000       0x24 c:/altera/12.1/nios2eds/bin/gnu/h-i686-mingw32/bin/../lib/gcc/nios2-elf/4.1.2/../../../../nios2-elf/lib\libc.a(lib_a-readr.o)
 .comment       0x00000000       0x24 ../Stage3_bsp/\libhal_bsp.a(alt_close.o)
 .comment       0x00000000       0x24 ../Stage3_bsp/\libhal_bsp.a(alt_dev.o)
 .comment       0x00000000       0x24 ../Stage3_bsp/\libhal_bsp.a(alt_errno.o)
 .comment       0x00000000       0x24 ../Stage3_bsp/\libhal_bsp.a(alt_fstat.o)
 .comment       0x00000000       0x24 ../Stage3_bsp/\libhal_bsp.a(alt_isatty.o)
 .comment       0x00000000       0x24 ../Stage3_bsp/\libhal_bsp.a(alt_load.o)
 .comment       0x00000000       0x24 ../Stage3_bsp/\libhal_bsp.a(alt_lseek.o)
 .comment       0x00000000       0x24 ../Stage3_bsp/\libhal_bsp.a(alt_main.o)
 .comment       0x00000000       0x24 ../Stage3_bsp/\libhal_bsp.a(alt_malloc_lock.o)
 .comment       0x00000000       0x24 ../Stage3_bsp/\libhal_bsp.a(alt_read.o)
 .comment       0x00000000       0x24 ../Stage3_bsp/\libhal_bsp.a(alt_release_fd.o)
 .comment       0x00000000       0x24 ../Stage3_bsp/\libhal_bsp.a(alt_sbrk.o)
 .comment       0x00000000       0x24 ../Stage3_bsp/\libhal_bsp.a(alt_write.o)
 .comment       0x00000000       0x24 ../Stage3_bsp/\libhal_bsp.a(alt_sys_init.o)
 .comment       0x00000000       0x24 ../Stage3_bsp/\libhal_bsp.a(altera_avalon_fifo_util.o)
 .comment       0x00000000       0x24 ../Stage3_bsp/\libhal_bsp.a(altera_avalon_jtag_uart_fd.o)
 .comment       0x00000000       0x24 ../Stage3_bsp/\libhal_bsp.a(altera_avalon_jtag_uart_init.o)
 .comment       0x00000000       0x24 ../Stage3_bsp/\libhal_bsp.a(altera_avalon_jtag_uart_ioctl.o)
 .comment       0x00000000       0x24 ../Stage3_bsp/\libhal_bsp.a(altera_avalon_jtag_uart_read.o)
 .comment       0x00000000       0x24 ../Stage3_bsp/\libhal_bsp.a(altera_avalon_jtag_uart_write.o)
 .comment       0x00000000       0x24 ../Stage3_bsp/\libhal_bsp.a(altera_avalon_timer_sc.o)
 .comment       0x00000000       0x24 ../Stage3_bsp/\libhal_bsp.a(alt_alarm_start.o)
 .comment       0x00000000       0x24 ../Stage3_bsp/\libhal_bsp.a(alt_dcache_flush_all.o)
 .comment       0x00000000       0x24 ../Stage3_bsp/\libhal_bsp.a(alt_dev_llist_insert.o)
 .comment       0x00000000       0x24 ../Stage3_bsp/\libhal_bsp.a(alt_do_ctors.o)
 .comment       0x00000000       0x24 ../Stage3_bsp/\libhal_bsp.a(alt_do_dtors.o)
 .comment       0x00000000       0x24 ../Stage3_bsp/\libhal_bsp.a(alt_icache_flush_all.o)
 .comment       0x00000000       0x24 ../Stage3_bsp/\libhal_bsp.a(alt_iic.o)
 .comment       0x00000000       0x24 ../Stage3_bsp/\libhal_bsp.a(alt_iic_isr_register.o)
 .comment       0x00000000       0x24 ../Stage3_bsp/\libhal_bsp.a(alt_io_redirect.o)
 .comment       0x00000000       0x24 ../Stage3_bsp/\libhal_bsp.a(alt_irq_handler.o)
 .comment       0x00000000       0x24 ../Stage3_bsp/\libhal_bsp.a(alt_irq_vars.o)
 .comment       0x00000000       0x24 ../Stage3_bsp/\libhal_bsp.a(alt_open.o)
 .comment       0x00000000       0x24 ../Stage3_bsp/\libhal_bsp.a(alt_tick.o)
 .comment       0x00000000       0x24 ../Stage3_bsp/\libhal_bsp.a(altera_nios2_qsys_irq.o)
 .comment       0x00000000       0x24 ../Stage3_bsp/\libhal_bsp.a(alt_find_dev.o)
 .comment       0x00000000       0x24 ../Stage3_bsp/\libhal_bsp.a(alt_find_file.o)
 .comment       0x00000000       0x24 ../Stage3_bsp/\libhal_bsp.a(alt_get_fd.o)
 .comment       0x00000000       0x24 ../Stage3_bsp/\libhal_bsp.a(alt_icache_flush.o)
 .comment       0x00000000       0x24 c:/altera/12.1/nios2eds/bin/gnu/h-i686-mingw32/bin/../lib/gcc/nios2-elf/4.1.2/../../../../nios2-elf/lib\libc.a(lib_a-atexit.o)
 .comment       0x00000000       0x24 c:/altera/12.1/nios2eds/bin/gnu/h-i686-mingw32/bin/../lib/gcc/nios2-elf/4.1.2/../../../../nios2-elf/lib\libc.a(lib_a-exit.o)
 .comment       0x00000000       0x24 c:/altera/12.1/nios2eds/bin/gnu/h-i686-mingw32/bin/../lib/gcc/nios2-elf/4.1.2/../../../../nios2-elf/lib\libc.a(lib_a-memcmp.o)
 .comment       0x00000000       0x24 c:/altera/12.1/nios2eds/bin/gnu/h-i686-mingw32/bin/../lib/gcc/nios2-elf/4.1.2/../../../../nios2-elf/lib\libc.a(lib_a-__atexit.o)
 .comment       0x00000000       0x24 c:/altera/12.1/nios2eds/bin/gnu/h-i686-mingw32/bin/../lib/gcc/nios2-elf/4.1.2/../../../../nios2-elf/lib\libc.a(lib_a-__call_atexit.o)
 .comment       0x00000000       0x24 ../Stage3_bsp/\libhal_bsp.a(alt_exit.o)

.debug
 *(.debug)

.line
 *(.line)

.debug_srcinfo
 *(.debug_srcinfo)

.debug_sfnames
 *(.debug_sfnames)

.debug_aranges  0x00000000      0x918
 *(.debug_aranges)
 .debug_aranges
                0x00000000       0x28 ../Stage3_bsp//obj/HAL/src/crt0.o
 .debug_aranges
                0x00000028       0x20 obj/default/quant.o
 .debug_aranges
                0x00000048       0x20 c:/altera/12.1/nios2eds/bin/gnu/h-i686-mingw32/bin/../lib/gcc/nios2-elf/4.1.2/../../../../nios2-elf/lib\libc.a(lib_a-memcpy.o)
 .debug_aranges
                0x00000068       0x20 c:/altera/12.1/nios2eds/bin/gnu/h-i686-mingw32/bin/../lib/gcc/nios2-elf/4.1.2/../../../../nios2-elf/lib\libc.a(lib_a-puts.o)
 .debug_aranges
                0x00000088       0x20 c:/altera/12.1/nios2eds/bin/gnu/h-i686-mingw32/bin/../lib/gcc/nios2-elf/4.1.2/../../../../nios2-elf/lib\libc.a(lib_a-strlen.o)
 .debug_aranges
                0x000000a8       0x20 c:/altera/12.1/nios2eds/bin/gnu/h-i686-mingw32/bin/../lib/gcc/nios2-elf/4.1.2/../../../../nios2-elf/lib\libc.a(lib_a-fvwrite.o)
 .debug_aranges
                0x000000c8       0x20 c:/altera/12.1/nios2eds/bin/gnu/h-i686-mingw32/bin/../lib/gcc/nios2-elf/4.1.2/../../../../nios2-elf/lib\libc.a(lib_a-mallocr.o)
 .debug_aranges
                0x000000e8       0x20 c:/altera/12.1/nios2eds/bin/gnu/h-i686-mingw32/bin/../lib/gcc/nios2-elf/4.1.2/../../../../nios2-elf/lib\libc.a(lib_a-memchr.o)
 .debug_aranges
                0x00000108       0x20 c:/altera/12.1/nios2eds/bin/gnu/h-i686-mingw32/bin/../lib/gcc/nios2-elf/4.1.2/../../../../nios2-elf/lib\libc.a(lib_a-memmove.o)
 .debug_aranges
                0x00000128       0x20 c:/altera/12.1/nios2eds/bin/gnu/h-i686-mingw32/bin/../lib/gcc/nios2-elf/4.1.2/../../../../nios2-elf/lib\libc.a(lib_a-reallocr.o)
 .debug_aranges
                0x00000148       0x20 c:/altera/12.1/nios2eds/bin/gnu/h-i686-mingw32/bin/../lib/gcc/nios2-elf/4.1.2/../../../../nios2-elf/lib\libc.a(lib_a-sbrkr.o)
 .debug_aranges
                0x00000168       0x20 c:/altera/12.1/nios2eds/bin/gnu/h-i686-mingw32/bin/../lib/gcc/nios2-elf/4.1.2/../../../../nios2-elf/lib\libc.a(lib_a-wsetup.o)
 .debug_aranges
                0x00000188       0x20 c:/altera/12.1/nios2eds/bin/gnu/h-i686-mingw32/bin/../lib/gcc/nios2-elf/4.1.2/../../../../nios2-elf/lib\libc.a(lib_a-fflush.o)
 .debug_aranges
                0x000001a8       0x20 c:/altera/12.1/nios2eds/bin/gnu/h-i686-mingw32/bin/../lib/gcc/nios2-elf/4.1.2/../../../../nios2-elf/lib\libc.a(lib_a-findfp.o)
 .debug_aranges
                0x000001c8       0x20 c:/altera/12.1/nios2eds/bin/gnu/h-i686-mingw32/bin/../lib/gcc/nios2-elf/4.1.2/../../../../nios2-elf/lib\libc.a(lib_a-freer.o)
 .debug_aranges
                0x000001e8       0x20 c:/altera/12.1/nios2eds/bin/gnu/h-i686-mingw32/bin/../lib/gcc/nios2-elf/4.1.2/../../../../nios2-elf/lib\libc.a(lib_a-fwalk.o)
 .debug_aranges
                0x00000208       0x20 c:/altera/12.1/nios2eds/bin/gnu/h-i686-mingw32/bin/../lib/gcc/nios2-elf/4.1.2/../../../../nios2-elf/lib\libc.a(lib_a-makebuf.o)
 .debug_aranges
                0x00000228       0x20 c:/altera/12.1/nios2eds/bin/gnu/h-i686-mingw32/bin/../lib/gcc/nios2-elf/4.1.2/../../../../nios2-elf/lib\libc.a(lib_a-memset.o)
 .debug_aranges
                0x00000248       0x20 c:/altera/12.1/nios2eds/bin/gnu/h-i686-mingw32/bin/../lib/gcc/nios2-elf/4.1.2/../../../../nios2-elf/lib\libc.a(lib_a-stdio.o)
 .debug_aranges
                0x00000268       0x20 c:/altera/12.1/nios2eds/bin/gnu/h-i686-mingw32/bin/../lib/gcc/nios2-elf/4.1.2/../../../../nios2-elf/lib\libc.a(lib_a-writer.o)
 .debug_aranges
                0x00000288       0x20 c:/altera/12.1/nios2eds/bin/gnu/h-i686-mingw32/bin/../lib/gcc/nios2-elf/4.1.2/../../../../nios2-elf/lib\libc.a(lib_a-closer.o)
 .debug_aranges
                0x000002a8       0x20 c:/altera/12.1/nios2eds/bin/gnu/h-i686-mingw32/bin/../lib/gcc/nios2-elf/4.1.2/../../../../nios2-elf/lib\libc.a(lib_a-fclose.o)
 .debug_aranges
                0x000002c8       0x20 c:/altera/12.1/nios2eds/bin/gnu/h-i686-mingw32/bin/../lib/gcc/nios2-elf/4.1.2/../../../../nios2-elf/lib\libc.a(lib_a-fstatr.o)
 .debug_aranges
                0x000002e8       0x20 c:/altera/12.1/nios2eds/bin/gnu/h-i686-mingw32/bin/../lib/gcc/nios2-elf/4.1.2/../../../../nios2-elf/lib\libc.a(lib_a-isattyr.o)
 .debug_aranges
                0x00000308       0x20 c:/altera/12.1/nios2eds/bin/gnu/h-i686-mingw32/bin/../lib/gcc/nios2-elf/4.1.2/../../../../nios2-elf/lib\libc.a(lib_a-lseekr.o)
 .debug_aranges
                0x00000328       0x20 c:/altera/12.1/nios2eds/bin/gnu/h-i686-mingw32/bin/../lib/gcc/nios2-elf/4.1.2/../../../../nios2-elf/lib\libc.a(lib_a-readr.o)
 .debug_aranges
                0x00000348       0x20 ../Stage3_bsp/\libhal_bsp.a(alt_close.o)
 .debug_aranges
                0x00000368       0x20 ../Stage3_bsp/\libhal_bsp.a(alt_dev.o)
 .debug_aranges
                0x00000388       0x20 ../Stage3_bsp/\libhal_bsp.a(alt_fstat.o)
 .debug_aranges
                0x000003a8       0x20 ../Stage3_bsp/\libhal_bsp.a(alt_isatty.o)
 .debug_aranges
                0x000003c8       0x20 ../Stage3_bsp/\libhal_bsp.a(alt_load.o)
 .debug_aranges
                0x000003e8       0x20 ../Stage3_bsp/\libhal_bsp.a(alt_lseek.o)
 .debug_aranges
                0x00000408       0x20 ../Stage3_bsp/\libhal_bsp.a(alt_main.o)
 .debug_aranges
                0x00000428       0x20 ../Stage3_bsp/\libhal_bsp.a(alt_malloc_lock.o)
 .debug_aranges
                0x00000448       0x20 ../Stage3_bsp/\libhal_bsp.a(alt_read.o)
 .debug_aranges
                0x00000468       0x20 ../Stage3_bsp/\libhal_bsp.a(alt_release_fd.o)
 .debug_aranges
                0x00000488       0x20 ../Stage3_bsp/\libhal_bsp.a(alt_sbrk.o)
 .debug_aranges
                0x000004a8       0x20 ../Stage3_bsp/\libhal_bsp.a(alt_write.o)
 .debug_aranges
                0x000004c8       0x20 ../Stage3_bsp/\libhal_bsp.a(alt_sys_init.o)
 .debug_aranges
                0x000004e8       0x20 ../Stage3_bsp/\libhal_bsp.a(altera_avalon_fifo_util.o)
 .debug_aranges
                0x00000508       0x20 ../Stage3_bsp/\libhal_bsp.a(altera_avalon_jtag_uart_fd.o)
 .debug_aranges
                0x00000528       0x20 ../Stage3_bsp/\libhal_bsp.a(altera_avalon_jtag_uart_init.o)
 .debug_aranges
                0x00000548       0x20 ../Stage3_bsp/\libhal_bsp.a(altera_avalon_jtag_uart_ioctl.o)
 .debug_aranges
                0x00000568       0x20 ../Stage3_bsp/\libhal_bsp.a(altera_avalon_jtag_uart_read.o)
 .debug_aranges
                0x00000588       0x20 ../Stage3_bsp/\libhal_bsp.a(altera_avalon_jtag_uart_write.o)
 .debug_aranges
                0x000005a8       0x20 ../Stage3_bsp/\libhal_bsp.a(altera_avalon_timer_sc.o)
 .debug_aranges
                0x000005c8       0x20 ../Stage3_bsp/\libhal_bsp.a(alt_alarm_start.o)
 .debug_aranges
                0x000005e8       0x20 ../Stage3_bsp/\libhal_bsp.a(alt_dcache_flush_all.o)
 .debug_aranges
                0x00000608       0x20 ../Stage3_bsp/\libhal_bsp.a(alt_dev_llist_insert.o)
 .debug_aranges
                0x00000628       0x20 ../Stage3_bsp/\libhal_bsp.a(alt_do_ctors.o)
 .debug_aranges
                0x00000648       0x20 ../Stage3_bsp/\libhal_bsp.a(alt_do_dtors.o)
 .debug_aranges
                0x00000668       0x20 ../Stage3_bsp/\libhal_bsp.a(alt_icache_flush_all.o)
 .debug_aranges
                0x00000688       0x20 ../Stage3_bsp/\libhal_bsp.a(alt_iic.o)
 .debug_aranges
                0x000006a8       0x20 ../Stage3_bsp/\libhal_bsp.a(alt_iic_isr_register.o)
 .debug_aranges
                0x000006c8       0x20 ../Stage3_bsp/\libhal_bsp.a(alt_io_redirect.o)
 .debug_aranges
                0x000006e8       0x30 ../Stage3_bsp/\libhal_bsp.a(alt_irq_entry.o)
 .debug_aranges
                0x00000718       0x28 ../Stage3_bsp/\libhal_bsp.a(alt_irq_handler.o)
 .debug_aranges
                0x00000740       0x20 ../Stage3_bsp/\libhal_bsp.a(alt_open.o)
 .debug_aranges
                0x00000760       0x20 ../Stage3_bsp/\libhal_bsp.a(alt_tick.o)
 .debug_aranges
                0x00000780       0x20 ../Stage3_bsp/\libhal_bsp.a(altera_nios2_qsys_irq.o)
 .debug_aranges
                0x000007a0       0x38 ../Stage3_bsp/\libhal_bsp.a(alt_exception_entry.o)
 .debug_aranges
                0x000007d8       0x20 ../Stage3_bsp/\libhal_bsp.a(alt_find_dev.o)
 .debug_aranges
                0x000007f8       0x20 ../Stage3_bsp/\libhal_bsp.a(alt_find_file.o)
 .debug_aranges
                0x00000818       0x20 ../Stage3_bsp/\libhal_bsp.a(alt_get_fd.o)
 .debug_aranges
                0x00000838       0x20 ../Stage3_bsp/\libhal_bsp.a(alt_icache_flush.o)
 .debug_aranges
                0x00000858       0x20 c:/altera/12.1/nios2eds/bin/gnu/h-i686-mingw32/bin/../lib/gcc/nios2-elf/4.1.2/../../../../nios2-elf/lib\libc.a(lib_a-atexit.o)
 .debug_aranges
                0x00000878       0x20 c:/altera/12.1/nios2eds/bin/gnu/h-i686-mingw32/bin/../lib/gcc/nios2-elf/4.1.2/../../../../nios2-elf/lib\libc.a(lib_a-exit.o)
 .debug_aranges
                0x00000898       0x20 c:/altera/12.1/nios2eds/bin/gnu/h-i686-mingw32/bin/../lib/gcc/nios2-elf/4.1.2/../../../../nios2-elf/lib\libc.a(lib_a-memcmp.o)
 .debug_aranges
                0x000008b8       0x20 c:/altera/12.1/nios2eds/bin/gnu/h-i686-mingw32/bin/../lib/gcc/nios2-elf/4.1.2/../../../../nios2-elf/lib\libc.a(lib_a-__atexit.o)
 .debug_aranges
                0x000008d8       0x20 c:/altera/12.1/nios2eds/bin/gnu/h-i686-mingw32/bin/../lib/gcc/nios2-elf/4.1.2/../../../../nios2-elf/lib\libc.a(lib_a-__call_atexit.o)
 .debug_aranges
                0x000008f8       0x20 ../Stage3_bsp/\libhal_bsp.a(alt_exit.o)

.debug_pubnames
                0x00000000     0x104a
 *(.debug_pubnames)
 .debug_pubnames
                0x00000000       0x9c obj/default/quant.o
 .debug_pubnames
                0x0000009c       0x1d c:/altera/12.1/nios2eds/bin/gnu/h-i686-mingw32/bin/../lib/gcc/nios2-elf/4.1.2/../../../../nios2-elf/lib\libc.a(lib_a-memcpy.o)
 .debug_pubnames
                0x000000b9       0x27 c:/altera/12.1/nios2eds/bin/gnu/h-i686-mingw32/bin/../lib/gcc/nios2-elf/4.1.2/../../../../nios2-elf/lib\libc.a(lib_a-puts.o)
 .debug_pubnames
                0x000000e0       0x1d c:/altera/12.1/nios2eds/bin/gnu/h-i686-mingw32/bin/../lib/gcc/nios2-elf/4.1.2/../../../../nios2-elf/lib\libc.a(lib_a-strlen.o)
 .debug_pubnames
                0x000000fd       0x23 c:/altera/12.1/nios2eds/bin/gnu/h-i686-mingw32/bin/../lib/gcc/nios2-elf/4.1.2/../../../../nios2-elf/lib\libc.a(lib_a-fvwrite.o)
 .debug_pubnames
                0x00000120       0x39 c:/altera/12.1/nios2eds/bin/gnu/h-i686-mingw32/bin/../lib/gcc/nios2-elf/4.1.2/../../../../nios2-elf/lib\libc.a(lib_a-impure.o)
 .debug_pubnames
                0x00000159       0xce c:/altera/12.1/nios2eds/bin/gnu/h-i686-mingw32/bin/../lib/gcc/nios2-elf/4.1.2/../../../../nios2-elf/lib\libc.a(lib_a-mallocr.o)
 .debug_pubnames
                0x00000227       0x1d c:/altera/12.1/nios2eds/bin/gnu/h-i686-mingw32/bin/../lib/gcc/nios2-elf/4.1.2/../../../../nios2-elf/lib\libc.a(lib_a-memchr.o)
 .debug_pubnames
                0x00000244       0x1e c:/altera/12.1/nios2eds/bin/gnu/h-i686-mingw32/bin/../lib/gcc/nios2-elf/4.1.2/../../../../nios2-elf/lib\libc.a(lib_a-memmove.o)
 .debug_pubnames
                0x00000262       0x21 c:/altera/12.1/nios2eds/bin/gnu/h-i686-mingw32/bin/../lib/gcc/nios2-elf/4.1.2/../../../../nios2-elf/lib\libc.a(lib_a-reallocr.o)
 .debug_pubnames
                0x00000283       0x1e c:/altera/12.1/nios2eds/bin/gnu/h-i686-mingw32/bin/../lib/gcc/nios2-elf/4.1.2/../../../../nios2-elf/lib\libc.a(lib_a-sbrkr.o)
 .debug_pubnames
                0x000002a1       0x22 c:/altera/12.1/nios2eds/bin/gnu/h-i686-mingw32/bin/../lib/gcc/nios2-elf/4.1.2/../../../../nios2-elf/lib\libc.a(lib_a-wsetup.o)
 .debug_pubnames
                0x000002c3       0x2b c:/altera/12.1/nios2eds/bin/gnu/h-i686-mingw32/bin/../lib/gcc/nios2-elf/4.1.2/../../../../nios2-elf/lib\libc.a(lib_a-fflush.o)
 .debug_pubnames
                0x000002ee       0xdb c:/altera/12.1/nios2eds/bin/gnu/h-i686-mingw32/bin/../lib/gcc/nios2-elf/4.1.2/../../../../nios2-elf/lib\libc.a(lib_a-findfp.o)
 .debug_pubnames
                0x000003c9       0x31 c:/altera/12.1/nios2eds/bin/gnu/h-i686-mingw32/bin/../lib/gcc/nios2-elf/4.1.2/../../../../nios2-elf/lib\libc.a(lib_a-freer.o)
 .debug_pubnames
                0x000003fa       0x2e c:/altera/12.1/nios2eds/bin/gnu/h-i686-mingw32/bin/../lib/gcc/nios2-elf/4.1.2/../../../../nios2-elf/lib\libc.a(lib_a-fwalk.o)
 .debug_pubnames
                0x00000428       0x1c c:/altera/12.1/nios2eds/bin/gnu/h-i686-mingw32/bin/../lib/gcc/nios2-elf/4.1.2/../../../../nios2-elf/lib\libc.a(lib_a-int_errno.o)
 .debug_pubnames
                0x00000444       0x23 c:/altera/12.1/nios2eds/bin/gnu/h-i686-mingw32/bin/../lib/gcc/nios2-elf/4.1.2/../../../../nios2-elf/lib\libc.a(lib_a-makebuf.o)
 .debug_pubnames
                0x00000467       0x1d c:/altera/12.1/nios2eds/bin/gnu/h-i686-mingw32/bin/../lib/gcc/nios2-elf/4.1.2/../../../../nios2-elf/lib\libc.a(lib_a-memset.o)
 .debug_pubnames
                0x00000484       0x44 c:/altera/12.1/nios2eds/bin/gnu/h-i686-mingw32/bin/../lib/gcc/nios2-elf/4.1.2/../../../../nios2-elf/lib\libc.a(lib_a-stdio.o)
 .debug_pubnames
                0x000004c8       0x1f c:/altera/12.1/nios2eds/bin/gnu/h-i686-mingw32/bin/../lib/gcc/nios2-elf/4.1.2/../../../../nios2-elf/lib\libc.a(lib_a-writer.o)
 .debug_pubnames
                0x000004e7       0x1f c:/altera/12.1/nios2eds/bin/gnu/h-i686-mingw32/bin/../lib/gcc/nios2-elf/4.1.2/../../../../nios2-elf/lib\libc.a(lib_a-closer.o)
 .debug_pubnames
                0x00000506       0x2b c:/altera/12.1/nios2eds/bin/gnu/h-i686-mingw32/bin/../lib/gcc/nios2-elf/4.1.2/../../../../nios2-elf/lib\libc.a(lib_a-fclose.o)
 .debug_pubnames
                0x00000531       0x1f c:/altera/12.1/nios2eds/bin/gnu/h-i686-mingw32/bin/../lib/gcc/nios2-elf/4.1.2/../../../../nios2-elf/lib\libc.a(lib_a-fstatr.o)
 .debug_pubnames
                0x00000550       0x20 c:/altera/12.1/nios2eds/bin/gnu/h-i686-mingw32/bin/../lib/gcc/nios2-elf/4.1.2/../../../../nios2-elf/lib\libc.a(lib_a-isattyr.o)
 .debug_pubnames
                0x00000570       0x1f c:/altera/12.1/nios2eds/bin/gnu/h-i686-mingw32/bin/../lib/gcc/nios2-elf/4.1.2/../../../../nios2-elf/lib\libc.a(lib_a-lseekr.o)
 .debug_pubnames
                0x0000058f       0x1e c:/altera/12.1/nios2eds/bin/gnu/h-i686-mingw32/bin/../lib/gcc/nios2-elf/4.1.2/../../../../nios2-elf/lib\libc.a(lib_a-readr.o)
 .debug_pubnames
                0x000005ad       0x1c ../Stage3_bsp/\libhal_bsp.a(alt_close.o)
 .debug_pubnames
                0x000005c9       0x63 ../Stage3_bsp/\libhal_bsp.a(alt_dev.o)
 .debug_pubnames
                0x0000062c       0x20 ../Stage3_bsp/\libhal_bsp.a(alt_errno.o)
 .debug_pubnames
                0x0000064c       0x1c ../Stage3_bsp/\libhal_bsp.a(alt_fstat.o)
 .debug_pubnames
                0x00000668       0x1d ../Stage3_bsp/\libhal_bsp.a(alt_isatty.o)
 .debug_pubnames
                0x00000685       0x1f ../Stage3_bsp/\libhal_bsp.a(alt_load.o)
 .debug_pubnames
                0x000006a4       0x1c ../Stage3_bsp/\libhal_bsp.a(alt_lseek.o)
 .debug_pubnames
                0x000006c0       0x46 ../Stage3_bsp/\libhal_bsp.a(alt_main.o)
 .debug_pubnames
                0x00000706       0x38 ../Stage3_bsp/\libhal_bsp.a(alt_malloc_lock.o)
 .debug_pubnames
                0x0000073e       0x1b ../Stage3_bsp/\libhal_bsp.a(alt_read.o)
 .debug_pubnames
                0x00000759       0x25 ../Stage3_bsp/\libhal_bsp.a(alt_release_fd.o)
 .debug_pubnames
                0x0000077e       0x1b ../Stage3_bsp/\libhal_bsp.a(alt_sbrk.o)
 .debug_pubnames
                0x00000799       0x1c ../Stage3_bsp/\libhal_bsp.a(alt_write.o)
 .debug_pubnames
                0x000007b5       0x34 ../Stage3_bsp/\libhal_bsp.a(alt_sys_init.o)
 .debug_pubnames
                0x000007e9      0x278 ../Stage3_bsp/\libhal_bsp.a(altera_avalon_fifo_util.o)
 .debug_pubnames
                0x00000a61       0xa5 ../Stage3_bsp/\libhal_bsp.a(altera_avalon_jtag_uart_fd.o)
 .debug_pubnames
                0x00000b06       0x55 ../Stage3_bsp/\libhal_bsp.a(altera_avalon_jtag_uart_init.o)
 .debug_pubnames
                0x00000b5b       0x34 ../Stage3_bsp/\libhal_bsp.a(altera_avalon_jtag_uart_ioctl.o)
 .debug_pubnames
                0x00000b8f       0x33 ../Stage3_bsp/\libhal_bsp.a(altera_avalon_jtag_uart_read.o)
 .debug_pubnames
                0x00000bc2       0x34 ../Stage3_bsp/\libhal_bsp.a(altera_avalon_jtag_uart_write.o)
 .debug_pubnames
                0x00000bf6       0x2f ../Stage3_bsp/\libhal_bsp.a(altera_avalon_timer_sc.o)
 .debug_pubnames
                0x00000c25       0x26 ../Stage3_bsp/\libhal_bsp.a(alt_alarm_start.o)
 .debug_pubnames
                0x00000c4b       0x2b ../Stage3_bsp/\libhal_bsp.a(alt_dcache_flush_all.o)
 .debug_pubnames
                0x00000c76       0x2b ../Stage3_bsp/\libhal_bsp.a(alt_dev_llist_insert.o)
 .debug_pubnames
                0x00000ca1       0x20 ../Stage3_bsp/\libhal_bsp.a(alt_do_ctors.o)
 .debug_pubnames
                0x00000cc1       0x20 ../Stage3_bsp/\libhal_bsp.a(alt_do_dtors.o)
 .debug_pubnames
                0x00000ce1       0x2b ../Stage3_bsp/\libhal_bsp.a(alt_icache_flush_all.o)
 .debug_pubnames
                0x00000d0c       0x6e ../Stage3_bsp/\libhal_bsp.a(alt_iic.o)
 .debug_pubnames
                0x00000d7a       0x2b ../Stage3_bsp/\libhal_bsp.a(alt_iic_isr_register.o)
 .debug_pubnames
                0x00000da5       0x26 ../Stage3_bsp/\libhal_bsp.a(alt_io_redirect.o)
 .debug_pubnames
                0x00000dcb       0x32 ../Stage3_bsp/\libhal_bsp.a(alt_irq_handler.o)
 .debug_pubnames
                0x00000dfd       0x3b ../Stage3_bsp/\libhal_bsp.a(alt_irq_vars.o)
 .debug_pubnames
                0x00000e38       0x1b ../Stage3_bsp/\libhal_bsp.a(alt_open.o)
 .debug_pubnames
                0x00000e53       0x68 ../Stage3_bsp/\libhal_bsp.a(alt_tick.o)
 .debug_pubnames
                0x00000ebb       0x31 ../Stage3_bsp/\libhal_bsp.a(altera_nios2_qsys_irq.o)
 .debug_pubnames
                0x00000eec       0x23 ../Stage3_bsp/\libhal_bsp.a(alt_find_dev.o)
 .debug_pubnames
                0x00000f0f       0x24 ../Stage3_bsp/\libhal_bsp.a(alt_find_file.o)
 .debug_pubnames
                0x00000f33       0x21 ../Stage3_bsp/\libhal_bsp.a(alt_get_fd.o)
 .debug_pubnames
                0x00000f54       0x27 ../Stage3_bsp/\libhal_bsp.a(alt_icache_flush.o)
 .debug_pubnames
                0x00000f7b       0x2a c:/altera/12.1/nios2eds/bin/gnu/h-i686-mingw32/bin/../lib/gcc/nios2-elf/4.1.2/../../../../nios2-elf/lib\libc.a(lib_a-atexit.o)
 .debug_pubnames
                0x00000fa5       0x1b c:/altera/12.1/nios2eds/bin/gnu/h-i686-mingw32/bin/../lib/gcc/nios2-elf/4.1.2/../../../../nios2-elf/lib\libc.a(lib_a-exit.o)
 .debug_pubnames
                0x00000fc0       0x1d c:/altera/12.1/nios2eds/bin/gnu/h-i686-mingw32/bin/../lib/gcc/nios2-elf/4.1.2/../../../../nios2-elf/lib\libc.a(lib_a-memcmp.o)
 .debug_pubnames
                0x00000fdd       0x2a c:/altera/12.1/nios2eds/bin/gnu/h-i686-mingw32/bin/../lib/gcc/nios2-elf/4.1.2/../../../../nios2-elf/lib\libc.a(lib_a-__atexit.o)
 .debug_pubnames
                0x00001007       0x27 c:/altera/12.1/nios2eds/bin/gnu/h-i686-mingw32/bin/../lib/gcc/nios2-elf/4.1.2/../../../../nios2-elf/lib\libc.a(lib_a-__call_atexit.o)
 .debug_pubnames
                0x0000102e       0x1c ../Stage3_bsp/\libhal_bsp.a(alt_exit.o)

.debug_info     0x00000000    0x1a2cc
 *(.debug_info .gnu.linkonce.wi.*)
 .debug_info    0x00000000       0x7a ../Stage3_bsp//obj/HAL/src/crt0.o
 .debug_info    0x0000007a      0x3e7 obj/default/quant.o
 .debug_info    0x00000461      0x106 c:/altera/12.1/nios2eds/bin/gnu/h-i686-mingw32/bin/../lib/gcc/nios2-elf/4.1.2/../../../../nios2-elf/lib\libc.a(lib_a-memcpy.o)
 .debug_info    0x00000567      0xa25 c:/altera/12.1/nios2eds/bin/gnu/h-i686-mingw32/bin/../lib/gcc/nios2-elf/4.1.2/../../../../nios2-elf/lib\libc.a(lib_a-puts.o)
 .debug_info    0x00000f8c       0xdb c:/altera/12.1/nios2eds/bin/gnu/h-i686-mingw32/bin/../lib/gcc/nios2-elf/4.1.2/../../../../nios2-elf/lib\libc.a(lib_a-strlen.o)
 .debug_info    0x00001067      0xa88 c:/altera/12.1/nios2eds/bin/gnu/h-i686-mingw32/bin/../lib/gcc/nios2-elf/4.1.2/../../../../nios2-elf/lib\libc.a(lib_a-fvwrite.o)
 .debug_info    0x00001aef      0x93d c:/altera/12.1/nios2eds/bin/gnu/h-i686-mingw32/bin/../lib/gcc/nios2-elf/4.1.2/../../../../nios2-elf/lib\libc.a(lib_a-impure.o)
 .debug_info    0x0000242c      0xcd0 c:/altera/12.1/nios2eds/bin/gnu/h-i686-mingw32/bin/../lib/gcc/nios2-elf/4.1.2/../../../../nios2-elf/lib\libc.a(lib_a-mallocr.o)
 .debug_info    0x000030fc      0x138 c:/altera/12.1/nios2eds/bin/gnu/h-i686-mingw32/bin/../lib/gcc/nios2-elf/4.1.2/../../../../nios2-elf/lib\libc.a(lib_a-memchr.o)
 .debug_info    0x00003234      0x13e c:/altera/12.1/nios2eds/bin/gnu/h-i686-mingw32/bin/../lib/gcc/nios2-elf/4.1.2/../../../../nios2-elf/lib\libc.a(lib_a-memmove.o)
 .debug_info    0x00003372      0xbd7 c:/altera/12.1/nios2eds/bin/gnu/h-i686-mingw32/bin/../lib/gcc/nios2-elf/4.1.2/../../../../nios2-elf/lib\libc.a(lib_a-reallocr.o)
 .debug_info    0x00003f49      0x962 c:/altera/12.1/nios2eds/bin/gnu/h-i686-mingw32/bin/../lib/gcc/nios2-elf/4.1.2/../../../../nios2-elf/lib\libc.a(lib_a-sbrkr.o)
 .debug_info    0x000048ab      0x95d c:/altera/12.1/nios2eds/bin/gnu/h-i686-mingw32/bin/../lib/gcc/nios2-elf/4.1.2/../../../../nios2-elf/lib\libc.a(lib_a-wsetup.o)
 .debug_info    0x00005208      0x9fe c:/altera/12.1/nios2eds/bin/gnu/h-i686-mingw32/bin/../lib/gcc/nios2-elf/4.1.2/../../../../nios2-elf/lib\libc.a(lib_a-fflush.o)
 .debug_info    0x00005c06      0xb72 c:/altera/12.1/nios2eds/bin/gnu/h-i686-mingw32/bin/../lib/gcc/nios2-elf/4.1.2/../../../../nios2-elf/lib\libc.a(lib_a-findfp.o)
 .debug_info    0x00006778      0xbc9 c:/altera/12.1/nios2eds/bin/gnu/h-i686-mingw32/bin/../lib/gcc/nios2-elf/4.1.2/../../../../nios2-elf/lib\libc.a(lib_a-freer.o)
 .debug_info    0x00007341      0xaed c:/altera/12.1/nios2eds/bin/gnu/h-i686-mingw32/bin/../lib/gcc/nios2-elf/4.1.2/../../../../nios2-elf/lib\libc.a(lib_a-fwalk.o)
 .debug_info    0x00007e2e       0x8c c:/altera/12.1/nios2eds/bin/gnu/h-i686-mingw32/bin/../lib/gcc/nios2-elf/4.1.2/../../../../nios2-elf/lib\libc.a(lib_a-int_errno.o)
 .debug_info    0x00007eba      0xb1a c:/altera/12.1/nios2eds/bin/gnu/h-i686-mingw32/bin/../lib/gcc/nios2-elf/4.1.2/../../../../nios2-elf/lib\libc.a(lib_a-makebuf.o)
 .debug_info    0x000089d4      0x113 c:/altera/12.1/nios2eds/bin/gnu/h-i686-mingw32/bin/../lib/gcc/nios2-elf/4.1.2/../../../../nios2-elf/lib\libc.a(lib_a-memset.o)
 .debug_info    0x00008ae7      0xaac c:/altera/12.1/nios2eds/bin/gnu/h-i686-mingw32/bin/../lib/gcc/nios2-elf/4.1.2/../../../../nios2-elf/lib\libc.a(lib_a-stdio.o)
 .debug_info    0x00009593      0x993 c:/altera/12.1/nios2eds/bin/gnu/h-i686-mingw32/bin/../lib/gcc/nios2-elf/4.1.2/../../../../nios2-elf/lib\libc.a(lib_a-writer.o)
 .debug_info    0x00009f26      0x958 c:/altera/12.1/nios2eds/bin/gnu/h-i686-mingw32/bin/../lib/gcc/nios2-elf/4.1.2/../../../../nios2-elf/lib\libc.a(lib_a-closer.o)
 .debug_info    0x0000a87e      0x994 c:/altera/12.1/nios2eds/bin/gnu/h-i686-mingw32/bin/../lib/gcc/nios2-elf/4.1.2/../../../../nios2-elf/lib\libc.a(lib_a-fclose.o)
 .debug_info    0x0000b212      0xafc c:/altera/12.1/nios2eds/bin/gnu/h-i686-mingw32/bin/../lib/gcc/nios2-elf/4.1.2/../../../../nios2-elf/lib\libc.a(lib_a-fstatr.o)
 .debug_info    0x0000bd0e      0x958 c:/altera/12.1/nios2eds/bin/gnu/h-i686-mingw32/bin/../lib/gcc/nios2-elf/4.1.2/../../../../nios2-elf/lib\libc.a(lib_a-isattyr.o)
 .debug_info    0x0000c666      0x981 c:/altera/12.1/nios2eds/bin/gnu/h-i686-mingw32/bin/../lib/gcc/nios2-elf/4.1.2/../../../../nios2-elf/lib\libc.a(lib_a-lseekr.o)
 .debug_info    0x0000cfe7      0x98c c:/altera/12.1/nios2eds/bin/gnu/h-i686-mingw32/bin/../lib/gcc/nios2-elf/4.1.2/../../../../nios2-elf/lib\libc.a(lib_a-readr.o)
 .debug_info    0x0000d973      0x466 ../Stage3_bsp/\libhal_bsp.a(alt_close.o)
 .debug_info    0x0000ddd9      0x67e ../Stage3_bsp/\libhal_bsp.a(alt_dev.o)
 .debug_info    0x0000e457      0x163 ../Stage3_bsp/\libhal_bsp.a(alt_errno.o)
 .debug_info    0x0000e5ba      0x65f ../Stage3_bsp/\libhal_bsp.a(alt_fstat.o)
 .debug_info    0x0000ec19      0x665 ../Stage3_bsp/\libhal_bsp.a(alt_isatty.o)
 .debug_info    0x0000f27e      0x28c ../Stage3_bsp/\libhal_bsp.a(alt_load.o)
 .debug_info    0x0000f50a      0x499 ../Stage3_bsp/\libhal_bsp.a(alt_lseek.o)
 .debug_info    0x0000f9a3      0x224 ../Stage3_bsp/\libhal_bsp.a(alt_main.o)
 .debug_info    0x0000fbc7      0xc17 ../Stage3_bsp/\libhal_bsp.a(alt_malloc_lock.o)
 .debug_info    0x000107de      0x689 ../Stage3_bsp/\libhal_bsp.a(alt_read.o)
 .debug_info    0x00010e67      0x3f1 ../Stage3_bsp/\libhal_bsp.a(alt_release_fd.o)
 .debug_info    0x00011258      0x2b6 ../Stage3_bsp/\libhal_bsp.a(alt_sbrk.o)
 .debug_info    0x0001150e      0x692 ../Stage3_bsp/\libhal_bsp.a(alt_write.o)
 .debug_info    0x00011ba0      0x721 ../Stage3_bsp/\libhal_bsp.a(alt_sys_init.o)
 .debug_info    0x000122c1      0x765 ../Stage3_bsp/\libhal_bsp.a(altera_avalon_fifo_util.o)
 .debug_info    0x00012a26      0x7d8 ../Stage3_bsp/\libhal_bsp.a(altera_avalon_jtag_uart_fd.o)
 .debug_info    0x000131fe      0x600 ../Stage3_bsp/\libhal_bsp.a(altera_avalon_jtag_uart_init.o)
 .debug_info    0x000137fe      0x442 ../Stage3_bsp/\libhal_bsp.a(altera_avalon_jtag_uart_ioctl.o)
 .debug_info    0x00013c40      0x545 ../Stage3_bsp/\libhal_bsp.a(altera_avalon_jtag_uart_read.o)
 .debug_info    0x00014185      0x53d ../Stage3_bsp/\libhal_bsp.a(altera_avalon_jtag_uart_write.o)
 .debug_info    0x000146c2      0x38a ../Stage3_bsp/\libhal_bsp.a(altera_avalon_timer_sc.o)
 .debug_info    0x00014a4c      0x441 ../Stage3_bsp/\libhal_bsp.a(alt_alarm_start.o)
 .debug_info    0x00014e8d      0x15b ../Stage3_bsp/\libhal_bsp.a(alt_dcache_flush_all.o)
 .debug_info    0x00014fe8      0x2b6 ../Stage3_bsp/\libhal_bsp.a(alt_dev_llist_insert.o)
 .debug_info    0x0001529e      0x10e ../Stage3_bsp/\libhal_bsp.a(alt_do_ctors.o)
 .debug_info    0x000153ac      0x10d ../Stage3_bsp/\libhal_bsp.a(alt_do_dtors.o)
 .debug_info    0x000154b9      0x15b ../Stage3_bsp/\libhal_bsp.a(alt_icache_flush_all.o)
 .debug_info    0x00015614      0x492 ../Stage3_bsp/\libhal_bsp.a(alt_iic.o)
 .debug_info    0x00015aa6      0x313 ../Stage3_bsp/\libhal_bsp.a(alt_iic_isr_register.o)
 .debug_info    0x00015db9      0x694 ../Stage3_bsp/\libhal_bsp.a(alt_io_redirect.o)
 .debug_info    0x0001644d       0x83 ../Stage3_bsp/\libhal_bsp.a(alt_irq_entry.o)
 .debug_info    0x000164d0      0x274 ../Stage3_bsp/\libhal_bsp.a(alt_irq_handler.o)
 .debug_info    0x00016744      0x166 ../Stage3_bsp/\libhal_bsp.a(alt_irq_vars.o)
 .debug_info    0x000168aa      0x524 ../Stage3_bsp/\libhal_bsp.a(alt_open.o)
 .debug_info    0x00016dce      0x3fd ../Stage3_bsp/\libhal_bsp.a(alt_tick.o)
 .debug_info    0x000171cb      0x162 ../Stage3_bsp/\libhal_bsp.a(altera_nios2_qsys_irq.o)
 .debug_info    0x0001732d       0x89 ../Stage3_bsp/\libhal_bsp.a(alt_exception_entry.o)
 .debug_info    0x000173b6      0x417 ../Stage3_bsp/\libhal_bsp.a(alt_find_dev.o)
 .debug_info    0x000177cd      0x41e ../Stage3_bsp/\libhal_bsp.a(alt_find_file.o)
 .debug_info    0x00017beb      0x45f ../Stage3_bsp/\libhal_bsp.a(alt_get_fd.o)
 .debug_info    0x0001804a      0x1a3 ../Stage3_bsp/\libhal_bsp.a(alt_icache_flush.o)
 .debug_info    0x000181ed      0x181 c:/altera/12.1/nios2eds/bin/gnu/h-i686-mingw32/bin/../lib/gcc/nios2-elf/4.1.2/../../../../nios2-elf/lib\libc.a(lib_a-atexit.o)
 .debug_info    0x0001836e      0x93f c:/altera/12.1/nios2eds/bin/gnu/h-i686-mingw32/bin/../lib/gcc/nios2-elf/4.1.2/../../../../nios2-elf/lib\libc.a(lib_a-exit.o)
 .debug_info    0x00018cad      0x115 c:/altera/12.1/nios2eds/bin/gnu/h-i686-mingw32/bin/../lib/gcc/nios2-elf/4.1.2/../../../../nios2-elf/lib\libc.a(lib_a-memcmp.o)
 .debug_info    0x00018dc2      0x99c c:/altera/12.1/nios2eds/bin/gnu/h-i686-mingw32/bin/../lib/gcc/nios2-elf/4.1.2/../../../../nios2-elf/lib\libc.a(lib_a-__atexit.o)
 .debug_info    0x0001975e      0x9e2 c:/altera/12.1/nios2eds/bin/gnu/h-i686-mingw32/bin/../lib/gcc/nios2-elf/4.1.2/../../../../nios2-elf/lib\libc.a(lib_a-__call_atexit.o)
 .debug_info    0x0001a140      0x18c ../Stage3_bsp/\libhal_bsp.a(alt_exit.o)

.debug_abbrev   0x00000000     0x5024
 *(.debug_abbrev)
 .debug_abbrev  0x00000000       0x12 ../Stage3_bsp//obj/HAL/src/crt0.o
 .debug_abbrev  0x00000012       0xc1 obj/default/quant.o
 .debug_abbrev  0x000000d3       0xb5 c:/altera/12.1/nios2eds/bin/gnu/h-i686-mingw32/bin/../lib/gcc/nios2-elf/4.1.2/../../../../nios2-elf/lib\libc.a(lib_a-memcpy.o)
 .debug_abbrev  0x00000188      0x1ac c:/altera/12.1/nios2eds/bin/gnu/h-i686-mingw32/bin/../lib/gcc/nios2-elf/4.1.2/../../../../nios2-elf/lib\libc.a(lib_a-puts.o)
 .debug_abbrev  0x00000334       0x8b c:/altera/12.1/nios2eds/bin/gnu/h-i686-mingw32/bin/../lib/gcc/nios2-elf/4.1.2/../../../../nios2-elf/lib\libc.a(lib_a-strlen.o)
 .debug_abbrev  0x000003bf      0x1a3 c:/altera/12.1/nios2eds/bin/gnu/h-i686-mingw32/bin/../lib/gcc/nios2-elf/4.1.2/../../../../nios2-elf/lib\libc.a(lib_a-fvwrite.o)
 .debug_abbrev  0x00000562      0x157 c:/altera/12.1/nios2eds/bin/gnu/h-i686-mingw32/bin/../lib/gcc/nios2-elf/4.1.2/../../../../nios2-elf/lib\libc.a(lib_a-impure.o)
 .debug_abbrev  0x000006b9      0x216 c:/altera/12.1/nios2eds/bin/gnu/h-i686-mingw32/bin/../lib/gcc/nios2-elf/4.1.2/../../../../nios2-elf/lib\libc.a(lib_a-mallocr.o)
 .debug_abbrev  0x000008cf       0xb5 c:/altera/12.1/nios2eds/bin/gnu/h-i686-mingw32/bin/../lib/gcc/nios2-elf/4.1.2/../../../../nios2-elf/lib\libc.a(lib_a-memchr.o)
 .debug_abbrev  0x00000984       0xb5 c:/altera/12.1/nios2eds/bin/gnu/h-i686-mingw32/bin/../lib/gcc/nios2-elf/4.1.2/../../../../nios2-elf/lib\libc.a(lib_a-memmove.o)
 .debug_abbrev  0x00000a39      0x1c3 c:/altera/12.1/nios2eds/bin/gnu/h-i686-mingw32/bin/../lib/gcc/nios2-elf/4.1.2/../../../../nios2-elf/lib\libc.a(lib_a-reallocr.o)
 .debug_abbrev  0x00000bfc      0x18c c:/altera/12.1/nios2eds/bin/gnu/h-i686-mingw32/bin/../lib/gcc/nios2-elf/4.1.2/../../../../nios2-elf/lib\libc.a(lib_a-sbrkr.o)
 .debug_abbrev  0x00000d88      0x170 c:/altera/12.1/nios2eds/bin/gnu/h-i686-mingw32/bin/../lib/gcc/nios2-elf/4.1.2/../../../../nios2-elf/lib\libc.a(lib_a-wsetup.o)
 .debug_abbrev  0x00000ef8      0x1c6 c:/altera/12.1/nios2eds/bin/gnu/h-i686-mingw32/bin/../lib/gcc/nios2-elf/4.1.2/../../../../nios2-elf/lib\libc.a(lib_a-fflush.o)
 .debug_abbrev  0x000010be      0x24c c:/altera/12.1/nios2eds/bin/gnu/h-i686-mingw32/bin/../lib/gcc/nios2-elf/4.1.2/../../../../nios2-elf/lib\libc.a(lib_a-findfp.o)
 .debug_abbrev  0x0000130a      0x1d9 c:/altera/12.1/nios2eds/bin/gnu/h-i686-mingw32/bin/../lib/gcc/nios2-elf/4.1.2/../../../../nios2-elf/lib\libc.a(lib_a-freer.o)
 .debug_abbrev  0x000014e3      0x1e3 c:/altera/12.1/nios2eds/bin/gnu/h-i686-mingw32/bin/../lib/gcc/nios2-elf/4.1.2/../../../../nios2-elf/lib\libc.a(lib_a-fwalk.o)
 .debug_abbrev  0x000016c6       0x3b c:/altera/12.1/nios2eds/bin/gnu/h-i686-mingw32/bin/../lib/gcc/nios2-elf/4.1.2/../../../../nios2-elf/lib\libc.a(lib_a-int_errno.o)
 .debug_abbrev  0x00001701      0x197 c:/altera/12.1/nios2eds/bin/gnu/h-i686-mingw32/bin/../lib/gcc/nios2-elf/4.1.2/../../../../nios2-elf/lib\libc.a(lib_a-makebuf.o)
 .debug_abbrev  0x00001898       0xb8 c:/altera/12.1/nios2eds/bin/gnu/h-i686-mingw32/bin/../lib/gcc/nios2-elf/4.1.2/../../../../nios2-elf/lib\libc.a(lib_a-memset.o)
 .debug_abbrev  0x00001950      0x1c9 c:/altera/12.1/nios2eds/bin/gnu/h-i686-mingw32/bin/../lib/gcc/nios2-elf/4.1.2/../../../../nios2-elf/lib\libc.a(lib_a-stdio.o)
 .debug_abbrev  0x00001b19      0x184 c:/altera/12.1/nios2eds/bin/gnu/h-i686-mingw32/bin/../lib/gcc/nios2-elf/4.1.2/../../../../nios2-elf/lib\libc.a(lib_a-writer.o)
 .debug_abbrev  0x00001c9d      0x17f c:/altera/12.1/nios2eds/bin/gnu/h-i686-mingw32/bin/../lib/gcc/nios2-elf/4.1.2/../../../../nios2-elf/lib\libc.a(lib_a-closer.o)
 .debug_abbrev  0x00001e1c      0x1a7 c:/altera/12.1/nios2eds/bin/gnu/h-i686-mingw32/bin/../lib/gcc/nios2-elf/4.1.2/../../../../nios2-elf/lib\libc.a(lib_a-fclose.o)
 .debug_abbrev  0x00001fc3      0x18e c:/altera/12.1/nios2eds/bin/gnu/h-i686-mingw32/bin/../lib/gcc/nios2-elf/4.1.2/../../../../nios2-elf/lib\libc.a(lib_a-fstatr.o)
 .debug_abbrev  0x00002151      0x17f c:/altera/12.1/nios2eds/bin/gnu/h-i686-mingw32/bin/../lib/gcc/nios2-elf/4.1.2/../../../../nios2-elf/lib\libc.a(lib_a-isattyr.o)
 .debug_abbrev  0x000022d0      0x18e c:/altera/12.1/nios2eds/bin/gnu/h-i686-mingw32/bin/../lib/gcc/nios2-elf/4.1.2/../../../../nios2-elf/lib\libc.a(lib_a-lseekr.o)
 .debug_abbrev  0x0000245e      0x17f c:/altera/12.1/nios2eds/bin/gnu/h-i686-mingw32/bin/../lib/gcc/nios2-elf/4.1.2/../../../../nios2-elf/lib\libc.a(lib_a-readr.o)
 .debug_abbrev  0x000025dd       0xfb ../Stage3_bsp/\libhal_bsp.a(alt_close.o)
 .debug_abbrev  0x000026d8       0xc7 ../Stage3_bsp/\libhal_bsp.a(alt_dev.o)
 .debug_abbrev  0x0000279f       0x5e ../Stage3_bsp/\libhal_bsp.a(alt_errno.o)
 .debug_abbrev  0x000027fd       0xfb ../Stage3_bsp/\libhal_bsp.a(alt_fstat.o)
 .debug_abbrev  0x000028f8       0xfb ../Stage3_bsp/\libhal_bsp.a(alt_isatty.o)
 .debug_abbrev  0x000029f3       0x88 ../Stage3_bsp/\libhal_bsp.a(alt_load.o)
 .debug_abbrev  0x00002a7b       0xfb ../Stage3_bsp/\libhal_bsp.a(alt_lseek.o)
 .debug_abbrev  0x00002b76       0xb7 ../Stage3_bsp/\libhal_bsp.a(alt_main.o)
 .debug_abbrev  0x00002c2d      0x181 ../Stage3_bsp/\libhal_bsp.a(alt_malloc_lock.o)
 .debug_abbrev  0x00002dae       0xfb ../Stage3_bsp/\libhal_bsp.a(alt_read.o)
 .debug_abbrev  0x00002ea9       0xc1 ../Stage3_bsp/\libhal_bsp.a(alt_release_fd.o)
 .debug_abbrev  0x00002f6a      0x115 ../Stage3_bsp/\libhal_bsp.a(alt_sbrk.o)
 .debug_abbrev  0x0000307f      0x100 ../Stage3_bsp/\libhal_bsp.a(alt_write.o)
 .debug_abbrev  0x0000317f      0x142 ../Stage3_bsp/\libhal_bsp.a(alt_sys_init.o)
 .debug_abbrev  0x000032c1       0xa0 ../Stage3_bsp/\libhal_bsp.a(altera_avalon_fifo_util.o)
 .debug_abbrev  0x00003361       0xf7 ../Stage3_bsp/\libhal_bsp.a(altera_avalon_jtag_uart_fd.o)
 .debug_abbrev  0x00003458      0x17c ../Stage3_bsp/\libhal_bsp.a(altera_avalon_jtag_uart_init.o)
 .debug_abbrev  0x000035d4       0xf0 ../Stage3_bsp/\libhal_bsp.a(altera_avalon_jtag_uart_ioctl.o)
 .debug_abbrev  0x000036c4      0x191 ../Stage3_bsp/\libhal_bsp.a(altera_avalon_jtag_uart_read.o)
 .debug_abbrev  0x00003855      0x18d ../Stage3_bsp/\libhal_bsp.a(altera_avalon_jtag_uart_write.o)
 .debug_abbrev  0x000039e2      0x137 ../Stage3_bsp/\libhal_bsp.a(altera_avalon_timer_sc.o)
 .debug_abbrev  0x00003b19      0x172 ../Stage3_bsp/\libhal_bsp.a(alt_alarm_start.o)
 .debug_abbrev  0x00003c8b       0x3f ../Stage3_bsp/\libhal_bsp.a(alt_dcache_flush_all.o)
 .debug_abbrev  0x00003cca       0xf6 ../Stage3_bsp/\libhal_bsp.a(alt_dev_llist_insert.o)
 .debug_abbrev  0x00003dc0       0x76 ../Stage3_bsp/\libhal_bsp.a(alt_do_ctors.o)
 .debug_abbrev  0x00003e36       0x76 ../Stage3_bsp/\libhal_bsp.a(alt_do_dtors.o)
 .debug_abbrev  0x00003eac       0x3f ../Stage3_bsp/\libhal_bsp.a(alt_icache_flush_all.o)
 .debug_abbrev  0x00003eeb      0x134 ../Stage3_bsp/\libhal_bsp.a(alt_iic.o)
 .debug_abbrev  0x0000401f      0x14e ../Stage3_bsp/\libhal_bsp.a(alt_iic_isr_register.o)
 .debug_abbrev  0x0000416d       0xf0 ../Stage3_bsp/\libhal_bsp.a(alt_io_redirect.o)
 .debug_abbrev  0x0000425d       0x12 ../Stage3_bsp/\libhal_bsp.a(alt_irq_entry.o)
 .debug_abbrev  0x0000426f      0x10c ../Stage3_bsp/\libhal_bsp.a(alt_irq_handler.o)
 .debug_abbrev  0x0000437b       0x44 ../Stage3_bsp/\libhal_bsp.a(alt_irq_vars.o)
 .debug_abbrev  0x000043bf      0x112 ../Stage3_bsp/\libhal_bsp.a(alt_open.o)
 .debug_abbrev  0x000044d1      0x150 ../Stage3_bsp/\libhal_bsp.a(alt_tick.o)
 .debug_abbrev  0x00004621       0x3f ../Stage3_bsp/\libhal_bsp.a(altera_nios2_qsys_irq.o)
 .debug_abbrev  0x00004660       0x12 ../Stage3_bsp/\libhal_bsp.a(alt_exception_entry.o)
 .debug_abbrev  0x00004672       0xcf ../Stage3_bsp/\libhal_bsp.a(alt_find_dev.o)
 .debug_abbrev  0x00004741       0xcf ../Stage3_bsp/\libhal_bsp.a(alt_find_file.o)
 .debug_abbrev  0x00004810       0xfb ../Stage3_bsp/\libhal_bsp.a(alt_get_fd.o)
 .debug_abbrev  0x0000490b       0x7a ../Stage3_bsp/\libhal_bsp.a(alt_icache_flush.o)
 .debug_abbrev  0x00004985       0xb7 c:/altera/12.1/nios2eds/bin/gnu/h-i686-mingw32/bin/../lib/gcc/nios2-elf/4.1.2/../../../../nios2-elf/lib\libc.a(lib_a-atexit.o)
 .debug_abbrev  0x00004a3c      0x16e c:/altera/12.1/nios2eds/bin/gnu/h-i686-mingw32/bin/../lib/gcc/nios2-elf/4.1.2/../../../../nios2-elf/lib\libc.a(lib_a-exit.o)
 .debug_abbrev  0x00004baa       0x7c c:/altera/12.1/nios2eds/bin/gnu/h-i686-mingw32/bin/../lib/gcc/nios2-elf/4.1.2/../../../../nios2-elf/lib\libc.a(lib_a-memcmp.o)
 .debug_abbrev  0x00004c26      0x1ae c:/altera/12.1/nios2eds/bin/gnu/h-i686-mingw32/bin/../lib/gcc/nios2-elf/4.1.2/../../../../nios2-elf/lib\libc.a(lib_a-__atexit.o)
 .debug_abbrev  0x00004dd4      0x1de c:/altera/12.1/nios2eds/bin/gnu/h-i686-mingw32/bin/../lib/gcc/nios2-elf/4.1.2/../../../../nios2-elf/lib\libc.a(lib_a-__call_atexit.o)
 .debug_abbrev  0x00004fb2       0x72 ../Stage3_bsp/\libhal_bsp.a(alt_exit.o)

.debug_line     0x00000000     0xcca9
 *(.debug_line)
 .debug_line    0x00000000       0x6c ../Stage3_bsp//obj/HAL/src/crt0.o
 .debug_line    0x0000006c      0x3cb obj/default/quant.o
 .debug_line    0x00000437      0x1a9 c:/altera/12.1/nios2eds/bin/gnu/h-i686-mingw32/bin/../lib/gcc/nios2-elf/4.1.2/../../../../nios2-elf/lib\libc.a(lib_a-memcpy.o)
 .debug_line    0x000005e0      0x2f1 c:/altera/12.1/nios2eds/bin/gnu/h-i686-mingw32/bin/../lib/gcc/nios2-elf/4.1.2/../../../../nios2-elf/lib\libc.a(lib_a-puts.o)
 .debug_line    0x000008d1      0x264 c:/altera/12.1/nios2eds/bin/gnu/h-i686-mingw32/bin/../lib/gcc/nios2-elf/4.1.2/../../../../nios2-elf/lib\libc.a(lib_a-strlen.o)
 .debug_line    0x00000b35      0x63b c:/altera/12.1/nios2eds/bin/gnu/h-i686-mingw32/bin/../lib/gcc/nios2-elf/4.1.2/../../../../nios2-elf/lib\libc.a(lib_a-fvwrite.o)
 .debug_line    0x00001170      0x224 c:/altera/12.1/nios2eds/bin/gnu/h-i686-mingw32/bin/../lib/gcc/nios2-elf/4.1.2/../../../../nios2-elf/lib\libc.a(lib_a-impure.o)
 .debug_line    0x00001394      0x804 c:/altera/12.1/nios2eds/bin/gnu/h-i686-mingw32/bin/../lib/gcc/nios2-elf/4.1.2/../../../../nios2-elf/lib\libc.a(lib_a-mallocr.o)
 .debug_line    0x00001b98      0x2fa c:/altera/12.1/nios2eds/bin/gnu/h-i686-mingw32/bin/../lib/gcc/nios2-elf/4.1.2/../../../../nios2-elf/lib\libc.a(lib_a-memchr.o)
 .debug_line    0x00001e92      0x301 c:/altera/12.1/nios2eds/bin/gnu/h-i686-mingw32/bin/../lib/gcc/nios2-elf/4.1.2/../../../../nios2-elf/lib\libc.a(lib_a-memmove.o)